Archive member included to satisfy reference by file (symbol)

c:/progra~1/raspbe~1/picosd~1.1/gcc-ar~1/bin/../lib/gcc/arm-none-eabi/10.3.1/thumb/v6-m/nofp\libgcc.a(_dvmd_tls.o)
                              CMakeFiles/lodgenet_gc_adapter_rp2040.dir/C_/Program_Files/Raspberry_Pi/Pico_SDK_v1.5.1/pico-sdk/src/rp2_common/pico_divider/divider.S.obj (__aeabi_idiv0)
c:/progra~1/raspbe~1/picosd~1.1/gcc-ar~1/bin/../lib/gcc/arm-none-eabi/10.3.1/../../../../arm-none-eabi/lib/thumb/v6-m/nofp\libg.a(lib_a-calloc.o)
                              CMakeFiles/lodgenet_gc_adapter_rp2040.dir/C_/Program_Files/Raspberry_Pi/Pico_SDK_v1.5.1/pico-sdk/src/rp2_common/pico_malloc/pico_malloc.c.obj (calloc)
c:/progra~1/raspbe~1/picosd~1.1/gcc-ar~1/bin/../lib/gcc/arm-none-eabi/10.3.1/../../../../arm-none-eabi/lib/thumb/v6-m/nofp\libg.a(lib_a-callocr.o)
                              c:/progra~1/raspbe~1/picosd~1.1/gcc-ar~1/bin/../lib/gcc/arm-none-eabi/10.3.1/../../../../arm-none-eabi/lib/thumb/v6-m/nofp\libg.a(lib_a-calloc.o) (_calloc_r)
c:/progra~1/raspbe~1/picosd~1.1/gcc-ar~1/bin/../lib/gcc/arm-none-eabi/10.3.1/../../../../arm-none-eabi/lib/thumb/v6-m/nofp\libg.a(lib_a-errno.o)
                              c:/progra~1/raspbe~1/picosd~1.1/gcc-ar~1/bin/../lib/gcc/arm-none-eabi/10.3.1/../../../../arm-none-eabi/lib/thumb/v6-m/nofp\libg.a(lib_a-callocr.o) (__errno)
c:/progra~1/raspbe~1/picosd~1.1/gcc-ar~1/bin/../lib/gcc/arm-none-eabi/10.3.1/../../../../arm-none-eabi/lib/thumb/v6-m/nofp\libg.a(lib_a-impure.o)
                              c:/progra~1/raspbe~1/picosd~1.1/gcc-ar~1/bin/../lib/gcc/arm-none-eabi/10.3.1/../../../../arm-none-eabi/lib/thumb/v6-m/nofp\libg.a(lib_a-calloc.o) (_impure_ptr)
c:/progra~1/raspbe~1/picosd~1.1/gcc-ar~1/bin/../lib/gcc/arm-none-eabi/10.3.1/../../../../arm-none-eabi/lib/thumb/v6-m/nofp\libg.a(lib_a-init.o)
                              c:/progra~1/raspbe~1/picosd~1.1/gcc-ar~1/bin/../lib/gcc/arm-none-eabi/10.3.1/../../../../arm-none-eabi/lib/thumb/v6-m/nofp/crt0.o (__libc_init_array)
c:/progra~1/raspbe~1/picosd~1.1/gcc-ar~1/bin/../lib/gcc/arm-none-eabi/10.3.1/../../../../arm-none-eabi/lib/thumb/v6-m/nofp\libg.a(lib_a-malloc.o)
                              CMakeFiles/lodgenet_gc_adapter_rp2040.dir/C_/Program_Files/Raspberry_Pi/Pico_SDK_v1.5.1/pico-sdk/src/rp2_common/pico_malloc/pico_malloc.c.obj (malloc)
c:/progra~1/raspbe~1/picosd~1.1/gcc-ar~1/bin/../lib/gcc/arm-none-eabi/10.3.1/../../../../arm-none-eabi/lib/thumb/v6-m/nofp\libg.a(lib_a-mallocr.o)
                              c:/progra~1/raspbe~1/picosd~1.1/gcc-ar~1/bin/../lib/gcc/arm-none-eabi/10.3.1/../../../../arm-none-eabi/lib/thumb/v6-m/nofp\libg.a(lib_a-callocr.o) (_malloc_r)
c:/progra~1/raspbe~1/picosd~1.1/gcc-ar~1/bin/../lib/gcc/arm-none-eabi/10.3.1/../../../../arm-none-eabi/lib/thumb/v6-m/nofp\libg.a(lib_a-mlock.o)
                              c:/progra~1/raspbe~1/picosd~1.1/gcc-ar~1/bin/../lib/gcc/arm-none-eabi/10.3.1/../../../../arm-none-eabi/lib/thumb/v6-m/nofp\libg.a(lib_a-mallocr.o) (__malloc_lock)
c:/progra~1/raspbe~1/picosd~1.1/gcc-ar~1/bin/../lib/gcc/arm-none-eabi/10.3.1/../../../../arm-none-eabi/lib/thumb/v6-m/nofp\libg.a(lib_a-realloc.o)
                              CMakeFiles/lodgenet_gc_adapter_rp2040.dir/C_/Program_Files/Raspberry_Pi/Pico_SDK_v1.5.1/pico-sdk/src/rp2_common/pico_malloc/pico_malloc.c.obj (realloc)
c:/progra~1/raspbe~1/picosd~1.1/gcc-ar~1/bin/../lib/gcc/arm-none-eabi/10.3.1/../../../../arm-none-eabi/lib/thumb/v6-m/nofp\libg.a(lib_a-reallocr.o)
                              c:/progra~1/raspbe~1/picosd~1.1/gcc-ar~1/bin/../lib/gcc/arm-none-eabi/10.3.1/../../../../arm-none-eabi/lib/thumb/v6-m/nofp\libg.a(lib_a-realloc.o) (_realloc_r)
c:/progra~1/raspbe~1/picosd~1.1/gcc-ar~1/bin/../lib/gcc/arm-none-eabi/10.3.1/../../../../arm-none-eabi/lib/thumb/v6-m/nofp\libg.a(lib_a-sbrkr.o)
                              c:/progra~1/raspbe~1/picosd~1.1/gcc-ar~1/bin/../lib/gcc/arm-none-eabi/10.3.1/../../../../arm-none-eabi/lib/thumb/v6-m/nofp\libg.a(lib_a-mallocr.o) (_sbrk_r)
c:/progra~1/raspbe~1/picosd~1.1/gcc-ar~1/bin/../lib/gcc/arm-none-eabi/10.3.1/../../../../arm-none-eabi/lib/thumb/v6-m/nofp\libg.a(lib_a-strlen-stub.o)
                              CMakeFiles/lodgenet_gc_adapter_rp2040.dir/common/adapter_tusb.c.obj (strlen)
c:/progra~1/raspbe~1/picosd~1.1/gcc-ar~1/bin/../lib/gcc/arm-none-eabi/10.3.1/../../../../arm-none-eabi/lib/thumb/v6-m/nofp\libg.a(lib_a-freer.o)
                              c:/progra~1/raspbe~1/picosd~1.1/gcc-ar~1/bin/../lib/gcc/arm-none-eabi/10.3.1/../../../../arm-none-eabi/lib/thumb/v6-m/nofp\libg.a(lib_a-malloc.o) (_free_r)
c:/progra~1/raspbe~1/picosd~1.1/gcc-ar~1/bin/../lib/gcc/arm-none-eabi/10.3.1/../../../../arm-none-eabi/lib/thumb/v6-m/nofp\libg.a(lib_a-lock.o)
                              c:/progra~1/raspbe~1/picosd~1.1/gcc-ar~1/bin/../lib/gcc/arm-none-eabi/10.3.1/../../../../arm-none-eabi/lib/thumb/v6-m/nofp\libg.a(lib_a-mlock.o) (__retarget_lock_acquire_recursive)
[...]
Memory Configuration

Name             Origin             Length             Attributes
FLASH            0x10000000         0x00200000         xr
RAM              0x20000000         0x00040000         xrw
SCRATCH_X        0x20040000         0x00001000         xrw
SCRATCH_Y        0x20041000         0x00001000         xrw
*default*        0x00000000         0xffffffff

Linker script and memory map

LOAD c:/progra~1/raspbe~1/picosd~1.1/gcc-ar~1/bin/../lib/gcc/arm-none-eabi/10.3.1/thumb/v6-m/nofp/crti.o
LOAD c:/progra~1/raspbe~1/picosd~1.1/gcc-ar~1/bin/../lib/gcc/arm-none-eabi/10.3.1/thumb/v6-m/nofp/crtbegin.o
LOAD c:/progra~1/raspbe~1/picosd~1.1/gcc-ar~1/bin/../lib/gcc/arm-none-eabi/10.3.1/../../../../arm-none-eabi/lib/thumb/v6-m/nofp/crt0.o

.flash_begin    0x10000000        0x0
                0x10000000                __flash_binary_start = .

.boot2          0x10000000      0x100
                0x10000000                __boot2_start__ = .
 *(.boot2)
 .boot2         0x10000000      0x100 C:\Users\Mitch\AppData\Local\Temp\ccaYi6EM.o
                0x10000100                __boot2_end__ = .
                0x00000001                ASSERT (((__boot2_end__ - __boot2_start__) == 0x100), ERROR: Pico second stage bootloader must be 256 bytes in size)

.text           0x10000100     0x9a30
                0x10000100                __logical_binary_start = .
 *(.vectors)
 .vectors       0x10000100       0xd4 CMakeFiles/lodgenet_gc_adapter_rp2040.dir/C_/Program_Files/Raspberry_Pi/Pico_SDK_v1.5.1/pico-sdk/src/rp2_common/pico_standard_link/crt0.S.obj
                0x10000100                __VECTOR_TABLE
                0x10000100                __vectors
                0x100001c0                isr_invalid
                0x100001c0                __default_isrs_start
                0x100001c2                isr_nmi
                0x100001c4                isr_hardfault
                0x100001c6                isr_svcall
                0x100001c8                isr_pendsv
                0x100001ca                isr_systick
                0x100001cc                isr_irq23
                0x100001cc                isr_irq18
                0x100001cc                isr_irq11
                0x100001cc                isr_irq28
                0x100001cc                isr_irq19
                0x100001cc                isr_irq0
                0x100001cc                isr_irq6
                0x100001cc                isr_irq5
                0x100001cc                isr_irq12
                0x100001cc                isr_irq22
                0x100001cc                isr_irq31
                0x100001cc                isr_irq17
                0x100001cc                isr_irq27
                0x100001cc                isr_irq30
                0x100001cc                isr_irq2
                0x100001cc                isr_irq10
                0x100001cc                isr_irq8
                0x100001cc                isr_irq24
                0x100001cc                isr_irq1
                0x100001cc                isr_irq7
                0x100001cc                isr_irq21
                0x100001cc                isr_irq20
                0x100001cc                isr_irq15
                0x100001cc                isr_irq25
                0x100001cc                isr_irq13
                0x100001cc                __unhandled_user_irq
                0x100001cc                isr_irq4
                0x100001cc                isr_irq16
                0x100001cc                isr_irq29
                0x100001cc                isr_irq26
                0x100001cc                __default_isrs_end
                0x100001cc                isr_irq3
                0x100001cc                isr_irq14
                0x100001cc                isr_irq9
                0x100001d2                unhandled_user_irq_num_in_r0
 *(.binary_info_header)
 .binary_info_header
                0x100001d4       0x14 CMakeFiles/lodgenet_gc_adapter_rp2040.dir/C_/Program_Files/Raspberry_Pi/Pico_SDK_v1.5.1/pico-sdk/src/rp2_common/pico_standard_link/crt0.S.obj
                0x100001e8                __binary_info_header_end = .
 *(.reset)
 .reset         0x100001e8       0xa0 CMakeFiles/lodgenet_gc_adapter_rp2040.dir/C_/Program_Files/Raspberry_Pi/Pico_SDK_v1.5.1/pico-sdk/src/rp2_common/pico_standard_link/crt0.S.obj
                0x100001e8                _entry_point
 .reset         0x10000288       0x30 CMakeFiles/lodgenet_gc_adapter_rp2040.dir/C_/Program_Files/Raspberry_Pi/Pico_SDK_v1.5.1/pico-sdk/src/rp2_common/pico_standard_link/binary_info.c.obj
 *(.init)
 .init          0x100002b8        0x4 c:/progra~1/raspbe~1/picosd~1.1/gcc-ar~1/bin/../lib/gcc/arm-none-eabi/10.3.1/thumb/v6-m/nofp/crti.o
                0x100002b8                _init
 *(EXCLUDE_FILE(*libm.a: *libc.a:*lib_a-mem*.o *libgcc.a:) .text*)
 .text          0x100002bc       0x48 c:/progra~1/raspbe~1/picosd~1.1/gcc-ar~1/bin/../lib/gcc/arm-none-eabi/10.3.1/thumb/v6-m/nofp/crtbegin.o
 .text.cb_adapter_hardware_test
                0x10000304        0x4 CMakeFiles/lodgenet_gc_adapter_rp2040.dir/main.c.obj
                0x10000304                cb_adapter_hardware_test
 .text.joybus_itf_poll
                0x10000308      0x24c CMakeFiles/lodgenet_gc_adapter_rp2040.dir/main.c.obj
                0x10000308                joybus_itf_poll
 .text.joybus_itf_enable_rumble
                0x10000554        0x2 CMakeFiles/lodgenet_gc_adapter_rp2040.dir/main.c.obj
                0x10000554                joybus_itf_enable_rumble
 .text.rgb_itf_update
                0x10000556        0x2 CMakeFiles/lodgenet_gc_adapter_rp2040.dir/main.c.obj
                0x10000556                rgb_itf_update
 .text.joybus_itf_init
                0x10000558       0x3e CMakeFiles/lodgenet_gc_adapter_rp2040.dir/main.c.obj
                0x10000558                joybus_itf_init
 .text.rgb_itf_init
                0x10000596       0x20 CMakeFiles/lodgenet_gc_adapter_rp2040.dir/main.c.obj
                0x10000596                rgb_itf_init
 .text.main     0x100005b6        0xc CMakeFiles/lodgenet_gc_adapter_rp2040.dir/main.c.obj
                0x100005b6                main
 *fill*         0x100005c2        0x2 
 .text._rgb_update_all
                0x100005c4       0x10 CMakeFiles/lodgenet_gc_adapter_rp2040.dir/common/utilities/rgb.c.obj
                0x100005c4                _rgb_update_all
 .text._rgb_blend
                0x100005d4       0xac CMakeFiles/lodgenet_gc_adapter_rp2040.dir/common/utilities/rgb.c.obj
                0x100005d4                _rgb_blend
 .text._rgb_animate_step
                0x10000680       0x90 CMakeFiles/lodgenet_gc_adapter_rp2040.dir/common/utilities/rgb.c.obj
                0x10000680                _rgb_animate_step
 .text.rgb_set_dirty
                0x10000710        0xc CMakeFiles/lodgenet_gc_adapter_rp2040.dir/common/utilities/rgb.c.obj
                0x10000710                rgb_set_dirty
 .text.rgb_set_all
                0x1000071c       0x18 CMakeFiles/lodgenet_gc_adapter_rp2040.dir/common/utilities/rgb.c.obj
                0x1000071c                rgb_set_all
 .text.rgb_set_single
                0x10000734        0xc CMakeFiles/lodgenet_gc_adapter_rp2040.dir/common/utilities/rgb.c.obj
                0x10000734                rgb_set_single
 .text.rgb_init
                0x10000740        0x8 CMakeFiles/lodgenet_gc_adapter_rp2040.dir/common/utilities/rgb.c.obj
                0x10000740                rgb_init
 .text.rgb_task
                0x10000748       0x20 CMakeFiles/lodgenet_gc_adapter_rp2040.dir/common/utilities/rgb.c.obj
                0x10000748                rgb_task
 .text.joybus_init
                0x10000768        0x8 CMakeFiles/lodgenet_gc_adapter_rp2040.dir/common/utilities/joybus.c.obj
                0x10000768                joybus_init
 .text.interval_run
                0x10000770       0x26 CMakeFiles/lodgenet_gc_adapter_rp2040.dir/common/utilities/interval.c.obj
                0x10000770                interval_run
 .text.interval_resettable_run
                0x10000796       0x3a CMakeFiles/lodgenet_gc_adapter_rp2040.dir/common/utilities/interval.c.obj
                0x10000796                interval_resettable_run
 .text.adapter_ll_write_settings_to_memory
                0x100007d0       0x14 CMakeFiles/lodgenet_gc_adapter_rp2040.dir/common/ll/adapter_ll_rp2040.c.obj
                0x100007d0                adapter_ll_write_settings_to_memory
 .text.adapter_ll_load_settings_from_memory
                0x100007e4       0x10 CMakeFiles/lodgenet_gc_adapter_rp2040.dir/common/ll/adapter_ll_rp2040.c.obj
                0x100007e4                adapter_ll_load_settings_from_memory
 .text.adapter_ll_save_check
                0x100007f4       0x74 CMakeFiles/lodgenet_gc_adapter_rp2040.dir/common/ll/adapter_ll_rp2040.c.obj
                0x100007f4                adapter_ll_save_check
 .text.adapter_ll_generate_random_8
                0x10000868        0xa CMakeFiles/lodgenet_gc_adapter_rp2040.dir/common/ll/adapter_ll_rp2040.c.obj
                0x10000868                adapter_ll_generate_random_8
 *fill*         0x10000872        0x2 
 .text._scratch_get
                0x10000874       0x18 CMakeFiles/lodgenet_gc_adapter_rp2040.dir/common/ll/adapter_ll_rp2040.c.obj
                0x10000874                _scratch_get
 .text.adapter_ll_get_reboot_memory
                0x1000088c        0xe CMakeFiles/lodgenet_gc_adapter_rp2040.dir/common/ll/adapter_ll_rp2040.c.obj
                0x1000088c                adapter_ll_get_reboot_memory
 *fill*         0x1000089a        0x2 
 .text.adapter_ll_reboot_bootloader
                0x1000089c       0x14 CMakeFiles/lodgenet_gc_adapter_rp2040.dir/common/ll/adapter_ll_rp2040.c.obj
                0x1000089c                adapter_ll_reboot_bootloader
 .text.adapter_ll_hardware_setup
                0x100008b0        0x8 CMakeFiles/lodgenet_gc_adapter_rp2040.dir/common/ll/adapter_ll_rp2040.c.obj
                0x100008b0                adapter_ll_hardware_setup
 .text.adapter_ll_get_timestamp_us
                0x100008b8        0xc CMakeFiles/lodgenet_gc_adapter_rp2040.dir/common/ll/adapter_ll_rp2040.c.obj
                0x100008b8                adapter_ll_get_timestamp_us
 .text.adapter_ll_usb_task_start
                0x100008c4        0x2 CMakeFiles/lodgenet_gc_adapter_rp2040.dir/common/ll/adapter_ll_rp2040.c.obj
                0x100008c4                adapter_ll_usb_task_start
 *fill*         0x100008c6        0x2 
 .text.adapter_ll_usb_set_clear
                0x100008c8       0x58 CMakeFiles/lodgenet_gc_adapter_rp2040.dir/common/ll/adapter_ll_rp2040.c.obj
                0x100008c8                adapter_ll_usb_set_clear
 .text.adapter_ll_usb_unset_clear
                0x10000920       0x20 CMakeFiles/lodgenet_gc_adapter_rp2040.dir/common/ll/adapter_ll_rp2040.c.obj
                0x10000920                adapter_ll_usb_unset_clear
 .text.adapter_ll_usb_get_clear
                0x10000940        0xc CMakeFiles/lodgenet_gc_adapter_rp2040.dir/common/ll/adapter_ll_rp2040.c.obj
                0x10000940                adapter_ll_usb_get_clear
 .text.tud_descriptor_bos_cb
                0x1000094c        0x8 CMakeFiles/lodgenet_gc_adapter_rp2040.dir/common/usb/desc_bos.c.obj
                0x1000094c                tud_descriptor_bos_cb
 .text.adapter_usb_is_clear
                0x10000954       0x38 CMakeFiles/lodgenet_gc_adapter_rp2040.dir/common/adapter.c.obj
                0x10000954                adapter_usb_is_clear
 .text.adapter_usb_set_clear
                0x1000098c       0x14 CMakeFiles/lodgenet_gc_adapter_rp2040.dir/common/adapter.c.obj
                0x1000098c                adapter_usb_set_clear
 .text.adapter_usb_unset_clear
                0x100009a0       0x10 CMakeFiles/lodgenet_gc_adapter_rp2040.dir/common/adapter.c.obj
                0x100009a0                adapter_usb_unset_clear
 .text.adapter_set_interval
                0x100009b0       0x58 CMakeFiles/lodgenet_gc_adapter_rp2040.dir/common/adapter.c.obj
                0x100009b0                adapter_set_interval
 .text.adapter_mode_cycle_task
                0x10000a08       0x14 CMakeFiles/lodgenet_gc_adapter_rp2040.dir/common/adapter.c.obj
                0x10000a08                adapter_mode_cycle_task
 .text.adapter_get_current_mode
                0x10000a1c        0xc CMakeFiles/lodgenet_gc_adapter_rp2040.dir/common/adapter.c.obj
                0x10000a1c                adapter_get_current_mode
 .text.adapter_usb_start
                0x10000a28       0xa8 CMakeFiles/lodgenet_gc_adapter_rp2040.dir/common/adapter.c.obj
                0x10000a28                adapter_usb_start
 .text.adapter_usb_report
                0x10000ad0       0x14 CMakeFiles/lodgenet_gc_adapter_rp2040.dir/common/adapter.c.obj
                0x10000ad0                adapter_usb_report
 .text.adapter_usb_idle
                0x10000ae4       0x14 CMakeFiles/lodgenet_gc_adapter_rp2040.dir/common/adapter.c.obj
                0x10000ae4                adapter_usb_idle
 .text.adapter_port_status_led
                0x10000af8       0x60 CMakeFiles/lodgenet_gc_adapter_rp2040.dir/common/adapter.c.obj
                0x10000af8                adapter_port_status_led
 .text.adapter_comms_task
                0x10000b58       0xb8 CMakeFiles/lodgenet_gc_adapter_rp2040.dir/common/adapter.c.obj
                0x10000b58                adapter_comms_task
 .text.adapter_main_init
                0x10000c10       0xc8 CMakeFiles/lodgenet_gc_adapter_rp2040.dir/common/adapter.c.obj
                0x10000c10                adapter_main_init
 .text.adapter_main_loop
                0x10000cd8       0x20 CMakeFiles/lodgenet_gc_adapter_rp2040.dir/common/adapter.c.obj
                0x10000cd8                adapter_main_loop
 .text.tud_suspend_cb
                0x10000cf8        0x2 CMakeFiles/lodgenet_gc_adapter_rp2040.dir/common/adapter_tusb.c.obj
                0x10000cf8                tud_suspend_cb
 *fill*         0x10000cfa        0x2 
 .text.tud_descriptor_device_cb
                0x10000cfc       0x34 CMakeFiles/lodgenet_gc_adapter_rp2040.dir/common/adapter_tusb.c.obj
                0x10000cfc                tud_descriptor_device_cb
 .text.tud_descriptor_configuration_cb
                0x10000d30       0x34 CMakeFiles/lodgenet_gc_adapter_rp2040.dir/common/adapter_tusb.c.obj
                0x10000d30                tud_descriptor_configuration_cb
 .text.tud_hid_get_report_cb
                0x10000d64        0x4 CMakeFiles/lodgenet_gc_adapter_rp2040.dir/common/adapter_tusb.c.obj
                0x10000d64                tud_hid_get_report_cb
 .text.tud_hid_report_complete_cb
                0x10000d68       0x58 CMakeFiles/lodgenet_gc_adapter_rp2040.dir/common/adapter_tusb.c.obj
                0x10000d68                tud_hid_report_complete_cb
 .text.tud_hid_set_report_cb
                0x10000dc0       0xca CMakeFiles/lodgenet_gc_adapter_rp2040.dir/common/adapter_tusb.c.obj
                0x10000dc0                tud_hid_set_report_cb
 *fill*         0x10000e8a        0x2 
 .text.tud_hid_descriptor_report_cb
                0x10000e8c       0x28 CMakeFiles/lodgenet_gc_adapter_rp2040.dir/common/adapter_tusb.c.obj
                0x10000e8c                tud_hid_descriptor_report_cb
 .text.usbd_app_driver_get_cb
                0x10000eb4       0x20 CMakeFiles/lodgenet_gc_adapter_rp2040.dir/common/adapter_tusb.c.obj
                0x10000eb4                usbd_app_driver_get_cb
 .text.tud_descriptor_string_cb
                0x10000ed4       0x9c CMakeFiles/lodgenet_gc_adapter_rp2040.dir/common/adapter_tusb.c.obj
                0x10000ed4                tud_descriptor_string_cb
 .text.tud_vendor_rx_cb
                0x10000f70       0x34 CMakeFiles/lodgenet_gc_adapter_rp2040.dir/common/adapter_tusb.c.obj
                0x10000f70                tud_vendor_rx_cb
 .text.tud_vendor_control_xfer_cb
                0x10000fa4       0xd0 CMakeFiles/lodgenet_gc_adapter_rp2040.dir/common/adapter_tusb.c.obj
                0x10000fa4                tud_vendor_control_xfer_cb
 .text._generate_mac
                0x10001074       0x30 CMakeFiles/lodgenet_gc_adapter_rp2040.dir/common/adapter_settings.c.obj
                0x10001074                _generate_mac
 .text.settings_save
                0x100010a4       0x10 CMakeFiles/lodgenet_gc_adapter_rp2040.dir/common/adapter_settings.c.obj
                0x100010a4                settings_save
 .text.settings_reset_to_default
                0x100010b4       0x38 CMakeFiles/lodgenet_gc_adapter_rp2040.dir/common/adapter_settings.c.obj
                0x100010b4                settings_reset_to_default
 .text.settings_load
                0x100010ec       0x2c CMakeFiles/lodgenet_gc_adapter_rp2040.dir/common/adapter_settings.c.obj
                0x100010ec                settings_load
 .text.xinputd_control_xfer_cb
                0x10001118        0x4 CMakeFiles/lodgenet_gc_adapter_rp2040.dir/common/usb/xinput_driver.c.obj
                0x10001118                xinputd_control_xfer_cb
 .text.xinputd_reset
                0x1000111c       0x14 CMakeFiles/lodgenet_gc_adapter_rp2040.dir/common/usb/xinput_driver.c.obj
                0x1000111c                xinputd_reset
 .text.xinputd_init
                0x10001130        0xa CMakeFiles/lodgenet_gc_adapter_rp2040.dir/common/usb/xinput_driver.c.obj
                0x10001130                xinputd_init
 *fill*         0x1000113a        0x2 
 .text.xinputd_open
                0x1000113c       0x9c CMakeFiles/lodgenet_gc_adapter_rp2040.dir/common/usb/xinput_driver.c.obj
                0x1000113c                xinputd_open
 .text.xinputd_xfer_cb
                0x100011d8       0xc0 CMakeFiles/lodgenet_gc_adapter_rp2040.dir/common/usb/xinput_driver.c.obj
                0x100011d8                xinputd_xfer_cb
 .text.tud_xinput_n_getout
                0x10001298       0x6c CMakeFiles/lodgenet_gc_adapter_rp2040.dir/common/usb/xinput_driver.c.obj
                0x10001298                tud_xinput_n_getout
 .text.tud_xinput_n_report
                0x10001304       0x78 CMakeFiles/lodgenet_gc_adapter_rp2040.dir/common/usb/xinput_driver.c.obj
                0x10001304                tud_xinput_n_report
 .text.tud_xinput_n_ready
                0x1000137c       0x54 CMakeFiles/lodgenet_gc_adapter_rp2040.dir/common/usb/xinput_driver.c.obj
                0x1000137c                tud_xinput_n_ready
 .text.ginputd_reset
                0x100013d0       0x14 CMakeFiles/lodgenet_gc_adapter_rp2040.dir/common/usb/ginput_driver.c.obj
                0x100013d0                ginputd_reset
 .text.ginputd_init
                0x100013e4        0xa CMakeFiles/lodgenet_gc_adapter_rp2040.dir/common/usb/ginput_driver.c.obj
                0x100013e4                ginputd_init
 *fill*         0x100013ee        0x2 
 .text.ginputd_open
                0x100013f0       0xcc CMakeFiles/lodgenet_gc_adapter_rp2040.dir/common/usb/ginput_driver.c.obj
                0x100013f0                ginputd_open
 .text.ginputd_xfer_cb
                0x100014bc       0x84 CMakeFiles/lodgenet_gc_adapter_rp2040.dir/common/usb/ginput_driver.c.obj
                0x100014bc                ginputd_xfer_cb
 .text.ginputd_control_xfer_cb
                0x10001540      0x28c CMakeFiles/lodgenet_gc_adapter_rp2040.dir/common/usb/ginput_driver.c.obj
                0x10001540                ginputd_control_xfer_cb
 .text.tud_ginput_n_ready
                0x100017cc       0x50 CMakeFiles/lodgenet_gc_adapter_rp2040.dir/common/usb/ginput_driver.c.obj
                0x100017cc                tud_ginput_n_ready
 .text.tud_ginput_ready
                0x1000181c        0xa CMakeFiles/lodgenet_gc_adapter_rp2040.dir/common/usb/ginput_driver.c.obj
                0x1000181c                tud_ginput_ready
 *fill*         0x10001826        0x2 
 .text.tud_ginput_n_report
                0x10001828       0x94 CMakeFiles/lodgenet_gc_adapter_rp2040.dir/common/usb/ginput_driver.c.obj
                0x10001828                tud_ginput_n_report
 .text.tud_ginput_report
                0x100018bc       0x10 CMakeFiles/lodgenet_gc_adapter_rp2040.dir/common/usb/ginput_driver.c.obj
                0x100018bc                tud_ginput_report
 .text.switch_analog_encode
                0x100018cc       0x16 CMakeFiles/lodgenet_gc_adapter_rp2040.dir/common/switch/switch_analog.c.obj
                0x100018cc                switch_analog_encode
 *fill*         0x100018e2        0x2 
 .text.switch_analog_calibration_init
                0x100018e4       0x50 CMakeFiles/lodgenet_gc_adapter_rp2040.dir/common/switch/switch_analog.c.obj
                0x100018e4                switch_analog_calibration_init
 .text.clear_report
                0x10001934       0x18 CMakeFiles/lodgenet_gc_adapter_rp2040.dir/common/switch/switch_commands.c.obj
                0x10001934                clear_report
 .text.set_report_id
                0x1000194c        0xc CMakeFiles/lodgenet_gc_adapter_rp2040.dir/common/switch/switch_commands.c.obj
                0x1000194c                set_report_id
 .text.set_ack  0x10001958       0x10 CMakeFiles/lodgenet_gc_adapter_rp2040.dir/common/switch/switch_commands.c.obj
                0x10001958                set_ack
 .text.set_command
                0x10001968       0x10 CMakeFiles/lodgenet_gc_adapter_rp2040.dir/common/switch/switch_commands.c.obj
                0x10001968                set_command
 .text.set_timer
                0x10001978       0x2c CMakeFiles/lodgenet_gc_adapter_rp2040.dir/common/switch/switch_commands.c.obj
                0x10001978                set_timer
 .text.set_battconn
                0x100019a4       0x10 CMakeFiles/lodgenet_gc_adapter_rp2040.dir/common/switch/switch_commands.c.obj
                0x100019a4                set_battconn
 .text.set_devinfo
                0x100019b4       0x20 CMakeFiles/lodgenet_gc_adapter_rp2040.dir/common/switch/switch_commands.c.obj
                0x100019b4                set_devinfo
 .text.set_sub_triggertime
                0x100019d4       0x2c CMakeFiles/lodgenet_gc_adapter_rp2040.dir/common/switch/switch_commands.c.obj
                0x100019d4                set_sub_triggertime
 .text.shouldControllerRumble
                0x10001a00       0x36 CMakeFiles/lodgenet_gc_adapter_rp2040.dir/common/switch/switch_commands.c.obj
                0x10001a00                shouldControllerRumble
 .text.rumble_translate
                0x10001a36       0x14 CMakeFiles/lodgenet_gc_adapter_rp2040.dir/common/switch/switch_commands.c.obj
                0x10001a36                rumble_translate
 *fill*         0x10001a4a        0x2 
 .text.info_set_mac
                0x10001a4c       0x40 CMakeFiles/lodgenet_gc_adapter_rp2040.dir/common/switch/switch_commands.c.obj
                0x10001a4c                info_set_mac
 .text.info_handler
                0x10001a8c       0x58 CMakeFiles/lodgenet_gc_adapter_rp2040.dir/common/switch/switch_commands.c.obj
                0x10001a8c                info_handler
 .text.pairing_set
                0x10001ae4       0x9c CMakeFiles/lodgenet_gc_adapter_rp2040.dir/common/switch/switch_commands.c.obj
                0x10001ae4                pairing_set
 .text.command_handler
                0x10001b80      0x23c CMakeFiles/lodgenet_gc_adapter_rp2040.dir/common/switch/switch_commands.c.obj
                0x10001b80                command_handler
 .text.report_handler
                0x10001dbc       0x44 CMakeFiles/lodgenet_gc_adapter_rp2040.dir/common/switch/switch_commands.c.obj
                0x10001dbc                report_handler
 .text._unknown_thing
                0x10001e00       0x2c CMakeFiles/lodgenet_gc_adapter_rp2040.dir/common/switch/switch_commands.c.obj
                0x10001e00                _unknown_thing
 .text.switch_commands_process
                0x10001e2c       0xc0 CMakeFiles/lodgenet_gc_adapter_rp2040.dir/common/switch/switch_commands.c.obj
                0x10001e2c                switch_commands_process
 .text.switch_commands_future_handle
                0x10001eec       0x34 CMakeFiles/lodgenet_gc_adapter_rp2040.dir/common/switch/switch_commands.c.obj
                0x10001eec                switch_commands_future_handle
 .text.switch_commands_bulkset
                0x10001f20       0x1c CMakeFiles/lodgenet_gc_adapter_rp2040.dir/common/switch/switch_commands.c.obj
                0x10001f20                switch_commands_bulkset
 .text.sw_spi_getaddressdata
                0x10001f3c      0x168 CMakeFiles/lodgenet_gc_adapter_rp2040.dir/common/switch/switch_spi.c.obj
                0x10001f3c                sw_spi_getaddressdata
 .text.sw_spi_readfromaddress
                0x100020a4       0x5c CMakeFiles/lodgenet_gc_adapter_rp2040.dir/common/switch/switch_spi.c.obj
                0x100020a4                sw_spi_readfromaddress
 .text.gcinput_hid_idle
                0x10002100       0x1c CMakeFiles/lodgenet_gc_adapter_rp2040.dir/common/devices/gcinput.c.obj
                0x10002100                gcinput_hid_idle
 .text.gcinput_hid_report
                0x1000211c      0x228 CMakeFiles/lodgenet_gc_adapter_rp2040.dir/common/devices/gcinput.c.obj
                0x1000211c                gcinput_hid_report
 .text.swpro_hid_idle
                0x10002344       0x1c CMakeFiles/lodgenet_gc_adapter_rp2040.dir/common/devices/swpro.c.obj
                0x10002344                swpro_hid_idle
 .text.swpro_hid_report
                0x10002360      0x300 CMakeFiles/lodgenet_gc_adapter_rp2040.dir/common/devices/swpro.c.obj
                0x10002360                swpro_hid_report
 .text.webusb_set_indicate
                0x10002660        0xc CMakeFiles/lodgenet_gc_adapter_rp2040.dir/common/devices/webusb.c.obj
                0x10002660                webusb_set_indicate
 .text.webusb_save_confirm
                0x1000266c       0x48 CMakeFiles/lodgenet_gc_adapter_rp2040.dir/common/devices/webusb.c.obj
                0x1000266c                webusb_save_confirm
 .text.webusb_command_processor
                0x100026b4       0x50 CMakeFiles/lodgenet_gc_adapter_rp2040.dir/common/devices/webusb.c.obj
                0x100026b4                webusb_command_processor
 .text.sign_axis
                0x10002704       0x60 CMakeFiles/lodgenet_gc_adapter_rp2040.dir/common/devices/xinput.c.obj
                0x10002704                sign_axis
 .text.xinput_hid_idle
                0x10002764       0x1c CMakeFiles/lodgenet_gc_adapter_rp2040.dir/common/devices/xinput.c.obj
                0x10002764                xinput_hid_idle
 .text.xinput_hid_report
                0x10002780      0x154 CMakeFiles/lodgenet_gc_adapter_rp2040.dir/common/devices/xinput.c.obj
                0x10002780                xinput_hid_report
 .text.gpio_set_function
                0x100028d4       0x30 CMakeFiles/lodgenet_gc_adapter_rp2040.dir/C_/Program_Files/Raspberry_Pi/Pico_SDK_v1.5.1/pico-sdk/src/rp2_common/hardware_gpio/gpio.c.obj
                0x100028d4                gpio_set_function
 .text.gpio_set_pulls
                0x10002904       0x34 CMakeFiles/lodgenet_gc_adapter_rp2040.dir/C_/Program_Files/Raspberry_Pi/Pico_SDK_v1.5.1/pico-sdk/src/rp2_common/hardware_gpio/gpio.c.obj
                0x10002904                gpio_set_pulls
 .text.gpio_set_drive_strength
                0x10002938       0x20 CMakeFiles/lodgenet_gc_adapter_rp2040.dir/C_/Program_Files/Raspberry_Pi/Pico_SDK_v1.5.1/pico-sdk/src/rp2_common/hardware_gpio/gpio.c.obj
                0x10002938                gpio_set_drive_strength
 .text.gpio_init
                0x10002958       0x16 CMakeFiles/lodgenet_gc_adapter_rp2040.dir/C_/Program_Files/Raspberry_Pi/Pico_SDK_v1.5.1/pico-sdk/src/rp2_common/hardware_gpio/gpio.c.obj
                0x10002958                gpio_init
 *fill*         0x1000296e        0x2 
 .text.running_on_fpga
                0x10002970       0x14 CMakeFiles/lodgenet_gc_adapter_rp2040.dir/C_/Program_Files/Raspberry_Pi/Pico_SDK_v1.5.1/pico-sdk/src/rp2_common/pico_platform/platform.c.obj
                0x10002970                running_on_fpga
 .text.hw_claim_lock
                0x10002984       0x18 CMakeFiles/lodgenet_gc_adapter_rp2040.dir/C_/Program_Files/Raspberry_Pi/Pico_SDK_v1.5.1/pico-sdk/src/rp2_common/hardware_claim/claim.c.obj
                0x10002984                hw_claim_lock
 .text.hw_claim_unlock
                0x1000299c       0x14 CMakeFiles/lodgenet_gc_adapter_rp2040.dir/C_/Program_Files/Raspberry_Pi/Pico_SDK_v1.5.1/pico-sdk/src/rp2_common/hardware_claim/claim.c.obj
                0x1000299c                hw_claim_unlock
 .text.hw_claim_or_assert
                0x100029b0       0x32 CMakeFiles/lodgenet_gc_adapter_rp2040.dir/C_/Program_Files/Raspberry_Pi/Pico_SDK_v1.5.1/pico-sdk/src/rp2_common/hardware_claim/claim.c.obj
                0x100029b0                hw_claim_or_assert
 .text.hw_claim_unused_from_range
                0x100029e2       0x50 CMakeFiles/lodgenet_gc_adapter_rp2040.dir/C_/Program_Files/Raspberry_Pi/Pico_SDK_v1.5.1/pico-sdk/src/rp2_common/hardware_claim/claim.c.obj
                0x100029e2                hw_claim_unused_from_range
 *fill*         0x10002a32        0x2 
 .text.spin_locks_reset
                0x10002a34       0x20 CMakeFiles/lodgenet_gc_adapter_rp2040.dir/C_/Program_Files/Raspberry_Pi/Pico_SDK_v1.5.1/pico-sdk/src/rp2_common/hardware_sync/sync.c.obj
                0x10002a34                spin_locks_reset
 .text.next_striped_spin_lock_num
                0x10002a54       0x1c CMakeFiles/lodgenet_gc_adapter_rp2040.dir/C_/Program_Files/Raspberry_Pi/Pico_SDK_v1.5.1/pico-sdk/src/rp2_common/hardware_sync/sync.c.obj
                0x10002a54                next_striped_spin_lock_num
 .text.spin_lock_claim_unused
                0x10002a70       0x20 CMakeFiles/lodgenet_gc_adapter_rp2040.dir/C_/Program_Files/Raspberry_Pi/Pico_SDK_v1.5.1/pico-sdk/src/rp2_common/hardware_sync/sync.c.obj
                0x10002a70                spin_lock_claim_unused
 .text.set_raw_irq_handler_and_unlock
                0x10002a90       0x28 CMakeFiles/lodgenet_gc_adapter_rp2040.dir/C_/Program_Files/Raspberry_Pi/Pico_SDK_v1.5.1/pico-sdk/src/rp2_common/hardware_irq/irq.c.obj
 .text.make_branch
                0x10002ab8       0x48 CMakeFiles/lodgenet_gc_adapter_rp2040.dir/C_/Program_Files/Raspberry_Pi/Pico_SDK_v1.5.1/pico-sdk/src/rp2_common/hardware_irq/irq.c.obj
 .text.insert_branch_and_link
                0x10002b00       0x40 CMakeFiles/lodgenet_gc_adapter_rp2040.dir/C_/Program_Files/Raspberry_Pi/Pico_SDK_v1.5.1/pico-sdk/src/rp2_common/hardware_irq/irq.c.obj
 .text.irq_is_enabled
                0x10002b40       0x18 CMakeFiles/lodgenet_gc_adapter_rp2040.dir/C_/Program_Files/Raspberry_Pi/Pico_SDK_v1.5.1/pico-sdk/src/rp2_common/hardware_irq/irq.c.obj
                0x10002b40                irq_is_enabled
 .text.irq_set_mask_enabled
                0x10002b58       0x20 CMakeFiles/lodgenet_gc_adapter_rp2040.dir/C_/Program_Files/Raspberry_Pi/Pico_SDK_v1.5.1/pico-sdk/src/rp2_common/hardware_irq/irq.c.obj
                0x10002b58                irq_set_mask_enabled
 .text.irq_set_enabled
                0x10002b78        0xe CMakeFiles/lodgenet_gc_adapter_rp2040.dir/C_/Program_Files/Raspberry_Pi/Pico_SDK_v1.5.1/pico-sdk/src/rp2_common/hardware_irq/irq.c.obj
                0x10002b78                irq_set_enabled
 *fill*         0x10002b86        0x2 
 .text.irq_get_vtable_handler
                0x10002b88       0x10 CMakeFiles/lodgenet_gc_adapter_rp2040.dir/C_/Program_Files/Raspberry_Pi/Pico_SDK_v1.5.1/pico-sdk/src/rp2_common/hardware_irq/irq.c.obj
                0x10002b88                irq_get_vtable_handler
 .text.irq_set_exclusive_handler
                0x10002b98       0x54 CMakeFiles/lodgenet_gc_adapter_rp2040.dir/C_/Program_Files/Raspberry_Pi/Pico_SDK_v1.5.1/pico-sdk/src/rp2_common/hardware_irq/irq.c.obj
                0x10002b98                irq_set_exclusive_handler
 .text.irq_add_shared_handler
                0x10002bec      0x234 CMakeFiles/lodgenet_gc_adapter_rp2040.dir/C_/Program_Files/Raspberry_Pi/Pico_SDK_v1.5.1/pico-sdk/src/rp2_common/hardware_irq/irq.c.obj
                0x10002bec                irq_add_shared_handler
 .text.irq_remove_handler
                0x10002e20      0x1ac CMakeFiles/lodgenet_gc_adapter_rp2040.dir/C_/Program_Files/Raspberry_Pi/Pico_SDK_v1.5.1/pico-sdk/src/rp2_common/hardware_irq/irq.c.obj
                0x10002e20                irq_remove_handler
 .text.irq_add_tail_to_free_list
                0x10002fcc       0xf0 CMakeFiles/lodgenet_gc_adapter_rp2040.dir/C_/Program_Files/Raspberry_Pi/Pico_SDK_v1.5.1/pico-sdk/src/rp2_common/hardware_irq/irq.c.obj
                0x10002fcc                irq_add_tail_to_free_list
 .text.irq_init_priorities
                0x100030bc       0x1c CMakeFiles/lodgenet_gc_adapter_rp2040.dir/C_/Program_Files/Raspberry_Pi/Pico_SDK_v1.5.1/pico-sdk/src/rp2_common/hardware_irq/irq.c.obj
                0x100030bc                irq_init_priorities
 .text.lock_init
                0x100030d8       0x10 CMakeFiles/lodgenet_gc_adapter_rp2040.dir/C_/Program_Files/Raspberry_Pi/Pico_SDK_v1.5.1/pico-sdk/src/common/pico_sync/lock_core.c.obj
                0x100030d8                lock_init
 .text.mutex_init
                0x100030e8       0x1a CMakeFiles/lodgenet_gc_adapter_rp2040.dir/C_/Program_Files/Raspberry_Pi/Pico_SDK_v1.5.1/pico-sdk/src/common/pico_sync/mutex.c.obj
                0x100030e8                mutex_init
 .text.recursive_mutex_init
                0x10003102       0x1e CMakeFiles/lodgenet_gc_adapter_rp2040.dir/C_/Program_Files/Raspberry_Pi/Pico_SDK_v1.5.1/pico-sdk/src/common/pico_sync/mutex.c.obj
                0x10003102                recursive_mutex_init
 .text.critical_section_init_with_lock_num
                0x10003120       0x14 CMakeFiles/lodgenet_gc_adapter_rp2040.dir/C_/Program_Files/Raspberry_Pi/Pico_SDK_v1.5.1/pico-sdk/src/common/pico_sync/critical_section.c.obj
                0x10003120                critical_section_init_with_lock_num
 .text.critical_section_init
                0x10003134       0x14 CMakeFiles/lodgenet_gc_adapter_rp2040.dir/C_/Program_Files/Raspberry_Pi/Pico_SDK_v1.5.1/pico-sdk/src/common/pico_sync/critical_section.c.obj
                0x10003134                critical_section_init
 .text.alarm_pool_post_alloc_init
                0x10003148       0x40 CMakeFiles/lodgenet_gc_adapter_rp2040.dir/C_/Program_Files/Raspberry_Pi/Pico_SDK_v1.5.1/pico-sdk/src/common/pico_time/time.c.obj
 .text.sleep_until_callback
                0x10003188       0x30 CMakeFiles/lodgenet_gc_adapter_rp2040.dir/C_/Program_Files/Raspberry_Pi/Pico_SDK_v1.5.1/pico-sdk/src/common/pico_time/time.c.obj
 .text.timer_pool_entry_comparator
                0x100031b8       0x7c CMakeFiles/lodgenet_gc_adapter_rp2040.dir/C_/Program_Files/Raspberry_Pi/Pico_SDK_v1.5.1/pico-sdk/src/common/pico_time/time.c.obj
                0x100031b8                timer_pool_entry_comparator
 .text.ph_add_child_node
                0x10003234       0xa4 CMakeFiles/lodgenet_gc_adapter_rp2040.dir/C_/Program_Files/Raspberry_Pi/Pico_SDK_v1.5.1/pico-sdk/src/common/pico_time/time.c.obj
 .text.ph_merge_nodes
                0x100032d8       0x3e CMakeFiles/lodgenet_gc_adapter_rp2040.dir/C_/Program_Files/Raspberry_Pi/Pico_SDK_v1.5.1/pico-sdk/src/common/pico_time/time.c.obj
 *fill*         0x10003316        0x2 
 .text.add_alarm_under_lock
                0x10003318      0x174 CMakeFiles/lodgenet_gc_adapter_rp2040.dir/C_/Program_Files/Raspberry_Pi/Pico_SDK_v1.5.1/pico-sdk/src/common/pico_time/time.c.obj
 .text.alarm_pool_alarm_callback
                0x1000348c      0x33c CMakeFiles/lodgenet_gc_adapter_rp2040.dir/C_/Program_Files/Raspberry_Pi/Pico_SDK_v1.5.1/pico-sdk/src/common/pico_time/time.c.obj
 .text.alarm_pool_init_default
                0x100037c8       0x40 CMakeFiles/lodgenet_gc_adapter_rp2040.dir/C_/Program_Files/Raspberry_Pi/Pico_SDK_v1.5.1/pico-sdk/src/common/pico_time/time.c.obj
                0x100037c8                alarm_pool_init_default
 .text.alarm_pool_get_default
                0x10003808       0x2c CMakeFiles/lodgenet_gc_adapter_rp2040.dir/C_/Program_Files/Raspberry_Pi/Pico_SDK_v1.5.1/pico-sdk/src/common/pico_time/time.c.obj
                0x10003808                alarm_pool_get_default
 .text.alarm_pool_add_alarm_at
                0x10003834      0x168 CMakeFiles/lodgenet_gc_adapter_rp2040.dir/C_/Program_Files/Raspberry_Pi/Pico_SDK_v1.5.1/pico-sdk/src/common/pico_time/time.c.obj
                0x10003834                alarm_pool_add_alarm_at
 .text.alarm_pool_cancel_alarm
                0x1000399c       0xf8 CMakeFiles/lodgenet_gc_adapter_rp2040.dir/C_/Program_Files/Raspberry_Pi/Pico_SDK_v1.5.1/pico-sdk/src/common/pico_time/time.c.obj
                0x1000399c                alarm_pool_cancel_alarm
 .text.sleep_until
                0x10003a94       0xfc CMakeFiles/lodgenet_gc_adapter_rp2040.dir/C_/Program_Files/Raspberry_Pi/Pico_SDK_v1.5.1/pico-sdk/src/common/pico_time/time.c.obj
                0x10003a94                sleep_until
 .text.sleep_us
                0x10003b90       0x58 CMakeFiles/lodgenet_gc_adapter_rp2040.dir/C_/Program_Files/Raspberry_Pi/Pico_SDK_v1.5.1/pico-sdk/src/common/pico_time/time.c.obj
                0x10003b90                sleep_us
 .text.best_effort_wfe_or_timeout
                0x10003be8       0xac CMakeFiles/lodgenet_gc_adapter_rp2040.dir/C_/Program_Files/Raspberry_Pi/Pico_SDK_v1.5.1/pico-sdk/src/common/pico_time/time.c.obj
                0x10003be8                best_effort_wfe_or_timeout
 .text.hardware_alarm_irq_handler
                0x10003c94       0x90 CMakeFiles/lodgenet_gc_adapter_rp2040.dir/C_/Program_Files/Raspberry_Pi/Pico_SDK_v1.5.1/pico-sdk/src/rp2_common/hardware_timer/timer.c.obj
 .text.hardware_alarm_claim
                0x10003d24       0x18 CMakeFiles/lodgenet_gc_adapter_rp2040.dir/C_/Program_Files/Raspberry_Pi/Pico_SDK_v1.5.1/pico-sdk/src/rp2_common/hardware_timer/timer.c.obj
                0x10003d24                hardware_alarm_claim
 .text.time_us_64
                0x10003d3c       0x18 CMakeFiles/lodgenet_gc_adapter_rp2040.dir/C_/Program_Files/Raspberry_Pi/Pico_SDK_v1.5.1/pico-sdk/src/rp2_common/hardware_timer/timer.c.obj
                0x10003d3c                time_us_64
 .text.busy_wait_until
                0x10003d54       0x28 CMakeFiles/lodgenet_gc_adapter_rp2040.dir/C_/Program_Files/Raspberry_Pi/Pico_SDK_v1.5.1/pico-sdk/src/rp2_common/hardware_timer/timer.c.obj
                0x10003d54                busy_wait_until
 .text.hardware_alarm_set_callback
                0x10003d7c       0x90 CMakeFiles/lodgenet_gc_adapter_rp2040.dir/C_/Program_Files/Raspberry_Pi/Pico_SDK_v1.5.1/pico-sdk/src/rp2_common/hardware_timer/timer.c.obj
                0x10003d7c                hardware_alarm_set_callback
 .text.hardware_alarm_set_target
                0x10003e0c       0xe8 CMakeFiles/lodgenet_gc_adapter_rp2040.dir/C_/Program_Files/Raspberry_Pi/Pico_SDK_v1.5.1/pico-sdk/src/rp2_common/hardware_timer/timer.c.obj
                0x10003e0c                hardware_alarm_set_target
 .text.hardware_alarm_cancel
                0x10003ef4       0x40 CMakeFiles/lodgenet_gc_adapter_rp2040.dir/C_/Program_Files/Raspberry_Pi/Pico_SDK_v1.5.1/pico-sdk/src/rp2_common/hardware_timer/timer.c.obj
                0x10003ef4                hardware_alarm_cancel
 .text.ph_add_child_node
                0x10003f34       0xa4 CMakeFiles/lodgenet_gc_adapter_rp2040.dir/C_/Program_Files/Raspberry_Pi/Pico_SDK_v1.5.1/pico-sdk/src/common/pico_util/pheap.c.obj
 .text.ph_merge_nodes
                0x10003fd8       0x3e CMakeFiles/lodgenet_gc_adapter_rp2040.dir/C_/Program_Files/Raspberry_Pi/Pico_SDK_v1.5.1/pico-sdk/src/common/pico_util/pheap.c.obj
 *fill*         0x10004016        0x2 
 .text.ph_clear
                0x10004018       0x70 CMakeFiles/lodgenet_gc_adapter_rp2040.dir/C_/Program_Files/Raspberry_Pi/Pico_SDK_v1.5.1/pico-sdk/src/common/pico_util/pheap.c.obj
                0x10004018                ph_clear
 .text.ph_post_alloc_init
                0x10004088        0xe CMakeFiles/lodgenet_gc_adapter_rp2040.dir/C_/Program_Files/Raspberry_Pi/Pico_SDK_v1.5.1/pico-sdk/src/common/pico_util/pheap.c.obj
                0x10004088                ph_post_alloc_init
 *fill*         0x10004096        0x2 
 .text.ph_merge_two_pass
                0x10004098       0xa8 CMakeFiles/lodgenet_gc_adapter_rp2040.dir/C_/Program_Files/Raspberry_Pi/Pico_SDK_v1.5.1/pico-sdk/src/common/pico_util/pheap.c.obj
                0x10004098                ph_merge_two_pass
 .text.ph_remove_any_head
                0x10004140      0x128 CMakeFiles/lodgenet_gc_adapter_rp2040.dir/C_/Program_Files/Raspberry_Pi/Pico_SDK_v1.5.1/pico-sdk/src/common/pico_util/pheap.c.obj
 .text.ph_remove_head
                0x10004268       0x14 CMakeFiles/lodgenet_gc_adapter_rp2040.dir/C_/Program_Files/Raspberry_Pi/Pico_SDK_v1.5.1/pico-sdk/src/common/pico_util/pheap.c.obj
                0x10004268                ph_remove_head
 .text.ph_remove_and_free_node
                0x1000427c       0xf8 CMakeFiles/lodgenet_gc_adapter_rp2040.dir/C_/Program_Files/Raspberry_Pi/Pico_SDK_v1.5.1/pico-sdk/src/common/pico_util/pheap.c.obj
                0x1000427c                ph_remove_and_free_node
 .text.clock_configure
                0x10004374      0x108 CMakeFiles/lodgenet_gc_adapter_rp2040.dir/C_/Program_Files/Raspberry_Pi/Pico_SDK_v1.5.1/pico-sdk/src/rp2_common/hardware_clocks/clocks.c.obj
                0x10004374                clock_configure
 .text.clocks_init
                0x1000447c      0x100 CMakeFiles/lodgenet_gc_adapter_rp2040.dir/C_/Program_Files/Raspberry_Pi/Pico_SDK_v1.5.1/pico-sdk/src/rp2_common/hardware_clocks/clocks.c.obj
                0x1000447c                clocks_init
 .text.pll_init
                0x1000457c      0x120 CMakeFiles/lodgenet_gc_adapter_rp2040.dir/C_/Program_Files/Raspberry_Pi/Pico_SDK_v1.5.1/pico-sdk/src/rp2_common/hardware_pll/pll.c.obj
                0x1000457c                pll_init
 .text.watchdog_start_tick
                0x1000469c       0x10 CMakeFiles/lodgenet_gc_adapter_rp2040.dir/C_/Program_Files/Raspberry_Pi/Pico_SDK_v1.5.1/pico-sdk/src/rp2_common/hardware_watchdog/watchdog.c.obj
                0x1000469c                watchdog_start_tick
 .text.xosc_init
                0x100046ac       0x2c CMakeFiles/lodgenet_gc_adapter_rp2040.dir/C_/Program_Files/Raspberry_Pi/Pico_SDK_v1.5.1/pico-sdk/src/rp2_common/hardware_xosc/xosc.c.obj
                0x100046ac                xosc_init
 .text._exit    0x100046d8        0x4 CMakeFiles/lodgenet_gc_adapter_rp2040.dir/C_/Program_Files/Raspberry_Pi/Pico_SDK_v1.5.1/pico-sdk/src/rp2_common/pico_runtime/runtime.c.obj
                0x100046d8                _exit
 .text.exit     0x100046dc        0x6 CMakeFiles/lodgenet_gc_adapter_rp2040.dir/C_/Program_Files/Raspberry_Pi/Pico_SDK_v1.5.1/pico-sdk/src/rp2_common/pico_runtime/runtime.c.obj
                0x100046dc                exit
 *fill*         0x100046e2        0x2 
 .text.__assert_func
                0x100046e4       0x3c CMakeFiles/lodgenet_gc_adapter_rp2040.dir/C_/Program_Files/Raspberry_Pi/Pico_SDK_v1.5.1/pico-sdk/src/rp2_common/pico_runtime/runtime.c.obj
                0x100046e4                __assert_func
 .text.runtime_init
                0x10004720       0xf8 CMakeFiles/lodgenet_gc_adapter_rp2040.dir/C_/Program_Files/Raspberry_Pi/Pico_SDK_v1.5.1/pico-sdk/src/rp2_common/pico_runtime/runtime.c.obj
                0x10004720                runtime_init
 .text.panic    0x10004818       0x30 CMakeFiles/lodgenet_gc_adapter_rp2040.dir/C_/Program_Files/Raspberry_Pi/Pico_SDK_v1.5.1/pico-sdk/src/rp2_common/pico_runtime/runtime.c.obj
                0x10004818                panic
 .text._out_null
                0x10004848        0x2 CMakeFiles/lodgenet_gc_adapter_rp2040.dir/C_/Program_Files/Raspberry_Pi/Pico_SDK_v1.5.1/pico-sdk/src/rp2_common/pico_printf/printf.c.obj
 .text._out_fct
                0x1000484a        0xe CMakeFiles/lodgenet_gc_adapter_rp2040.dir/C_/Program_Files/Raspberry_Pi/Pico_SDK_v1.5.1/pico-sdk/src/rp2_common/pico_printf/printf.c.obj
 .text._atoi    0x10004858       0x24 CMakeFiles/lodgenet_gc_adapter_rp2040.dir/C_/Program_Files/Raspberry_Pi/Pico_SDK_v1.5.1/pico-sdk/src/rp2_common/pico_printf/printf.c.obj
 .text._out_rev
                0x1000487c       0xae CMakeFiles/lodgenet_gc_adapter_rp2040.dir/C_/Program_Files/Raspberry_Pi/Pico_SDK_v1.5.1/pico-sdk/src/rp2_common/pico_printf/printf.c.obj
 .text._ntoa_format
                0x1000492a      0x112 CMakeFiles/lodgenet_gc_adapter_rp2040.dir/C_/Program_Files/Raspberry_Pi/Pico_SDK_v1.5.1/pico-sdk/src/rp2_common/pico_printf/printf.c.obj
 .text._ntoa_long
                0x10004a3c       0xbc CMakeFiles/lodgenet_gc_adapter_rp2040.dir/C_/Program_Files/Raspberry_Pi/Pico_SDK_v1.5.1/pico-sdk/src/rp2_common/pico_printf/printf.c.obj
 .text._ntoa_long_long
                0x10004af8       0xe2 CMakeFiles/lodgenet_gc_adapter_rp2040.dir/C_/Program_Files/Raspberry_Pi/Pico_SDK_v1.5.1/pico-sdk/src/rp2_common/pico_printf/printf.c.obj
 *fill*         0x10004bda        0x2 
 .text._etoa    0x10004bdc      0x414 CMakeFiles/lodgenet_gc_adapter_rp2040.dir/C_/Program_Files/Raspberry_Pi/Pico_SDK_v1.5.1/pico-sdk/src/rp2_common/pico_printf/printf.c.obj
 .text._ftoa    0x10004ff0      0x354 CMakeFiles/lodgenet_gc_adapter_rp2040.dir/C_/Program_Files/Raspberry_Pi/Pico_SDK_v1.5.1/pico-sdk/src/rp2_common/pico_printf/printf.c.obj
 .text._vsnprintf
                0x10005344      0x624 CMakeFiles/lodgenet_gc_adapter_rp2040.dir/C_/Program_Files/Raspberry_Pi/Pico_SDK_v1.5.1/pico-sdk/src/rp2_common/pico_printf/printf.c.obj
 .text.vfctprintf
                0x10005968       0x20 CMakeFiles/lodgenet_gc_adapter_rp2040.dir/C_/Program_Files/Raspberry_Pi/Pico_SDK_v1.5.1/pico-sdk/src/rp2_common/pico_printf/printf.c.obj
                0x10005968                vfctprintf
 .text          0x10005988       0x10 CMakeFiles/lodgenet_gc_adapter_rp2040.dir/C_/Program_Files/Raspberry_Pi/Pico_SDK_v1.5.1/pico-sdk/src/rp2_common/pico_bit_ops/bit_ops_aeabi.S.obj
 .text.rom_func_lookup
                0x10005998       0x10 CMakeFiles/lodgenet_gc_adapter_rp2040.dir/C_/Program_Files/Raspberry_Pi/Pico_SDK_v1.5.1/pico-sdk/src/rp2_common/pico_bootrom/bootrom.c.obj
                0x10005998                rom_func_lookup
 .text.rom_data_lookup
                0x100059a8       0x10 CMakeFiles/lodgenet_gc_adapter_rp2040.dir/C_/Program_Files/Raspberry_Pi/Pico_SDK_v1.5.1/pico-sdk/src/rp2_common/pico_bootrom/bootrom.c.obj
                0x100059a8                rom_data_lookup
 .text.rom_funcs_lookup
                0x100059b8       0x36 CMakeFiles/lodgenet_gc_adapter_rp2040.dir/C_/Program_Files/Raspberry_Pi/Pico_SDK_v1.5.1/pico-sdk/src/rp2_common/pico_bootrom/bootrom.c.obj
                0x100059b8                rom_funcs_lookup
 *fill*         0x100059ee        0x2 
 .text.__wrap___aeabi_idiv
                0x100059f0       0x50 CMakeFiles/lodgenet_gc_adapter_rp2040.dir/C_/Program_Files/Raspberry_Pi/Pico_SDK_v1.5.1/pico-sdk/src/rp2_common/pico_divider/divider.S.obj
                0x100059f0                __wrap___aeabi_idivmod
                0x100059f0                divmod_s32s32
                0x100059f0                div_s32s32
                0x100059f0                __wrap___aeabi_idiv
                0x100059f8                divmod_s32s32_unsafe
                0x10005a24                divmod_s32s32_savestate
 .text.__wrap___aeabi_uidiv
                0x10005a40       0x4c CMakeFiles/lodgenet_gc_adapter_rp2040.dir/C_/Program_Files/Raspberry_Pi/Pico_SDK_v1.5.1/pico-sdk/src/rp2_common/pico_divider/divider.S.obj
                0x10005a40                __wrap___aeabi_uidiv
                0x10005a40                __wrap___aeabi_uidivmod
                0x10005a40                div_u32u32
                0x10005a40                divmod_u32u32
                0x10005a48                divmod_u32u32_unsafe
                0x10005a70                divmod_u32u32_savestate
 .text.__wrap___aeabi_ldiv
                0x10005a8c      0x424 CMakeFiles/lodgenet_gc_adapter_rp2040.dir/C_/Program_Files/Raspberry_Pi/Pico_SDK_v1.5.1/pico-sdk/src/rp2_common/pico_divider/divider.S.obj
                0x10005a8c                div_s64s64
                0x10005a8c                divmod_s64s64
                0x10005a8c                __wrap___aeabi_ldivmod
                0x10005abc                divmod_u64u64
                0x10005abc                div_u64u64
                0x10005abc                __wrap___aeabi_uldivmod
                0x10005acc                divmod_u64u64_savestate
                0x10005aec                divmod_s64s64_unsafe
                0x10005b74                divmod_u64u64_unsafe
 .text.__wrap___aeabi_darithmetic
                0x10005eb0       0x80 CMakeFiles/lodgenet_gc_adapter_rp2040.dir/C_/Program_Files/Raspberry_Pi/Pico_SDK_v1.5.1/pico-sdk/src/rp2_common/pico_double/double_aeabi.S.obj
                0x10005eb0                __wrap___aeabi_drsub
                0x10005eb6                __wrap___aeabi_dsub
                0x10005ec8                __wrap___aeabi_dadd
                0x10005eda                __wrap___aeabi_ddiv
                0x10005f16                __wrap___aeabi_dmul
 .text.__wrap___aeabi_cdcmple
                0x10005f30       0x6c CMakeFiles/lodgenet_gc_adapter_rp2040.dir/C_/Program_Files/Raspberry_Pi/Pico_SDK_v1.5.1/pico-sdk/src/rp2_common/pico_double/double_aeabi.S.obj
                0x10005f30                __wrap___aeabi_cdrcmple
                0x10005f40                __wrap___aeabi_cdcmpeq
                0x10005f40                __wrap___aeabi_cdcmple
 .text.__wrap___aeabi_dcmplt
                0x10005f9c        0xc CMakeFiles/lodgenet_gc_adapter_rp2040.dir/C_/Program_Files/Raspberry_Pi/Pico_SDK_v1.5.1/pico-sdk/src/rp2_common/pico_double/double_aeabi.S.obj
                0x10005f9c                __wrap___aeabi_dcmplt
 .text.__wrap___aeabi_dcmple
                0x10005fa8       0x10 CMakeFiles/lodgenet_gc_adapter_rp2040.dir/C_/Program_Files/Raspberry_Pi/Pico_SDK_v1.5.1/pico-sdk/src/rp2_common/pico_double/double_aeabi.S.obj
                0x10005fa8                __wrap___aeabi_dcmple
 .text.__wrap___aeabi_dcmpge
                0x10005fb8       0x10 CMakeFiles/lodgenet_gc_adapter_rp2040.dir/C_/Program_Files/Raspberry_Pi/Pico_SDK_v1.5.1/pico-sdk/src/rp2_common/pico_double/double_aeabi.S.obj
                0x10005fb8                __wrap___aeabi_dcmpge
 .text.__wrap___aeabi_dcmpgt
                0x10005fc8        0xa CMakeFiles/lodgenet_gc_adapter_rp2040.dir/C_/Program_Files/Raspberry_Pi/Pico_SDK_v1.5.1/pico-sdk/src/rp2_common/pico_double/double_aeabi.S.obj
                0x10005fc8                __wrap___aeabi_dcmpgt
 .text.__wrap___aeabi_dcmpun
                0x10005fd2       0x1c CMakeFiles/lodgenet_gc_adapter_rp2040.dir/C_/Program_Files/Raspberry_Pi/Pico_SDK_v1.5.1/pico-sdk/src/rp2_common/pico_double/double_aeabi.S.obj
                0x10005fd2                __wrap___aeabi_dcmpun
 *fill*         0x10005fee        0x2 
 .text.__wrap___aeabi_i2d
                0x10005ff0       0x38 CMakeFiles/lodgenet_gc_adapter_rp2040.dir/C_/Program_Files/Raspberry_Pi/Pico_SDK_v1.5.1/pico-sdk/src/rp2_common/pico_double/double_aeabi.S.obj
                0x10005ff0                __wrap___aeabi_ui2d
                0x10005ff8                __wrap___aeabi_i2d
 .text.__wrap___aeabi_d2iz
                0x10006028       0x48 CMakeFiles/lodgenet_gc_adapter_rp2040.dir/C_/Program_Files/Raspberry_Pi/Pico_SDK_v1.5.1/pico-sdk/src/rp2_common/pico_double/double_aeabi.S.obj
                0x10006028                double2int_z
                0x10006028                __wrap___aeabi_d2iz
 .text.__wrap___aeabi_d2uiz
                0x10006070       0x18 CMakeFiles/lodgenet_gc_adapter_rp2040.dir/C_/Program_Files/Raspberry_Pi/Pico_SDK_v1.5.1/pico-sdk/src/rp2_common/pico_double/double_aeabi.S.obj
                0x10006070                __wrap___aeabi_d2uiz
                0x10006070                double2uint
 .text.__wrap___aeabi_d2f
                0x10006088       0x18 CMakeFiles/lodgenet_gc_adapter_rp2040.dir/C_/Program_Files/Raspberry_Pi/Pico_SDK_v1.5.1/pico-sdk/src/rp2_common/pico_double/double_aeabi.S.obj
                0x10006088                __wrap___aeabi_d2f
 .text.__aeabi_double_init
                0x100060a0       0xc8 CMakeFiles/lodgenet_gc_adapter_rp2040.dir/C_/Program_Files/Raspberry_Pi/Pico_SDK_v1.5.1/pico-sdk/src/rp2_common/pico_double/double_init_rom.c.obj
                0x100060a0                __aeabi_double_init
 .text.double_table_shim_on_use_helper
                0x10006168       0x34 CMakeFiles/lodgenet_gc_adapter_rp2040.dir/C_/Program_Files/Raspberry_Pi/Pico_SDK_v1.5.1/pico-sdk/src/rp2_common/pico_double/double_v1_rom_shim.S.obj
                0x10006168                double_table_shim_on_use_helper
 .text.__wrap___aeabi_dsub
                0x1000619c       0x10 CMakeFiles/lodgenet_gc_adapter_rp2040.dir/C_/Program_Files/Raspberry_Pi/Pico_SDK_v1.5.1/pico-sdk/src/rp2_common/pico_double/double_v1_rom_shim.S.obj
                0x1000619c                drsub_shim
                0x100061a2                dsub_shim
 .text.dadd_shim
                0x100061ac      0x15c CMakeFiles/lodgenet_gc_adapter_rp2040.dir/C_/Program_Files/Raspberry_Pi/Pico_SDK_v1.5.1/pico-sdk/src/rp2_common/pico_double/double_v1_rom_shim.S.obj
                0x100061ac                dadd_shim
 .text.dmul_shim
                0x10006308      0x15c CMakeFiles/lodgenet_gc_adapter_rp2040.dir/C_/Program_Files/Raspberry_Pi/Pico_SDK_v1.5.1/pico-sdk/src/rp2_common/pico_double/double_v1_rom_shim.S.obj
                0x10006308                dmul_shim
 .text.ddiv_shim
                0x10006464      0x1b0 CMakeFiles/lodgenet_gc_adapter_rp2040.dir/C_/Program_Files/Raspberry_Pi/Pico_SDK_v1.5.1/pico-sdk/src/rp2_common/pico_double/double_v1_rom_shim.S.obj
                0x10006464                ddiv_shim
 .text.double2uint_shim
                0x10006614        0xe CMakeFiles/lodgenet_gc_adapter_rp2040.dir/C_/Program_Files/Raspberry_Pi/Pico_SDK_v1.5.1/pico-sdk/src/rp2_common/pico_double/double_v1_rom_shim.S.obj
                0x10006614                double2uint_shim
                0x10006616                double2ufix_shim
 *fill*         0x10006622        0x2 
 .text.double2uint64_shim
                0x10006624       0x70 CMakeFiles/lodgenet_gc_adapter_rp2040.dir/C_/Program_Files/Raspberry_Pi/Pico_SDK_v1.5.1/pico-sdk/src/rp2_common/pico_double/double_v1_rom_shim.S.obj
                0x10006624                double2uint64_shim
                0x10006626                double2ufix64_shim
                0x10006646                d2fix_a
 .text.double2float_shim
                0x10006694       0x5c CMakeFiles/lodgenet_gc_adapter_rp2040.dir/C_/Program_Files/Raspberry_Pi/Pico_SDK_v1.5.1/pico-sdk/src/rp2_common/pico_double/double_v1_rom_shim.S.obj
                0x10006694                double2float_shim
 .text.dunpacks
                0x100066f0       0x3c CMakeFiles/lodgenet_gc_adapter_rp2040.dir/C_/Program_Files/Raspberry_Pi/Pico_SDK_v1.5.1/pico-sdk/src/rp2_common/pico_double/double_v1_rom_shim.S.obj
                0x100066f0                dunpacks
 .text.__aeabi_lmul
                0x1000672c       0x32 CMakeFiles/lodgenet_gc_adapter_rp2040.dir/C_/Program_Files/Raspberry_Pi/Pico_SDK_v1.5.1/pico-sdk/src/rp2_common/pico_int64_ops/pico_int64_ops_aeabi.S.obj
                0x1000672c                __wrap___aeabi_lmul
 *fill*         0x1000675e        0x2 
 .text.__wrap___aeabi_farithmetic
                0x10006760       0x58 CMakeFiles/lodgenet_gc_adapter_rp2040.dir/C_/Program_Files/Raspberry_Pi/Pico_SDK_v1.5.1/pico-sdk/src/rp2_common/pico_float/float_aeabi.S.obj
                0x10006760                __wrap___aeabi_frsub
                0x10006766                __wrap___aeabi_fsub
                0x10006770                __wrap___aeabi_fadd
                0x1000677a                __wrap___aeabi_fdiv
                0x100067a6                __wrap___aeabi_fmul
 .text.__wrap___aeabi_cfcmple
                0x100067b8       0x50 CMakeFiles/lodgenet_gc_adapter_rp2040.dir/C_/Program_Files/Raspberry_Pi/Pico_SDK_v1.5.1/pico-sdk/src/rp2_common/pico_float/float_aeabi.S.obj
                0x100067b8                __wrap___aeabi_cfrcmple
                0x100067c4                __wrap___aeabi_cfcmple
                0x100067c4                __wrap___aeabi_cfcmpeq
 .text.__wrap___aeabi_fcmplt
                0x10006808        0xc CMakeFiles/lodgenet_gc_adapter_rp2040.dir/C_/Program_Files/Raspberry_Pi/Pico_SDK_v1.5.1/pico-sdk/src/rp2_common/pico_float/float_aeabi.S.obj
                0x10006808                __wrap___aeabi_fcmplt
 .text.__wrap___aeabi_fcmpgt
                0x10006814        0xa CMakeFiles/lodgenet_gc_adapter_rp2040.dir/C_/Program_Files/Raspberry_Pi/Pico_SDK_v1.5.1/pico-sdk/src/rp2_common/pico_float/float_aeabi.S.obj
                0x10006814                __wrap___aeabi_fcmpgt
 .text.__wrap___aeabi_ui2f
                0x1000681e        0xa CMakeFiles/lodgenet_gc_adapter_rp2040.dir/C_/Program_Files/Raspberry_Pi/Pico_SDK_v1.5.1/pico-sdk/src/rp2_common/pico_float/float_aeabi.S.obj
                0x1000681e                __wrap___aeabi_ui2f
 .text.__wrap___aeabi_i2f
                0x10006828       0x44 CMakeFiles/lodgenet_gc_adapter_rp2040.dir/C_/Program_Files/Raspberry_Pi/Pico_SDK_v1.5.1/pico-sdk/src/rp2_common/pico_float/float_aeabi.S.obj
                0x10006828                __wrap___aeabi_i2f
 .text.__wrap___aeabi_f2iz
                0x1000686c       0x4e CMakeFiles/lodgenet_gc_adapter_rp2040.dir/C_/Program_Files/Raspberry_Pi/Pico_SDK_v1.5.1/pico-sdk/src/rp2_common/pico_float/float_aeabi.S.obj
                0x1000686c                float2int_z
                0x1000686c                __wrap___aeabi_f2iz
 *fill*         0x100068ba        0x2 
 .text.float2int
                0x100068bc       0x14 CMakeFiles/lodgenet_gc_adapter_rp2040.dir/C_/Program_Files/Raspberry_Pi/Pico_SDK_v1.5.1/pico-sdk/src/rp2_common/pico_float/float_aeabi.S.obj
                0x100068bc                float2int
 .text.__wrap___aeabi_f2uiz
                0x100068d0       0x10 CMakeFiles/lodgenet_gc_adapter_rp2040.dir/C_/Program_Files/Raspberry_Pi/Pico_SDK_v1.5.1/pico-sdk/src/rp2_common/pico_float/float_aeabi.S.obj
                0x100068d0                __wrap___aeabi_f2uiz
 .text.__wrap___aeabi_f2d
                0x100068e0       0x14 CMakeFiles/lodgenet_gc_adapter_rp2040.dir/C_/Program_Files/Raspberry_Pi/Pico_SDK_v1.5.1/pico-sdk/src/rp2_common/pico_float/float_aeabi.S.obj
                0x100068e0                __wrap___aeabi_f2d
 .text.__aeabi_float_init
                0x100068f4       0xfc CMakeFiles/lodgenet_gc_adapter_rp2040.dir/C_/Program_Files/Raspberry_Pi/Pico_SDK_v1.5.1/pico-sdk/src/rp2_common/pico_float/float_init_rom.c.obj
                0x100068f4                __aeabi_float_init
 .text.float_table_shim_on_use_helper
                0x100069f0       0x34 CMakeFiles/lodgenet_gc_adapter_rp2040.dir/C_/Program_Files/Raspberry_Pi/Pico_SDK_v1.5.1/pico-sdk/src/rp2_common/pico_float/float_v1_rom_shim.S.obj
                0x100069f0                float_table_shim_on_use_helper
 .text.float232_shims
                0x10006a24       0x18 CMakeFiles/lodgenet_gc_adapter_rp2040.dir/C_/Program_Files/Raspberry_Pi/Pico_SDK_v1.5.1/pico-sdk/src/rp2_common/pico_float/float_v1_rom_shim.S.obj
                0x10006a24                float2int_shim
                0x10006a26                float2fix_shim
 .text.float2double_shim
                0x10006a3c       0x30 CMakeFiles/lodgenet_gc_adapter_rp2040.dir/C_/Program_Files/Raspberry_Pi/Pico_SDK_v1.5.1/pico-sdk/src/rp2_common/pico_float/float_v1_rom_shim.S.obj
                0x10006a3c                float2double_shim
 .text          0x10006a6c       0x10 CMakeFiles/lodgenet_gc_adapter_rp2040.dir/C_/Program_Files/Raspberry_Pi/Pico_SDK_v1.5.1/pico-sdk/src/rp2_common/pico_mem_ops/mem_ops_aeabi.S.obj
                0x10006a6c                __aeabi_mem_init
 .text.memset   0x10006a7c        0xc CMakeFiles/lodgenet_gc_adapter_rp2040.dir/C_/Program_Files/Raspberry_Pi/Pico_SDK_v1.5.1/pico-sdk/src/rp2_common/pico_mem_ops/mem_ops_aeabi.S.obj
                0x10006a7c                __wrap_memset
 .text.memcpy   0x10006a88        0xc CMakeFiles/lodgenet_gc_adapter_rp2040.dir/C_/Program_Files/Raspberry_Pi/Pico_SDK_v1.5.1/pico-sdk/src/rp2_common/pico_mem_ops/mem_ops_aeabi.S.obj
                0x10006a88                __wrap_memcpy
                0x10006a88                __wrap___aeabi_memcpy
 .text.stdio_out_chars_no_crlf
                0x10006a94        0xe CMakeFiles/lodgenet_gc_adapter_rp2040.dir/C_/Program_Files/Raspberry_Pi/Pico_SDK_v1.5.1/pico-sdk/src/rp2_common/pico_stdio/stdio.c.obj
 *fill*         0x10006aa2        0x2 
 .text.stdio_out_chars_crlf
                0x10006aa4       0x80 CMakeFiles/lodgenet_gc_adapter_rp2040.dir/C_/Program_Files/Raspberry_Pi/Pico_SDK_v1.5.1/pico-sdk/src/rp2_common/pico_stdio/stdio.c.obj
 .text.stdio_stack_buffer_flush
                0x10006b24       0x44 CMakeFiles/lodgenet_gc_adapter_rp2040.dir/C_/Program_Files/Raspberry_Pi/Pico_SDK_v1.5.1/pico-sdk/src/rp2_common/pico_stdio/stdio.c.obj
 .text.stdio_buffered_printer
                0x10006b68       0x20 CMakeFiles/lodgenet_gc_adapter_rp2040.dir/C_/Program_Files/Raspberry_Pi/Pico_SDK_v1.5.1/pico-sdk/src/rp2_common/pico_stdio/stdio.c.obj
 .text.stdout_serialize_begin
                0x10006b88       0x5c CMakeFiles/lodgenet_gc_adapter_rp2040.dir/C_/Program_Files/Raspberry_Pi/Pico_SDK_v1.5.1/pico-sdk/src/rp2_common/pico_stdio/stdio.c.obj
                0x10006b88                stdout_serialize_begin
 .text.stdout_serialize_end
                0x10006be4       0x10 CMakeFiles/lodgenet_gc_adapter_rp2040.dir/C_/Program_Files/Raspberry_Pi/Pico_SDK_v1.5.1/pico-sdk/src/rp2_common/pico_stdio/stdio.c.obj
                0x10006be4                stdout_serialize_end
 .text.stdio_put_string
                0x10006bf4       0x98 CMakeFiles/lodgenet_gc_adapter_rp2040.dir/C_/Program_Files/Raspberry_Pi/Pico_SDK_v1.5.1/pico-sdk/src/rp2_common/pico_stdio/stdio.c.obj
 .text.__wrap_putchar
                0x10006c8c       0x1c CMakeFiles/lodgenet_gc_adapter_rp2040.dir/C_/Program_Files/Raspberry_Pi/Pico_SDK_v1.5.1/pico-sdk/src/rp2_common/pico_stdio/stdio.c.obj
                0x10006c8c                __wrap_putchar
 .text.stdio_flush
                0x10006ca8       0x20 CMakeFiles/lodgenet_gc_adapter_rp2040.dir/C_/Program_Files/Raspberry_Pi/Pico_SDK_v1.5.1/pico-sdk/src/rp2_common/pico_stdio/stdio.c.obj
                0x10006ca8                stdio_flush
 .text.__wrap_puts
                0x10006cc8       0x1e CMakeFiles/lodgenet_gc_adapter_rp2040.dir/C_/Program_Files/Raspberry_Pi/Pico_SDK_v1.5.1/pico-sdk/src/rp2_common/pico_stdio/stdio.c.obj
                0x10006cc8                __wrap_puts
 *fill*         0x10006ce6        0x2 
 .text.__wrap_vprintf
                0x10006ce8       0x40 CMakeFiles/lodgenet_gc_adapter_rp2040.dir/C_/Program_Files/Raspberry_Pi/Pico_SDK_v1.5.1/pico-sdk/src/rp2_common/pico_stdio/stdio.c.obj
                0x10006ce8                __wrap_vprintf
 .text.__wrap_printf
                0x10006d28       0x18 CMakeFiles/lodgenet_gc_adapter_rp2040.dir/C_/Program_Files/Raspberry_Pi/Pico_SDK_v1.5.1/pico-sdk/src/rp2_common/pico_stdio/stdio.c.obj
                0x10006d28                __wrap_printf
 .text.stdio_init_all
                0x10006d40        0x4 CMakeFiles/lodgenet_gc_adapter_rp2040.dir/C_/Program_Files/Raspberry_Pi/Pico_SDK_v1.5.1/pico-sdk/src/rp2_common/pico_stdio/stdio.c.obj
                0x10006d40                stdio_init_all
 .text.splitmix64
                0x10006d44       0x5c CMakeFiles/lodgenet_gc_adapter_rp2040.dir/C_/Program_Files/Raspberry_Pi/Pico_SDK_v1.5.1/pico-sdk/src/rp2_common/pico_rand/rand.c.obj
 .text.sdbm_hash64_sram
                0x10006da0       0x64 CMakeFiles/lodgenet_gc_adapter_rp2040.dir/C_/Program_Files/Raspberry_Pi/Pico_SDK_v1.5.1/pico-sdk/src/rp2_common/pico_rand/rand.c.obj
 .text.xoroshiro128ss
                0x10006e04       0xb8 CMakeFiles/lodgenet_gc_adapter_rp2040.dir/C_/Program_Files/Raspberry_Pi/Pico_SDK_v1.5.1/pico-sdk/src/rp2_common/pico_rand/rand.c.obj
 .text.capture_additional_rosc_samples
                0x10006ebc      0x1a4 CMakeFiles/lodgenet_gc_adapter_rp2040.dir/C_/Program_Files/Raspberry_Pi/Pico_SDK_v1.5.1/pico-sdk/src/rp2_common/pico_rand/rand.c.obj
 .text.initialise_rand
                0x10007060      0x118 CMakeFiles/lodgenet_gc_adapter_rp2040.dir/C_/Program_Files/Raspberry_Pi/Pico_SDK_v1.5.1/pico-sdk/src/rp2_common/pico_rand/rand.c.obj
 .text.get_rand_64
                0x10007178      0x11c CMakeFiles/lodgenet_gc_adapter_rp2040.dir/C_/Program_Files/Raspberry_Pi/Pico_SDK_v1.5.1/pico-sdk/src/rp2_common/pico_rand/rand.c.obj
                0x10007178                get_rand_64
 .text.get_rand_32
                0x10007294        0x8 CMakeFiles/lodgenet_gc_adapter_rp2040.dir/C_/Program_Files/Raspberry_Pi/Pico_SDK_v1.5.1/pico-sdk/src/rp2_common/pico_rand/rand.c.obj
                0x10007294                get_rand_32
 .text._retrieve_unique_id_on_boot
                0x1000729c       0x10 CMakeFiles/lodgenet_gc_adapter_rp2040.dir/C_/Program_Files/Raspberry_Pi/Pico_SDK_v1.5.1/pico-sdk/src/rp2_common/pico_unique_id/unique_id.c.obj
 .text.pico_get_unique_board_id
                0x100072ac       0x10 CMakeFiles/lodgenet_gc_adapter_rp2040.dir/C_/Program_Files/Raspberry_Pi/Pico_SDK_v1.5.1/pico-sdk/src/rp2_common/pico_unique_id/unique_id.c.obj
                0x100072ac                pico_get_unique_board_id
 .text.flash_get_unique_id
                0x100072bc       0x46 CMakeFiles/lodgenet_gc_adapter_rp2040.dir/C_/Program_Files/Raspberry_Pi/Pico_SDK_v1.5.1/pico-sdk/src/rp2_common/hardware_flash/flash.c.obj
                0x100072bc                flash_get_unique_id
 *fill*         0x10007302        0x2 
 .text.hw_endpoint_get_by_addr
                0x10007304       0x18 CMakeFiles/lodgenet_gc_adapter_rp2040.dir/C_/Program_Files/Raspberry_Pi/Pico_SDK_v1.5.1/pico-sdk/lib/tinyusb/src/portable/raspberrypi/rp2040/dcd_rp2040.c.obj
 .text._hw_endpoint_alloc
                0x1000731c       0x70 CMakeFiles/lodgenet_gc_adapter_rp2040.dir/C_/Program_Files/Raspberry_Pi/Pico_SDK_v1.5.1/pico-sdk/lib/tinyusb/src/portable/raspberrypi/rp2040/dcd_rp2040.c.obj
 .text.hw_endpoint_init
                0x1000738c       0x88 CMakeFiles/lodgenet_gc_adapter_rp2040.dir/C_/Program_Files/Raspberry_Pi/Pico_SDK_v1.5.1/pico-sdk/lib/tinyusb/src/portable/raspberrypi/rp2040/dcd_rp2040.c.obj
 .text.hw_endpoint_xfer
                0x10007414       0x14 CMakeFiles/lodgenet_gc_adapter_rp2040.dir/C_/Program_Files/Raspberry_Pi/Pico_SDK_v1.5.1/pico-sdk/lib/tinyusb/src/portable/raspberrypi/rp2040/dcd_rp2040.c.obj
 .text.dcd_int_enable
                0x10007428       0x2c CMakeFiles/lodgenet_gc_adapter_rp2040.dir/C_/Program_Files/Raspberry_Pi/Pico_SDK_v1.5.1/pico-sdk/lib/tinyusb/src/portable/raspberrypi/rp2040/dcd_rp2040.c.obj
                0x10007428                dcd_int_enable
 .text.dcd_set_address
                0x10007454       0x2c CMakeFiles/lodgenet_gc_adapter_rp2040.dir/C_/Program_Files/Raspberry_Pi/Pico_SDK_v1.5.1/pico-sdk/lib/tinyusb/src/portable/raspberrypi/rp2040/dcd_rp2040.c.obj
                0x10007454                dcd_set_address
 .text.dcd_remote_wakeup
                0x10007480       0x38 CMakeFiles/lodgenet_gc_adapter_rp2040.dir/C_/Program_Files/Raspberry_Pi/Pico_SDK_v1.5.1/pico-sdk/lib/tinyusb/src/portable/raspberrypi/rp2040/dcd_rp2040.c.obj
                0x10007480                dcd_remote_wakeup
 .text.dcd_connect
                0x100074b8       0x10 CMakeFiles/lodgenet_gc_adapter_rp2040.dir/C_/Program_Files/Raspberry_Pi/Pico_SDK_v1.5.1/pico-sdk/lib/tinyusb/src/portable/raspberrypi/rp2040/dcd_rp2040.c.obj
                0x100074b8                dcd_connect
 .text.dcd_init
                0x100074c8       0x80 CMakeFiles/lodgenet_gc_adapter_rp2040.dir/C_/Program_Files/Raspberry_Pi/Pico_SDK_v1.5.1/pico-sdk/lib/tinyusb/src/portable/raspberrypi/rp2040/dcd_rp2040.c.obj
                0x100074c8                dcd_init
 .text.dcd_edpt0_status_complete
                0x10007548       0x1c CMakeFiles/lodgenet_gc_adapter_rp2040.dir/C_/Program_Files/Raspberry_Pi/Pico_SDK_v1.5.1/pico-sdk/lib/tinyusb/src/portable/raspberrypi/rp2040/dcd_rp2040.c.obj
                0x10007548                dcd_edpt0_status_complete
 .text.dcd_edpt_open
                0x10007564       0x40 CMakeFiles/lodgenet_gc_adapter_rp2040.dir/C_/Program_Files/Raspberry_Pi/Pico_SDK_v1.5.1/pico-sdk/lib/tinyusb/src/portable/raspberrypi/rp2040/dcd_rp2040.c.obj
                0x10007564                dcd_edpt_open
 .text.dcd_edpt_close_all
                0x100075a4        0x8 CMakeFiles/lodgenet_gc_adapter_rp2040.dir/C_/Program_Files/Raspberry_Pi/Pico_SDK_v1.5.1/pico-sdk/lib/tinyusb/src/portable/raspberrypi/rp2040/dcd_rp2040.c.obj
                0x100075a4                dcd_edpt_close_all
 .text.dcd_edpt_xfer
                0x100075ac       0x34 CMakeFiles/lodgenet_gc_adapter_rp2040.dir/C_/Program_Files/Raspberry_Pi/Pico_SDK_v1.5.1/pico-sdk/lib/tinyusb/src/portable/raspberrypi/rp2040/dcd_rp2040.c.obj
                0x100075ac                dcd_edpt_xfer
 .text.dcd_edpt_stall
                0x100075e0       0x2c CMakeFiles/lodgenet_gc_adapter_rp2040.dir/C_/Program_Files/Raspberry_Pi/Pico_SDK_v1.5.1/pico-sdk/lib/tinyusb/src/portable/raspberrypi/rp2040/dcd_rp2040.c.obj
                0x100075e0                dcd_edpt_stall
 .text.dcd_edpt_clear_stall
                0x1000760c       0x20 CMakeFiles/lodgenet_gc_adapter_rp2040.dir/C_/Program_Files/Raspberry_Pi/Pico_SDK_v1.5.1/pico-sdk/lib/tinyusb/src/portable/raspberrypi/rp2040/dcd_rp2040.c.obj
                0x1000760c                dcd_edpt_clear_stall
 .text.rp2040_usb_init
                0x1000762c       0x4c CMakeFiles/lodgenet_gc_adapter_rp2040.dir/C_/Program_Files/Raspberry_Pi/Pico_SDK_v1.5.1/pico-sdk/lib/tinyusb/src/portable/raspberrypi/rp2040/rp2040_usb.c.obj
                0x1000762c                rp2040_usb_init
 .text.hw_endpoint_xfer_start
                0x10007678       0x50 CMakeFiles/lodgenet_gc_adapter_rp2040.dir/C_/Program_Files/Raspberry_Pi/Pico_SDK_v1.5.1/pico-sdk/lib/tinyusb/src/portable/raspberrypi/rp2040/rp2040_usb.c.obj
                0x10007678                hw_endpoint_xfer_start
 .text.configuration_reset
                0x100076c8       0x88 CMakeFiles/lodgenet_gc_adapter_rp2040.dir/C_/Program_Files/Raspberry_Pi/Pico_SDK_v1.5.1/pico-sdk/lib/tinyusb/src/device/usbd.c.obj
 .text.usbd_reset
                0x10007750        0xc CMakeFiles/lodgenet_gc_adapter_rp2040.dir/C_/Program_Files/Raspberry_Pi/Pico_SDK_v1.5.1/pico-sdk/lib/tinyusb/src/device/usbd.c.obj
 .text.invoke_class_control
                0x1000775c       0x1a CMakeFiles/lodgenet_gc_adapter_rp2040.dir/C_/Program_Files/Raspberry_Pi/Pico_SDK_v1.5.1/pico-sdk/lib/tinyusb/src/device/usbd.c.obj
 *fill*         0x10007776        0x2 
 .text.process_set_config
                0x10007778      0x184 CMakeFiles/lodgenet_gc_adapter_rp2040.dir/C_/Program_Files/Raspberry_Pi/Pico_SDK_v1.5.1/pico-sdk/lib/tinyusb/src/device/usbd.c.obj
 .text.process_get_descriptor
                0x100078fc       0xdc CMakeFiles/lodgenet_gc_adapter_rp2040.dir/C_/Program_Files/Raspberry_Pi/Pico_SDK_v1.5.1/pico-sdk/lib/tinyusb/src/device/usbd.c.obj
 .text.tud_mounted
                0x100079d8       0x10 CMakeFiles/lodgenet_gc_adapter_rp2040.dir/C_/Program_Files/Raspberry_Pi/Pico_SDK_v1.5.1/pico-sdk/lib/tinyusb/src/device/usbd.c.obj
                0x100079d8                tud_mounted
 .text.tud_suspended
                0x100079e8       0x10 CMakeFiles/lodgenet_gc_adapter_rp2040.dir/C_/Program_Files/Raspberry_Pi/Pico_SDK_v1.5.1/pico-sdk/lib/tinyusb/src/device/usbd.c.obj
                0x100079e8                tud_suspended
 .text.tud_remote_wakeup
                0x100079f8       0x34 CMakeFiles/lodgenet_gc_adapter_rp2040.dir/C_/Program_Files/Raspberry_Pi/Pico_SDK_v1.5.1/pico-sdk/lib/tinyusb/src/device/usbd.c.obj
                0x100079f8                tud_remote_wakeup
 .text.tud_inited
                0x10007a2c       0x14 CMakeFiles/lodgenet_gc_adapter_rp2040.dir/C_/Program_Files/Raspberry_Pi/Pico_SDK_v1.5.1/pico-sdk/lib/tinyusb/src/device/usbd.c.obj
                0x10007a2c                tud_inited
 .text.tud_init
                0x10007a40       0xd0 CMakeFiles/lodgenet_gc_adapter_rp2040.dir/C_/Program_Files/Raspberry_Pi/Pico_SDK_v1.5.1/pico-sdk/lib/tinyusb/src/device/usbd.c.obj
                0x10007a40                tud_init
 .text.usbd_edpt_open
                0x10007b10       0x34 CMakeFiles/lodgenet_gc_adapter_rp2040.dir/C_/Program_Files/Raspberry_Pi/Pico_SDK_v1.5.1/pico-sdk/lib/tinyusb/src/device/usbd.c.obj
                0x10007b10                usbd_edpt_open
 .text.usbd_open_edpt_pair
                0x10007b44       0x62 CMakeFiles/lodgenet_gc_adapter_rp2040.dir/C_/Program_Files/Raspberry_Pi/Pico_SDK_v1.5.1/pico-sdk/lib/tinyusb/src/device/usbd.c.obj
                0x10007b44                usbd_open_edpt_pair
 *fill*         0x10007ba6        0x2 
 .text.usbd_edpt_claim
                0x10007ba8       0x28 CMakeFiles/lodgenet_gc_adapter_rp2040.dir/C_/Program_Files/Raspberry_Pi/Pico_SDK_v1.5.1/pico-sdk/lib/tinyusb/src/device/usbd.c.obj
                0x10007ba8                usbd_edpt_claim
 .text.usbd_edpt_release
                0x10007bd0       0x28 CMakeFiles/lodgenet_gc_adapter_rp2040.dir/C_/Program_Files/Raspberry_Pi/Pico_SDK_v1.5.1/pico-sdk/lib/tinyusb/src/device/usbd.c.obj
                0x10007bd0                usbd_edpt_release
 .text.usbd_edpt_xfer
                0x10007bf8       0x78 CMakeFiles/lodgenet_gc_adapter_rp2040.dir/C_/Program_Files/Raspberry_Pi/Pico_SDK_v1.5.1/pico-sdk/lib/tinyusb/src/device/usbd.c.obj
                0x10007bf8                usbd_edpt_xfer
 .text.usbd_edpt_busy
                0x10007c70       0x1c CMakeFiles/lodgenet_gc_adapter_rp2040.dir/C_/Program_Files/Raspberry_Pi/Pico_SDK_v1.5.1/pico-sdk/lib/tinyusb/src/device/usbd.c.obj
                0x10007c70                usbd_edpt_busy
 .text.usbd_edpt_stall
                0x10007c8c       0x48 CMakeFiles/lodgenet_gc_adapter_rp2040.dir/C_/Program_Files/Raspberry_Pi/Pico_SDK_v1.5.1/pico-sdk/lib/tinyusb/src/device/usbd.c.obj
                0x10007c8c                usbd_edpt_stall
 .text.usbd_edpt_clear_stall
                0x10007cd4       0x48 CMakeFiles/lodgenet_gc_adapter_rp2040.dir/C_/Program_Files/Raspberry_Pi/Pico_SDK_v1.5.1/pico-sdk/lib/tinyusb/src/device/usbd.c.obj
                0x10007cd4                usbd_edpt_clear_stall
 .text.usbd_edpt_stalled
                0x10007d1c       0x1c CMakeFiles/lodgenet_gc_adapter_rp2040.dir/C_/Program_Files/Raspberry_Pi/Pico_SDK_v1.5.1/pico-sdk/lib/tinyusb/src/device/usbd.c.obj
                0x10007d1c                usbd_edpt_stalled
 .text.process_control_request
                0x10007d38      0x37c CMakeFiles/lodgenet_gc_adapter_rp2040.dir/C_/Program_Files/Raspberry_Pi/Pico_SDK_v1.5.1/pico-sdk/lib/tinyusb/src/device/usbd.c.obj
 .text.tud_task_ext
                0x100080b4      0x1b8 CMakeFiles/lodgenet_gc_adapter_rp2040.dir/C_/Program_Files/Raspberry_Pi/Pico_SDK_v1.5.1/pico-sdk/lib/tinyusb/src/device/usbd.c.obj
                0x100080b4                tud_task_ext
 .text._data_stage_xact
                0x1000826c       0x58 CMakeFiles/lodgenet_gc_adapter_rp2040.dir/C_/Program_Files/Raspberry_Pi/Pico_SDK_v1.5.1/pico-sdk/lib/tinyusb/src/device/usbd_control.c.obj
 .text.tud_control_status
                0x100082c4       0x38 CMakeFiles/lodgenet_gc_adapter_rp2040.dir/C_/Program_Files/Raspberry_Pi/Pico_SDK_v1.5.1/pico-sdk/lib/tinyusb/src/device/usbd_control.c.obj
                0x100082c4                tud_control_status
 .text.tud_control_xfer
                0x100082fc       0x74 CMakeFiles/lodgenet_gc_adapter_rp2040.dir/C_/Program_Files/Raspberry_Pi/Pico_SDK_v1.5.1/pico-sdk/lib/tinyusb/src/device/usbd_control.c.obj
                0x100082fc                tud_control_xfer
 .text.usbd_control_reset
                0x10008370       0x14 CMakeFiles/lodgenet_gc_adapter_rp2040.dir/C_/Program_Files/Raspberry_Pi/Pico_SDK_v1.5.1/pico-sdk/lib/tinyusb/src/device/usbd_control.c.obj
                0x10008370                usbd_control_reset
 .text.usbd_control_set_complete_callback
                0x10008384        0xc CMakeFiles/lodgenet_gc_adapter_rp2040.dir/C_/Program_Files/Raspberry_Pi/Pico_SDK_v1.5.1/pico-sdk/lib/tinyusb/src/device/usbd_control.c.obj
                0x10008384                usbd_control_set_complete_callback
 .text.usbd_control_set_request
                0x10008390       0x1c CMakeFiles/lodgenet_gc_adapter_rp2040.dir/C_/Program_Files/Raspberry_Pi/Pico_SDK_v1.5.1/pico-sdk/lib/tinyusb/src/device/usbd_control.c.obj
                0x10008390                usbd_control_set_request
 .text.usbd_control_xfer_cb
                0x100083ac       0xcc CMakeFiles/lodgenet_gc_adapter_rp2040.dir/C_/Program_Files/Raspberry_Pi/Pico_SDK_v1.5.1/pico-sdk/lib/tinyusb/src/device/usbd_control.c.obj
                0x100083ac                usbd_control_xfer_cb
 .text._prep_out_transaction
                0x10008478       0x48 CMakeFiles/lodgenet_gc_adapter_rp2040.dir/C_/Program_Files/Raspberry_Pi/Pico_SDK_v1.5.1/pico-sdk/lib/tinyusb/src/class/cdc/cdc_device.c.obj
 .text.tud_cdc_n_write_flush
                0x100084c0       0xc8 CMakeFiles/lodgenet_gc_adapter_rp2040.dir/C_/Program_Files/Raspberry_Pi/Pico_SDK_v1.5.1/pico-sdk/lib/tinyusb/src/class/cdc/cdc_device.c.obj
                0x100084c0                tud_cdc_n_write_flush
 .text.cdcd_init
                0x10008588       0xc0 CMakeFiles/lodgenet_gc_adapter_rp2040.dir/C_/Program_Files/Raspberry_Pi/Pico_SDK_v1.5.1/pico-sdk/lib/tinyusb/src/class/cdc/cdc_device.c.obj
                0x10008588                cdcd_init
 .text.cdcd_reset
                0x10008648       0x50 CMakeFiles/lodgenet_gc_adapter_rp2040.dir/C_/Program_Files/Raspberry_Pi/Pico_SDK_v1.5.1/pico-sdk/lib/tinyusb/src/class/cdc/cdc_device.c.obj
                0x10008648                cdcd_reset
 .text.cdcd_open
                0x10008698       0xd8 CMakeFiles/lodgenet_gc_adapter_rp2040.dir/C_/Program_Files/Raspberry_Pi/Pico_SDK_v1.5.1/pico-sdk/lib/tinyusb/src/class/cdc/cdc_device.c.obj
                0x10008698                cdcd_open
 .text.cdcd_control_xfer_cb
                0x10008770      0x130 CMakeFiles/lodgenet_gc_adapter_rp2040.dir/C_/Program_Files/Raspberry_Pi/Pico_SDK_v1.5.1/pico-sdk/lib/tinyusb/src/class/cdc/cdc_device.c.obj
                0x10008770                cdcd_control_xfer_cb
 .text.cdcd_xfer_cb
                0x100088a0      0x12c CMakeFiles/lodgenet_gc_adapter_rp2040.dir/C_/Program_Files/Raspberry_Pi/Pico_SDK_v1.5.1/pico-sdk/lib/tinyusb/src/class/cdc/cdc_device.c.obj
                0x100088a0                cdcd_xfer_cb
 .text.tud_hid_n_ready
                0x100089cc       0x50 CMakeFiles/lodgenet_gc_adapter_rp2040.dir/C_/Program_Files/Raspberry_Pi/Pico_SDK_v1.5.1/pico-sdk/lib/tinyusb/src/class/hid/hid_device.c.obj
                0x100089cc                tud_hid_n_ready
 .text.tud_hid_n_report
                0x10008a1c       0x84 CMakeFiles/lodgenet_gc_adapter_rp2040.dir/C_/Program_Files/Raspberry_Pi/Pico_SDK_v1.5.1/pico-sdk/lib/tinyusb/src/class/hid/hid_device.c.obj
                0x10008a1c                tud_hid_n_report
 .text.hidd_reset
                0x10008aa0       0x14 CMakeFiles/lodgenet_gc_adapter_rp2040.dir/C_/Program_Files/Raspberry_Pi/Pico_SDK_v1.5.1/pico-sdk/lib/tinyusb/src/class/hid/hid_device.c.obj
                0x10008aa0                hidd_reset
 .text.hidd_init
                0x10008ab4        0xa CMakeFiles/lodgenet_gc_adapter_rp2040.dir/C_/Program_Files/Raspberry_Pi/Pico_SDK_v1.5.1/pico-sdk/lib/tinyusb/src/class/hid/hid_device.c.obj
                0x10008ab4                hidd_init
 *fill*         0x10008abe        0x2 
 .text.hidd_open
                0x10008ac0       0xc0 CMakeFiles/lodgenet_gc_adapter_rp2040.dir/C_/Program_Files/Raspberry_Pi/Pico_SDK_v1.5.1/pico-sdk/lib/tinyusb/src/class/hid/hid_device.c.obj
                0x10008ac0                hidd_open
 .text.hidd_control_xfer_cb
                0x10008b80      0x278 CMakeFiles/lodgenet_gc_adapter_rp2040.dir/C_/Program_Files/Raspberry_Pi/Pico_SDK_v1.5.1/pico-sdk/lib/tinyusb/src/class/hid/hid_device.c.obj
                0x10008b80                hidd_control_xfer_cb
 .text.hidd_xfer_cb
                0x10008df8       0x84 CMakeFiles/lodgenet_gc_adapter_rp2040.dir/C_/Program_Files/Raspberry_Pi/Pico_SDK_v1.5.1/pico-sdk/lib/tinyusb/src/class/hid/hid_device.c.obj
                0x10008df8                hidd_xfer_cb
 .text._prep_out_transaction
                0x10008e7c       0x2c CMakeFiles/lodgenet_gc_adapter_rp2040.dir/C_/Program_Files/Raspberry_Pi/Pico_SDK_v1.5.1/pico-sdk/lib/tinyusb/src/class/vendor/vendor_device.c.obj
 .text.maybe_transmit
                0x10008ea8       0x3e CMakeFiles/lodgenet_gc_adapter_rp2040.dir/C_/Program_Files/Raspberry_Pi/Pico_SDK_v1.5.1/pico-sdk/lib/tinyusb/src/class/vendor/vendor_device.c.obj
 *fill*         0x10008ee6        0x2 
 .text.tud_vendor_n_read
                0x10008ee8       0x2c CMakeFiles/lodgenet_gc_adapter_rp2040.dir/C_/Program_Files/Raspberry_Pi/Pico_SDK_v1.5.1/pico-sdk/lib/tinyusb/src/class/vendor/vendor_device.c.obj
                0x10008ee8                tud_vendor_n_read
 .text.tud_vendor_n_write
                0x10008f14       0x3c CMakeFiles/lodgenet_gc_adapter_rp2040.dir/C_/Program_Files/Raspberry_Pi/Pico_SDK_v1.5.1/pico-sdk/lib/tinyusb/src/class/vendor/vendor_device.c.obj
                0x10008f14                tud_vendor_n_write
 .text.tud_vendor_n_flush
                0x10008f50       0x1c CMakeFiles/lodgenet_gc_adapter_rp2040.dir/C_/Program_Files/Raspberry_Pi/Pico_SDK_v1.5.1/pico-sdk/lib/tinyusb/src/class/vendor/vendor_device.c.obj
                0x10008f50                tud_vendor_n_flush
 .text.vendord_init
                0x10008f6c       0xa8 CMakeFiles/lodgenet_gc_adapter_rp2040.dir/C_/Program_Files/Raspberry_Pi/Pico_SDK_v1.5.1/pico-sdk/lib/tinyusb/src/class/vendor/vendor_device.c.obj
                0x10008f6c                vendord_init
 .text.vendord_reset
                0x10009014       0x40 CMakeFiles/lodgenet_gc_adapter_rp2040.dir/C_/Program_Files/Raspberry_Pi/Pico_SDK_v1.5.1/pico-sdk/lib/tinyusb/src/class/vendor/vendor_device.c.obj
                0x10009014                vendord_reset
 .text.vendord_open
                0x10009054       0xd4 CMakeFiles/lodgenet_gc_adapter_rp2040.dir/C_/Program_Files/Raspberry_Pi/Pico_SDK_v1.5.1/pico-sdk/lib/tinyusb/src/class/vendor/vendor_device.c.obj
                0x10009054                vendord_open
 .text.vendord_xfer_cb
                0x10009128       0x7c CMakeFiles/lodgenet_gc_adapter_rp2040.dir/C_/Program_Files/Raspberry_Pi/Pico_SDK_v1.5.1/pico-sdk/lib/tinyusb/src/class/vendor/vendor_device.c.obj
                0x10009128                vendord_xfer_cb
 .text.tusb_init
                0x100091a4        0xa CMakeFiles/lodgenet_gc_adapter_rp2040.dir/C_/Program_Files/Raspberry_Pi/Pico_SDK_v1.5.1/pico-sdk/lib/tinyusb/src/tusb.c.obj
                0x100091a4                tusb_init
 .text.tusb_inited
                0x100091ae        0xe CMakeFiles/lodgenet_gc_adapter_rp2040.dir/C_/Program_Files/Raspberry_Pi/Pico_SDK_v1.5.1/pico-sdk/lib/tinyusb/src/tusb.c.obj
                0x100091ae                tusb_inited
 .text.tu_edpt_claim
                0x100091bc       0x50 CMakeFiles/lodgenet_gc_adapter_rp2040.dir/C_/Program_Files/Raspberry_Pi/Pico_SDK_v1.5.1/pico-sdk/lib/tinyusb/src/tusb.c.obj
                0x100091bc                tu_edpt_claim
 .text.tu_edpt_release
                0x1000920c       0x3c CMakeFiles/lodgenet_gc_adapter_rp2040.dir/C_/Program_Files/Raspberry_Pi/Pico_SDK_v1.5.1/pico-sdk/lib/tinyusb/src/tusb.c.obj
                0x1000920c                tu_edpt_release
 .text.tu_edpt_validate
                0x10009248       0x78 CMakeFiles/lodgenet_gc_adapter_rp2040.dir/C_/Program_Files/Raspberry_Pi/Pico_SDK_v1.5.1/pico-sdk/lib/tinyusb/src/tusb.c.obj
                0x10009248                tu_edpt_validate
 .text.tu_edpt_bind_driver
                0x100092c0       0x26 CMakeFiles/lodgenet_gc_adapter_rp2040.dir/C_/Program_Files/Raspberry_Pi/Pico_SDK_v1.5.1/pico-sdk/lib/tinyusb/src/tusb.c.obj
                0x100092c0                tu_edpt_bind_driver
 .text.advance_index
                0x100092e6       0x1a CMakeFiles/lodgenet_gc_adapter_rp2040.dir/C_/Program_Files/Raspberry_Pi/Pico_SDK_v1.5.1/pico-sdk/lib/tinyusb/src/common/tusb_fifo.c.obj
 .text._tu_fifo_peek
                0x10009300       0x56 CMakeFiles/lodgenet_gc_adapter_rp2040.dir/C_/Program_Files/Raspberry_Pi/Pico_SDK_v1.5.1/pico-sdk/lib/tinyusb/src/common/tusb_fifo.c.obj
 .text._ff_pull_const_addr
                0x10009356       0x4c CMakeFiles/lodgenet_gc_adapter_rp2040.dir/C_/Program_Files/Raspberry_Pi/Pico_SDK_v1.5.1/pico-sdk/lib/tinyusb/src/common/tusb_fifo.c.obj
 .text._ff_pull_n
                0x100093a2      0x110 CMakeFiles/lodgenet_gc_adapter_rp2040.dir/C_/Program_Files/Raspberry_Pi/Pico_SDK_v1.5.1/pico-sdk/lib/tinyusb/src/common/tusb_fifo.c.obj
 .text._tu_fifo_peek_n
                0x100094b2       0x6a CMakeFiles/lodgenet_gc_adapter_rp2040.dir/C_/Program_Files/Raspberry_Pi/Pico_SDK_v1.5.1/pico-sdk/lib/tinyusb/src/common/tusb_fifo.c.obj
 .text._tu_fifo_read_n
                0x1000951c       0x4e CMakeFiles/lodgenet_gc_adapter_rp2040.dir/C_/Program_Files/Raspberry_Pi/Pico_SDK_v1.5.1/pico-sdk/lib/tinyusb/src/common/tusb_fifo.c.obj
 .text._ff_push_const_addr
                0x1000956a       0x40 CMakeFiles/lodgenet_gc_adapter_rp2040.dir/C_/Program_Files/Raspberry_Pi/Pico_SDK_v1.5.1/pico-sdk/lib/tinyusb/src/common/tusb_fifo.c.obj
 .text._ff_push_n
                0x100095aa      0x10c CMakeFiles/lodgenet_gc_adapter_rp2040.dir/C_/Program_Files/Raspberry_Pi/Pico_SDK_v1.5.1/pico-sdk/lib/tinyusb/src/common/tusb_fifo.c.obj
 .text._tu_fifo_write_n
                0x100096b6       0xf0 CMakeFiles/lodgenet_gc_adapter_rp2040.dir/C_/Program_Files/Raspberry_Pi/Pico_SDK_v1.5.1/pico-sdk/lib/tinyusb/src/common/tusb_fifo.c.obj
 .text.tu_fifo_config
                0x100097a6       0x7c CMakeFiles/lodgenet_gc_adapter_rp2040.dir/C_/Program_Files/Raspberry_Pi/Pico_SDK_v1.5.1/pico-sdk/lib/tinyusb/src/common/tusb_fifo.c.obj
                0x100097a6                tu_fifo_config
 .text.tu_fifo_count
                0x10009822       0x2a CMakeFiles/lodgenet_gc_adapter_rp2040.dir/C_/Program_Files/Raspberry_Pi/Pico_SDK_v1.5.1/pico-sdk/lib/tinyusb/src/common/tusb_fifo.c.obj
                0x10009822                tu_fifo_count
 .text.tu_fifo_empty
                0x1000984c       0x10 CMakeFiles/lodgenet_gc_adapter_rp2040.dir/C_/Program_Files/Raspberry_Pi/Pico_SDK_v1.5.1/pico-sdk/lib/tinyusb/src/common/tusb_fifo.c.obj
                0x1000984c                tu_fifo_empty
 .text.tu_fifo_full
                0x1000985c       0x28 CMakeFiles/lodgenet_gc_adapter_rp2040.dir/C_/Program_Files/Raspberry_Pi/Pico_SDK_v1.5.1/pico-sdk/lib/tinyusb/src/common/tusb_fifo.c.obj
                0x1000985c                tu_fifo_full
 .text.tu_fifo_remaining
                0x10009884       0x2c CMakeFiles/lodgenet_gc_adapter_rp2040.dir/C_/Program_Files/Raspberry_Pi/Pico_SDK_v1.5.1/pico-sdk/lib/tinyusb/src/common/tusb_fifo.c.obj
                0x10009884                tu_fifo_remaining
 .text.tu_fifo_read
                0x100098b0       0x42 CMakeFiles/lodgenet_gc_adapter_rp2040.dir/C_/Program_Files/Raspberry_Pi/Pico_SDK_v1.5.1/pico-sdk/lib/tinyusb/src/common/tusb_fifo.c.obj
                0x100098b0                tu_fifo_read
 .text.tu_fifo_read_n
                0x100098f2        0xa CMakeFiles/lodgenet_gc_adapter_rp2040.dir/C_/Program_Files/Raspberry_Pi/Pico_SDK_v1.5.1/pico-sdk/lib/tinyusb/src/common/tusb_fifo.c.obj
                0x100098f2                tu_fifo_read_n
 .text.tu_fifo_write
                0x100098fc       0x64 CMakeFiles/lodgenet_gc_adapter_rp2040.dir/C_/Program_Files/Raspberry_Pi/Pico_SDK_v1.5.1/pico-sdk/lib/tinyusb/src/common/tusb_fifo.c.obj
                0x100098fc                tu_fifo_write
 .text.tu_fifo_write_n
                0x10009960        0xa CMakeFiles/lodgenet_gc_adapter_rp2040.dir/C_/Program_Files/Raspberry_Pi/Pico_SDK_v1.5.1/pico-sdk/lib/tinyusb/src/common/tusb_fifo.c.obj
                0x10009960                tu_fifo_write_n
 .text.tu_fifo_clear
                0x1000996a       0x3e CMakeFiles/lodgenet_gc_adapter_rp2040.dir/C_/Program_Files/Raspberry_Pi/Pico_SDK_v1.5.1/pico-sdk/lib/tinyusb/src/common/tusb_fifo.c.obj
                0x1000996a                tu_fifo_clear
 .text.tu_fifo_set_overwritable
                0x100099a8       0x46 CMakeFiles/lodgenet_gc_adapter_rp2040.dir/C_/Program_Files/Raspberry_Pi/Pico_SDK_v1.5.1/pico-sdk/lib/tinyusb/src/common/tusb_fifo.c.obj
                0x100099a8                tu_fifo_set_overwritable
 *fill*         0x100099ee        0x2 
 .text.strlen   0x100099f0       0x5c c:/progra~1/raspbe~1/picosd~1.1/gcc-ar~1/bin/../lib/gcc/arm-none-eabi/10.3.1/../../../../arm-none-eabi/lib/thumb/v6-m/nofp\libg.a(lib_a-strlen-stub.o)
                0x100099f0                strlen
 *(.fini)
 .fini          0x10009a4c        0x4 c:/progra~1/raspbe~1/picosd~1.1/gcc-ar~1/bin/../lib/gcc/arm-none-eabi/10.3.1/thumb/v6-m/nofp/crti.o
                0x10009a4c                _fini
 .fini.__stub   0x10009a50       0xe0 linker stubs
 *crtbegin.o(.ctors)
 *crtbegin?.o(.ctors)
 *(EXCLUDE_FILE(*crtend.o *crtend?.o) .ctors)
 *(SORT_BY_NAME(.ctors.*))
 *(.ctors)
 *crtbegin.o(.dtors)
 *crtbegin?.o(.dtors)
 *(EXCLUDE_FILE(*crtend.o *crtend?.o) .dtors)
 *(SORT_BY_NAME(.dtors.*))
 *(.dtors)
 *(.eh_frame*)
 .eh_frame      0x10009b30        0x0 c:/progra~1/raspbe~1/picosd~1.1/gcc-ar~1/bin/../lib/gcc/arm-none-eabi/10.3.1/thumb/v6-m/nofp/crtbegin.o
                0x10009b30                . = ALIGN (0x4)

.glue_7         0x10009b30        0x0
 .glue_7        0x10009b30        0x0 linker stubs

.glue_7t        0x10009b30        0x0
 .glue_7t       0x10009b30        0x0 linker stubs

.vfp11_veneer   0x10009b30        0x0
 .vfp11_veneer  0x10009b30        0x0 linker stubs

.v4_bx          0x10009b30        0x0
 .v4_bx         0x10009b30        0x0 linker stubs

.iplt           0x10009b30        0x0
 .iplt          0x10009b30        0x0 c:/progra~1/raspbe~1/picosd~1.1/gcc-ar~1/bin/../lib/gcc/arm-none-eabi/10.3.1/thumb/v6-m/nofp/crtbegin.o

.rodata         0x10009b30     0x2234
 *(EXCLUDE_FILE(*libm.a: *libc.a:*lib_a-mem*.o *libgcc.a:) .rodata*)
 .rodata.joybus_itf_poll
                0x10009b30      0x100 CMakeFiles/lodgenet_gc_adapter_rp2040.dir/main.c.obj
 .rodata.desc_bos
                0x10009c30       0x39 CMakeFiles/lodgenet_gc_adapter_rp2040.dir/common/usb/desc_bos.c.obj
                0x10009c30                desc_bos
 *fill*         0x10009c69        0x3 
 .rodata.desc_ms_os_20
                0x10009c6c       0xb2 CMakeFiles/lodgenet_gc_adapter_rp2040.dir/common/usb/desc_bos.c.obj
                0x10009c6c                desc_ms_os_20
 *fill*         0x10009d1e        0x2 
 .rodata.tud_vendor_rx_cb.str1.4
                0x10009d20       0x16 CMakeFiles/lodgenet_gc_adapter_rp2040.dir/common/adapter_tusb.c.obj
 *fill*         0x10009d36        0x2 
 .rodata.tud_vendor_control_xfer_cb.str1.4
                0x10009d38       0x13 CMakeFiles/lodgenet_gc_adapter_rp2040.dir/common/adapter_tusb.c.obj
 *fill*         0x10009d4b        0x1 
 .rodata.MS_OS_Descriptor
                0x10009d4c       0x12 CMakeFiles/lodgenet_gc_adapter_rp2040.dir/common/adapter_tusb.c.obj
 *fill*         0x10009d5e        0x2 
 .rodata.desc_url
                0x10009d60       0x20 CMakeFiles/lodgenet_gc_adapter_rp2040.dir/common/adapter_tusb.c.obj
                0x10009d60                desc_url
 .rodata.str1.4
                0x10009d80       0x4b CMakeFiles/lodgenet_gc_adapter_rp2040.dir/common/adapter_defines.c.obj
 *fill*         0x10009dcb        0x1 
 .rodata.settings_load.str1.4
                0x10009dcc       0x2f CMakeFiles/lodgenet_gc_adapter_rp2040.dir/common/adapter_settings.c.obj
 *fill*         0x10009dfb        0x1 
 .rodata.tud_xinput_driver
                0x10009dfc       0x18 CMakeFiles/lodgenet_gc_adapter_rp2040.dir/common/usb/xinput_driver.c.obj
                0x10009dfc                tud_xinput_driver
 .rodata.xid_configuration_descriptor
                0x10009e14       0x30 CMakeFiles/lodgenet_gc_adapter_rp2040.dir/common/usb/xinput_driver.c.obj
                0x10009e14                xid_configuration_descriptor
 .rodata.xid_device_descriptor
                0x10009e44       0x12 CMakeFiles/lodgenet_gc_adapter_rp2040.dir/common/usb/xinput_driver.c.obj
                0x10009e44                xid_device_descriptor
 *fill*         0x10009e56        0x2 
 .rodata.ginputd_control_xfer_cb
                0x10009e58       0x30 CMakeFiles/lodgenet_gc_adapter_rp2040.dir/common/usb/ginput_driver.c.obj
 .rodata.gc_hid_report_descriptor
                0x10009e88       0x6a CMakeFiles/lodgenet_gc_adapter_rp2040.dir/common/usb/ginput_driver.c.obj
                0x10009e88                gc_hid_report_descriptor
 *fill*         0x10009ef2        0x2 
 .rodata.ginput_configuration_descriptor
                0x10009ef4       0x29 CMakeFiles/lodgenet_gc_adapter_rp2040.dir/common/usb/ginput_driver.c.obj
                0x10009ef4                ginput_configuration_descriptor
 *fill*         0x10009f1d        0x3 
 .rodata.ginput_device_descriptor
                0x10009f20       0x12 CMakeFiles/lodgenet_gc_adapter_rp2040.dir/common/usb/ginput_driver.c.obj
                0x10009f20                ginput_device_descriptor
 *fill*         0x10009f32        0x2 
 .rodata.ginputslippi_configuration_descriptor
                0x10009f34       0x29 CMakeFiles/lodgenet_gc_adapter_rp2040.dir/common/usb/ginput_driver.c.obj
                0x10009f34                ginputslippi_configuration_descriptor
 *fill*         0x10009f5d        0x3 
 .rodata.tud_ginput_driver
                0x10009f60       0x18 CMakeFiles/lodgenet_gc_adapter_rp2040.dir/common/usb/ginput_driver.c.obj
                0x10009f60                tud_ginput_driver
 .rodata.info_handler.str1.4