Archive member included to satisfy reference by file (symbol)

c:/progra~1/raspbe~1/picosd~1.1/gcc-ar~1/bin/../lib/gcc/arm-none-eabi/10.3.1/thumb/v6-m/nofp\libgcc.a(_dvmd_tls.o)
                              CMakeFiles/lodgenet_gc_adapter_rp2040.dir/C_/Program_Files/Raspberry_Pi/Pico_SDK_v1.5.1/pico-sdk/src/rp2_common/pico_divider/divider.S.obj (__aeabi_idiv0)
c:/progra~1/raspbe~1/picosd~1.1/gcc-ar~1/bin/../lib/gcc/arm-none-eabi/10.3.1/../../../../arm-none-eabi/lib/thumb/v6-m/nofp\libg.a(lib_a-calloc.o)
                              CMakeFiles/lodgenet_gc_adapter_rp2040.dir/C_/Program_Files/Raspberry_Pi/Pico_SDK_v1.5.1/pico-sdk/src/rp2_common/pico_malloc/pico_malloc.c.obj (calloc)
c:/progra~1/raspbe~1/picosd~1.1/gcc-ar~1/bin/../lib/gcc/arm-none-eabi/10.3.1/../../../../arm-none-eabi/lib/thumb/v6-m/nofp\libg.a(lib_a-callocr.o)
                              c:/progra~1/raspbe~1/picosd~1.1/gcc-ar~1/bin/../lib/gcc/arm-none-eabi/10.3.1/../../../../arm-none-eabi/lib/thumb/v6-m/nofp\libg.a(lib_a-calloc.o) (_calloc_r)
c:/progra~1/raspbe~1/picosd~1.1/gcc-ar~1/bin/../lib/gcc/arm-none-eabi/10.3.1/../../../../arm-none-eabi/lib/thumb/v6-m/nofp\libg.a(lib_a-errno.o)
                              c:/progra~1/raspbe~1/picosd~1.1/gcc-ar~1/bin/../lib/gcc/arm-none-eabi/10.3.1/../../../../arm-none-eabi/lib/thumb/v6-m/nofp\libg.a(lib_a-callocr.o) (__errno)
c:/progra~1/raspbe~1/picosd~1.1/gcc-ar~1/bin/../lib/gcc/arm-none-eabi/10.3.1/../../../../arm-none-eabi/lib/thumb/v6-m/nofp\libg.a(lib_a-impure.o)
                              c:/progra~1/raspbe~1/picosd~1.1/gcc-ar~1/bin/../lib/gcc/arm-none-eabi/10.3.1/../../../../arm-none-eabi/lib/thumb/v6-m/nofp\libg.a(lib_a-calloc.o) (_impure_ptr)
c:/progra~1/raspbe~1/picosd~1.1/gcc-ar~1/bin/../lib/gcc/arm-none-eabi/10.3.1/../../../../arm-none-eabi/lib/thumb/v6-m/nofp\libg.a(lib_a-init.o)
                              c:/progra~1/raspbe~1/picosd~1.1/gcc-ar~1/bin/../lib/gcc/arm-none-eabi/10.3.1/../../../../arm-none-eabi/lib/thumb/v6-m/nofp/crt0.o (__libc_init_array)
c:/progra~1/raspbe~1/picosd~1.1/gcc-ar~1/bin/../lib/gcc/arm-none-eabi/10.3.1/../../../../arm-none-eabi/lib/thumb/v6-m/nofp\libg.a(lib_a-malloc.o)
                              CMakeFiles/lodgenet_gc_adapter_rp2040.dir/C_/Program_Files/Raspberry_Pi/Pico_SDK_v1.5.1/pico-sdk/src/rp2_common/pico_malloc/pico_malloc.c.obj (malloc)
c:/progra~1/raspbe~1/picosd~1.1/gcc-ar~1/bin/../lib/gcc/arm-none-eabi/10.3.1/../../../../arm-none-eabi/lib/thumb/v6-m/nofp\libg.a(lib_a-mallocr.o)
                              c:/progra~1/raspbe~1/picosd~1.1/gcc-ar~1/bin/../lib/gcc/arm-none-eabi/10.3.1/../../../../arm-none-eabi/lib/thumb/v6-m/nofp\libg.a(lib_a-callocr.o) (_malloc_r)
c:/progra~1/raspbe~1/picosd~1.1/gcc-ar~1/bin/../lib/gcc/arm-none-eabi/10.3.1/../../../../arm-none-eabi/lib/thumb/v6-m/nofp\libg.a(lib_a-mlock.o)
                              c:/progra~1/raspbe~1/picosd~1.1/gcc-ar~1/bin/../lib/gcc/arm-none-eabi/10.3.1/../../../../arm-none-eabi/lib/thumb/v6-m/nofp\libg.a(lib_a-mallocr.o) (__malloc_lock)
c:/progra~1/raspbe~1/picosd~1.1/gcc-ar~1/bin/../lib/gcc/arm-none-eabi/10.3.1/../../../../arm-none-eabi/lib/thumb/v6-m/nofp\libg.a(lib_a-realloc.o)
                              CMakeFiles/lodgenet_gc_adapter_rp2040.dir/C_/Program_Files/Raspberry_Pi/Pico_SDK_v1.5.1/pico-sdk/src/rp2_common/pico_malloc/pico_malloc.c.obj (realloc)
c:/progra~1/raspbe~1/picosd~1.1/gcc-ar~1/bin/../lib/gcc/arm-none-eabi/10.3.1/../../../../arm-none-eabi/lib/thumb/v6-m/nofp\libg.a(lib_a-reallocr.o)
                              c:/progra~1/raspbe~1/picosd~1.1/gcc-ar~1/bin/../lib/gcc/arm-none-eabi/10.3.1/../../../../arm-none-eabi/lib/thumb/v6-m/nofp\libg.a(lib_a-realloc.o) (_realloc_r)
c:/progra~1/raspbe~1/picosd~1.1/gcc-ar~1/bin/../lib/gcc/arm-none-eabi/10.3.1/../../../../arm-none-eabi/lib/thumb/v6-m/nofp\libg.a(lib_a-sbrkr.o)
                              c:/progra~1/raspbe~1/picosd~1.1/gcc-ar~1/bin/../lib/gcc/arm-none-eabi/10.3.1/../../../../arm-none-eabi/lib/thumb/v6-m/nofp\libg.a(lib_a-mallocr.o) (_sbrk_r)
c:/progra~1/raspbe~1/picosd~1.1/gcc-ar~1/bin/../lib/gcc/arm-none-eabi/10.3.1/../../../../arm-none-eabi/lib/thumb/v6-m/nofp\libg.a(lib_a-strlen-stub.o)
                              CMakeFiles/lodgenet_gc_adapter_rp2040.dir/common/adapter_tusb.c.obj (strlen)
c:/progra~1/raspbe~1/picosd~1.1/gcc-ar~1/bin/../lib/gcc/arm-none-eabi/10.3.1/../../../../arm-none-eabi/lib/thumb/v6-m/nofp\libg.a(lib_a-freer.o)
                              c:/progra~1/raspbe~1/picosd~1.1/gcc-ar~1/bin/../lib/gcc/arm-none-eabi/10.3.1/../../../../arm-none-eabi/lib/thumb/v6-m/nofp\libg.a(lib_a-malloc.o) (_free_r)
c:/progra~1/raspbe~1/picosd~1.1/gcc-ar~1/bin/../lib/gcc/arm-none-eabi/10.3.1/../../../../arm-none-eabi/lib/thumb/v6-m/nofp\libg.a(lib_a-lock.o)
                              c:/progra~1/raspbe~1/picosd~1.1/gcc-ar~1/bin/../lib/gcc/arm-none-eabi/10.3.1/../../../../arm-none-eabi/lib/thumb/v6-m/nofp\libg.a(lib_a-mlock.o) (__retarget_lock_acquire_recursive)
[...]
Memory Configuration

Name             Origin             Length             Attributes
FLASH            0x10000000         0x00200000         xr
RAM              0x20000000         0x00040000         xrw
SCRATCH_X        0x20040000         0x00001000         xrw
SCRATCH_Y        0x20041000         0x00001000         xrw
*default*        0x00000000         0xffffffff

Linker script and memory map

LOAD c:/progra~1/raspbe~1/picosd~1.1/gcc-ar~1/bin/../lib/gcc/arm-none-eabi/10.3.1/thumb/v6-m/nofp/crti.o
LOAD c:/progra~1/raspbe~1/picosd~1.1/gcc-ar~1/bin/../lib/gcc/arm-none-eabi/10.3.1/thumb/v6-m/nofp/crtbegin.o
LOAD c:/progra~1/raspbe~1/picosd~1.1/gcc-ar~1/bin/../lib/gcc/arm-none-eabi/10.3.1/../../../../arm-none-eabi/lib/thumb/v6-m/nofp/crt0.o

.flash_begin    0x10000000        0x0
                0x10000000                __flash_binary_start = .

.boot2          0x10000000      0x100
                0x10000000                __boot2_start__ = .
 *(.boot2)
 .boot2         0x10000000      0x100 C:\Users\Mitch\AppData\Local\Temp\ccQNUMkI.o
                0x10000100                __boot2_end__ = .
                0x00000001                ASSERT (((__boot2_end__ - __boot2_start__) == 0x100), ERROR: Pico second stage bootloader must be 256 bytes in size)

.text           0x10000100     0x9a10
                0x10000100                __logical_binary_start = .
 *(.vectors)
 .vectors       0x10000100       0xd4 CMakeFiles/lodgenet_gc_adapter_rp2040.dir/C_/Program_Files/Raspberry_Pi/Pico_SDK_v1.5.1/pico-sdk/src/rp2_common/pico_standard_link/crt0.S.obj
                0x10000100                __VECTOR_TABLE
                0x10000100                __vectors
                0x100001c0                isr_invalid
                0x100001c0                __default_isrs_start
                0x100001c2                isr_nmi
                0x100001c4                isr_hardfault
                0x100001c6                isr_svcall
                0x100001c8                isr_pendsv
                0x100001ca                isr_systick
                0x100001cc                isr_irq23
                0x100001cc                isr_irq18
                0x100001cc                isr_irq11
                0x100001cc                isr_irq28
                0x100001cc                isr_irq19
                0x100001cc                isr_irq0
                0x100001cc                isr_irq6
                0x100001cc                isr_irq5
                0x100001cc                isr_irq12
                0x100001cc                isr_irq22
                0x100001cc                isr_irq31
                0x100001cc                isr_irq17
                0x100001cc                isr_irq27
                0x100001cc                isr_irq30
                0x100001cc                isr_irq2
                0x100001cc                isr_irq10
                0x100001cc                isr_irq8
                0x100001cc                isr_irq24
                0x100001cc                isr_irq1
                0x100001cc                isr_irq7
                0x100001cc                isr_irq21
                0x100001cc                isr_irq20
                0x100001cc                isr_irq15
                0x100001cc                isr_irq25
                0x100001cc                isr_irq13
                0x100001cc                __unhandled_user_irq
                0x100001cc                isr_irq4
                0x100001cc                isr_irq16
                0x100001cc                isr_irq29
                0x100001cc                isr_irq26
                0x100001cc                __default_isrs_end
                0x100001cc                isr_irq3
                0x100001cc                isr_irq14
                0x100001cc                isr_irq9
                0x100001d2                unhandled_user_irq_num_in_r0
 *(.binary_info_header)
 .binary_info_header
                0x100001d4       0x14 CMakeFiles/lodgenet_gc_adapter_rp2040.dir/C_/Program_Files/Raspberry_Pi/Pico_SDK_v1.5.1/pico-sdk/src/rp2_common/pico_standard_link/crt0.S.obj
                0x100001e8                __binary_info_header_end = .
 *(.reset)
 .reset         0x100001e8       0xa0 CMakeFiles/lodgenet_gc_adapter_rp2040.dir/C_/Program_Files/Raspberry_Pi/Pico_SDK_v1.5.1/pico-sdk/src/rp2_common/pico_standard_link/crt0.S.obj
                0x100001e8                _entry_point
 .reset         0x10000288       0x30 CMakeFiles/lodgenet_gc_adapter_rp2040.dir/C_/Program_Files/Raspberry_Pi/Pico_SDK_v1.5.1/pico-sdk/src/rp2_common/pico_standard_link/binary_info.c.obj
 *(.init)
 .init          0x100002b8        0x4 c:/progra~1/raspbe~1/picosd~1.1/gcc-ar~1/bin/../lib/gcc/arm-none-eabi/10.3.1/thumb/v6-m/nofp/crti.o
                0x100002b8                _init
 *(EXCLUDE_FILE(*libm.a: *libc.a:*lib_a-mem*.o *libgcc.a:) .text*)
 .text          0x100002bc       0x48 c:/progra~1/raspbe~1/picosd~1.1/gcc-ar~1/bin/../lib/gcc/arm-none-eabi/10.3.1/thumb/v6-m/nofp/crtbegin.o
 .text.cb_adapter_hardware_test
                0x10000304        0x4 CMakeFiles/lodgenet_gc_adapter_rp2040.dir/main.c.obj
                0x10000304                cb_adapter_hardware_test
 .text.joybus_itf_poll
                0x10000308      0x22c CMakeFiles/lodgenet_gc_adapter_rp2040.dir/main.c.obj
                0x10000308                joybus_itf_poll
 .text.joybus_itf_enable_rumble
                0x10000534        0x2 CMakeFiles/lodgenet_gc_adapter_rp2040.dir/main.c.obj
                0x10000534                joybus_itf_enable_rumble
 .text.rgb_itf_update
                0x10000536        0x2 CMakeFiles/lodgenet_gc_adapter_rp2040.dir/main.c.obj
                0x10000536                rgb_itf_update
 .text.joybus_itf_init
                0x10000538       0x3e CMakeFiles/lodgenet_gc_adapter_rp2040.dir/main.c.obj
                0x10000538                joybus_itf_init
 .text.rgb_itf_init
                0x10000576       0x20 CMakeFiles/lodgenet_gc_adapter_rp2040.dir/main.c.obj
                0x10000576                rgb_itf_init
 .text.main     0x10000596        0xc CMakeFiles/lodgenet_gc_adapter_rp2040.dir/main.c.obj
                0x10000596                main
 *fill*         0x100005a2        0x2 
 .text._rgb_update_all
                0x100005a4       0x10 CMakeFiles/lodgenet_gc_adapter_rp2040.dir/common/utilities/rgb.c.obj
                0x100005a4                _rgb_update_all
 .text._rgb_blend
                0x100005b4       0xac CMakeFiles/lodgenet_gc_adapter_rp2040.dir/common/utilities/rgb.c.obj
                0x100005b4                _rgb_blend
 .text._rgb_animate_step
                0x10000660       0x90 CMakeFiles/lodgenet_gc_adapter_rp2040.dir/common/utilities/rgb.c.obj
                0x10000660                _rgb_animate_step
 .text.rgb_set_dirty
                0x100006f0        0xc CMakeFiles/lodgenet_gc_adapter_rp2040.dir/common/utilities/rgb.c.obj
                0x100006f0                rgb_set_dirty
 .text.rgb_set_all
                0x100006fc       0x18 CMakeFiles/lodgenet_gc_adapter_rp2040.dir/common/utilities/rgb.c.obj
                0x100006fc                rgb_set_all
 .text.rgb_set_single
                0x10000714        0xc CMakeFiles/lodgenet_gc_adapter_rp2040.dir/common/utilities/rgb.c.obj
                0x10000714                rgb_set_single
 .text.rgb_init
                0x10000720        0x8 CMakeFiles/lodgenet_gc_adapter_rp2040.dir/common/utilities/rgb.c.obj
                0x10000720                rgb_init
 .text.rgb_task
                0x10000728       0x20 CMakeFiles/lodgenet_gc_adapter_rp2040.dir/common/utilities/rgb.c.obj
                0x10000728                rgb_task
 .text.joybus_init
                0x10000748        0x8 CMakeFiles/lodgenet_gc_adapter_rp2040.dir/common/utilities/joybus.c.obj
                0x10000748                joybus_init
 .text.interval_run
                0x10000750       0x26 CMakeFiles/lodgenet_gc_adapter_rp2040.dir/common/utilities/interval.c.obj
                0x10000750                interval_run
 .text.interval_resettable_run
                0x10000776       0x3a CMakeFiles/lodgenet_gc_adapter_rp2040.dir/common/utilities/interval.c.obj
                0x10000776                interval_resettable_run
 .text.adapter_ll_write_settings_to_memory
                0x100007b0       0x14 CMakeFiles/lodgenet_gc_adapter_rp2040.dir/common/ll/adapter_ll_rp2040.c.obj
                0x100007b0                adapter_ll_write_settings_to_memory
 .text.adapter_ll_load_settings_from_memory
                0x100007c4       0x10 CMakeFiles/lodgenet_gc_adapter_rp2040.dir/common/ll/adapter_ll_rp2040.c.obj
                0x100007c4                adapter_ll_load_settings_from_memory
 .text.adapter_ll_save_check
                0x100007d4       0x74 CMakeFiles/lodgenet_gc_adapter_rp2040.dir/common/ll/adapter_ll_rp2040.c.obj
                0x100007d4                adapter_ll_save_check
 .text.adapter_ll_generate_random_8
                0x10000848        0xa CMakeFiles/lodgenet_gc_adapter_rp2040.dir/common/ll/adapter_ll_rp2040.c.obj
                0x10000848                adapter_ll_generate_random_8
 *fill*         0x10000852        0x2 
 .text._scratch_get
                0x10000854       0x18 CMakeFiles/lodgenet_gc_adapter_rp2040.dir/common/ll/adapter_ll_rp2040.c.obj
                0x10000854                _scratch_get
 .text.adapter_ll_get_reboot_memory
                0x1000086c        0xe CMakeFiles/lodgenet_gc_adapter_rp2040.dir/common/ll/adapter_ll_rp2040.c.obj
                0x1000086c                adapter_ll_get_reboot_memory
 *fill*         0x1000087a        0x2 
 .text.adapter_ll_reboot_bootloader
                0x1000087c       0x14 CMakeFiles/lodgenet_gc_adapter_rp2040.dir/common/ll/adapter_ll_rp2040.c.obj
                0x1000087c                adapter_ll_reboot_bootloader
 .text.adapter_ll_hardware_setup
                0x10000890        0x8 CMakeFiles/lodgenet_gc_adapter_rp2040.dir/common/ll/adapter_ll_rp2040.c.obj
                0x10000890                adapter_ll_hardware_setup
 .text.adapter_ll_get_timestamp_us
                0x10000898        0xc CMakeFiles/lodgenet_gc_adapter_rp2040.dir/common/ll/adapter_ll_rp2040.c.obj
                0x10000898                adapter_ll_get_timestamp_us
 .text.adapter_ll_usb_task_start
                0x100008a4        0x2 CMakeFiles/lodgenet_gc_adapter_rp2040.dir/common/ll/adapter_ll_rp2040.c.obj
                0x100008a4                adapter_ll_usb_task_start
 *fill*         0x100008a6        0x2 
 .text.adapter_ll_usb_set_clear
                0x100008a8       0x58 CMakeFiles/lodgenet_gc_adapter_rp2040.dir/common/ll/adapter_ll_rp2040.c.obj
                0x100008a8                adapter_ll_usb_set_clear
 .text.adapter_ll_usb_unset_clear
                0x10000900       0x20 CMakeFiles/lodgenet_gc_adapter_rp2040.dir/common/ll/adapter_ll_rp2040.c.obj
                0x10000900                adapter_ll_usb_unset_clear
 .text.adapter_ll_usb_get_clear
                0x10000920        0xc CMakeFiles/lodgenet_gc_adapter_rp2040.dir/common/ll/adapter_ll_rp2040.c.obj
                0x10000920                adapter_ll_usb_get_clear
 .text.tud_descriptor_bos_cb
                0x1000092c        0x8 CMakeFiles/lodgenet_gc_adapter_rp2040.dir/common/usb/desc_bos.c.obj
                0x1000092c                tud_descriptor_bos_cb
 .text.adapter_usb_is_clear
                0x10000934       0x38 CMakeFiles/lodgenet_gc_adapter_rp2040.dir/common/adapter.c.obj
                0x10000934                adapter_usb_is_clear
 .text.adapter_usb_set_clear
                0x1000096c       0x14 CMakeFiles/lodgenet_gc_adapter_rp2040.dir/common/adapter.c.obj
                0x1000096c                adapter_usb_set_clear
 .text.adapter_usb_unset_clear
                0x10000980       0x10 CMakeFiles/lodgenet_gc_adapter_rp2040.dir/common/adapter.c.obj
                0x10000980                adapter_usb_unset_clear
 .text.adapter_set_interval
                0x10000990       0x58 CMakeFiles/lodgenet_gc_adapter_rp2040.dir/common/adapter.c.obj
                0x10000990                adapter_set_interval
 .text.adapter_mode_cycle_task
                0x100009e8       0x14 CMakeFiles/lodgenet_gc_adapter_rp2040.dir/common/adapter.c.obj
                0x100009e8                adapter_mode_cycle_task
 .text.adapter_get_current_mode
                0x100009fc        0xc CMakeFiles/lodgenet_gc_adapter_rp2040.dir/common/adapter.c.obj
                0x100009fc                adapter_get_current_mode
 .text.adapter_usb_start
                0x10000a08       0xa8 CMakeFiles/lodgenet_gc_adapter_rp2040.dir/common/adapter.c.obj
                0x10000a08                adapter_usb_start
 .text.adapter_usb_report
                0x10000ab0       0x14 CMakeFiles/lodgenet_gc_adapter_rp2040.dir/common/adapter.c.obj
                0x10000ab0                adapter_usb_report
 .text.adapter_usb_idle
                0x10000ac4       0x14 CMakeFiles/lodgenet_gc_adapter_rp2040.dir/common/adapter.c.obj
                0x10000ac4                adapter_usb_idle
 .text.adapter_port_status_led
                0x10000ad8       0x60 CMakeFiles/lodgenet_gc_adapter_rp2040.dir/common/adapter.c.obj
                0x10000ad8                adapter_port_status_led
 .text.adapter_comms_task
                0x10000b38       0xb8 CMakeFiles/lodgenet_gc_adapter_rp2040.dir/common/adapter.c.obj
                0x10000b38                adapter_comms_task
 .text.adapter_main_init
                0x10000bf0       0xc8 CMakeFiles/lodgenet_gc_adapter_rp2040.dir/common/adapter.c.obj
                0x10000bf0                adapter_main_init
 .text.adapter_main_loop
                0x10000cb8       0x20 CMakeFiles/lodgenet_gc_adapter_rp2040.dir/common/adapter.c.obj
                0x10000cb8                adapter_main_loop
 .text.tud_suspend_cb
                0x10000cd8        0x2 CMakeFiles/lodgenet_gc_adapter_rp2040.dir/common/adapter_tusb.c.obj
                0x10000cd8                tud_suspend_cb
 *fill*         0x10000cda        0x2 
 .text.tud_descriptor_device_cb
                0x10000cdc       0x34 CMakeFiles/lodgenet_gc_adapter_rp2040.dir/common/adapter_tusb.c.obj
                0x10000cdc                tud_descriptor_device_cb
 .text.tud_descriptor_configuration_cb
                0x10000d10       0x34 CMakeFiles/lodgenet_gc_adapter_rp2040.dir/common/adapter_tusb.c.obj
                0x10000d10                tud_descriptor_configuration_cb
 .text.tud_hid_get_report_cb
                0x10000d44        0x4 CMakeFiles/lodgenet_gc_adapter_rp2040.dir/common/adapter_tusb.c.obj
                0x10000d44                tud_hid_get_report_cb
 .text.tud_hid_report_complete_cb
                0x10000d48       0x58 CMakeFiles/lodgenet_gc_adapter_rp2040.dir/common/adapter_tusb.c.obj
                0x10000d48                tud_hid_report_complete_cb
 .text.tud_hid_set_report_cb
                0x10000da0       0xca CMakeFiles/lodgenet_gc_adapter_rp2040.dir/common/adapter_tusb.c.obj
                0x10000da0                tud_hid_set_report_cb
 *fill*         0x10000e6a        0x2 
 .text.tud_hid_descriptor_report_cb
                0x10000e6c       0x28 CMakeFiles/lodgenet_gc_adapter_rp2040.dir/common/adapter_tusb.c.obj
                0x10000e6c                tud_hid_descriptor_report_cb
 .text.usbd_app_driver_get_cb
                0x10000e94       0x20 CMakeFiles/lodgenet_gc_adapter_rp2040.dir/common/adapter_tusb.c.obj
                0x10000e94                usbd_app_driver_get_cb
 .text.tud_descriptor_string_cb
                0x10000eb4       0x9c CMakeFiles/lodgenet_gc_adapter_rp2040.dir/common/adapter_tusb.c.obj
                0x10000eb4                tud_descriptor_string_cb
 .text.tud_vendor_rx_cb
                0x10000f50       0x34 CMakeFiles/lodgenet_gc_adapter_rp2040.dir/common/adapter_tusb.c.obj
                0x10000f50                tud_vendor_rx_cb
 .text.tud_vendor_control_xfer_cb
                0x10000f84       0xd0 CMakeFiles/lodgenet_gc_adapter_rp2040.dir/common/adapter_tusb.c.obj
                0x10000f84                tud_vendor_control_xfer_cb
 .text._generate_mac
                0x10001054       0x30 CMakeFiles/lodgenet_gc_adapter_rp2040.dir/common/adapter_settings.c.obj
                0x10001054                _generate_mac
 .text.settings_save
                0x10001084       0x10 CMakeFiles/lodgenet_gc_adapter_rp2040.dir/common/adapter_settings.c.obj
                0x10001084                settings_save
 .text.settings_reset_to_default
                0x10001094       0x38 CMakeFiles/lodgenet_gc_adapter_rp2040.dir/common/adapter_settings.c.obj
                0x10001094                settings_reset_to_default
 .text.settings_load
                0x100010cc       0x2c CMakeFiles/lodgenet_gc_adapter_rp2040.dir/common/adapter_settings.c.obj
                0x100010cc                settings_load
 .text.xinputd_control_xfer_cb
                0x100010f8        0x4 CMakeFiles/lodgenet_gc_adapter_rp2040.dir/common/usb/xinput_driver.c.obj
                0x100010f8                xinputd_control_xfer_cb
 .text.xinputd_reset
                0x100010fc       0x14 CMakeFiles/lodgenet_gc_adapter_rp2040.dir/common/usb/xinput_driver.c.obj
                0x100010fc                xinputd_reset
 .text.xinputd_init
                0x10001110        0xa CMakeFiles/lodgenet_gc_adapter_rp2040.dir/common/usb/xinput_driver.c.obj
                0x10001110                xinputd_init
 *fill*         0x1000111a        0x2 
 .text.xinputd_open
                0x1000111c       0x9c CMakeFiles/lodgenet_gc_adapter_rp2040.dir/common/usb/xinput_driver.c.obj
                0x1000111c                xinputd_open
 .text.xinputd_xfer_cb
                0x100011b8       0xc0 CMakeFiles/lodgenet_gc_adapter_rp2040.dir/common/usb/xinput_driver.c.obj
                0x100011b8                xinputd_xfer_cb
 .text.tud_xinput_n_getout
                0x10001278       0x6c CMakeFiles/lodgenet_gc_adapter_rp2040.dir/common/usb/xinput_driver.c.obj
                0x10001278                tud_xinput_n_getout
 .text.tud_xinput_n_report
                0x100012e4       0x78 CMakeFiles/lodgenet_gc_adapter_rp2040.dir/common/usb/xinput_driver.c.obj
                0x100012e4                tud_xinput_n_report
 .text.tud_xinput_n_ready
                0x1000135c       0x54 CMakeFiles/lodgenet_gc_adapter_rp2040.dir/common/usb/xinput_driver.c.obj
                0x1000135c                tud_xinput_n_ready
 .text.ginputd_reset
                0x100013b0       0x14 CMakeFiles/lodgenet_gc_adapter_rp2040.dir/common/usb/ginput_driver.c.obj
                0x100013b0                ginputd_reset
 .text.ginputd_init
                0x100013c4        0xa CMakeFiles/lodgenet_gc_adapter_rp2040.dir/common/usb/ginput_driver.c.obj
                0x100013c4                ginputd_init
 *fill*         0x100013ce        0x2 
 .text.ginputd_open
                0x100013d0       0xcc CMakeFiles/lodgenet_gc_adapter_rp2040.dir/common/usb/ginput_driver.c.obj
                0x100013d0                ginputd_open
 .text.ginputd_xfer_cb
                0x1000149c       0x84 CMakeFiles/lodgenet_gc_adapter_rp2040.dir/common/usb/ginput_driver.c.obj
                0x1000149c                ginputd_xfer_cb
 .text.ginputd_control_xfer_cb
                0x10001520      0x28c CMakeFiles/lodgenet_gc_adapter_rp2040.dir/common/usb/ginput_driver.c.obj
                0x10001520                ginputd_control_xfer_cb
 .text.tud_ginput_n_ready
                0x100017ac       0x50 CMakeFiles/lodgenet_gc_adapter_rp2040.dir/common/usb/ginput_driver.c.obj
                0x100017ac                tud_ginput_n_ready
 .text.tud_ginput_ready
                0x100017fc        0xa CMakeFiles/lodgenet_gc_adapter_rp2040.dir/common/usb/ginput_driver.c.obj
                0x100017fc                tud_ginput_ready
 *fill*         0x10001806        0x2 
 .text.tud_ginput_n_report
                0x10001808       0x94 CMakeFiles/lodgenet_gc_adapter_rp2040.dir/common/usb/ginput_driver.c.obj
                0x10001808                tud_ginput_n_report
 .text.tud_ginput_report
                0x1000189c       0x10 CMakeFiles/lodgenet_gc_adapter_rp2040.dir/common/usb/ginput_driver.c.obj
                0x1000189c                tud_ginput_report
 .text.switch_analog_encode
                0x100018ac       0x16 CMakeFiles/lodgenet_gc_adapter_rp2040.dir/common/switch/switch_analog.c.obj
                0x100018ac                switch_analog_encode
 *fill*         0x100018c2        0x2 
 .text.switch_analog_calibration_init
                0x100018c4       0x50 CMakeFiles/lodgenet_gc_adapter_rp2040.dir/common/switch/switch_analog.c.obj
                0x100018c4                switch_analog_calibration_init
 .text.clear_report
                0x10001914       0x18 CMakeFiles/lodgenet_gc_adapter_rp2040.dir/common/switch/switch_commands.c.obj
                0x10001914                clear_report
 .text.set_report_id
                0x1000192c        0xc CMakeFiles/lodgenet_gc_adapter_rp2040.dir/common/switch/switch_commands.c.obj
                0x1000192c                set_report_id
 .text.set_ack  0x10001938       0x10 CMakeFiles/lodgenet_gc_adapter_rp2040.dir/common/switch/switch_commands.c.obj
                0x10001938                set_ack
 .text.set_command
                0x10001948       0x10 CMakeFiles/lodgenet_gc_adapter_rp2040.dir/common/switch/switch_commands.c.obj
                0x10001948                set_command
 .text.set_timer
                0x10001958       0x2c CMakeFiles/lodgenet_gc_adapter_rp2040.dir/common/switch/switch_commands.c.obj
                0x10001958                set_timer
 .text.set_battconn
                0x10001984       0x10 CMakeFiles/lodgenet_gc_adapter_rp2040.dir/common/switch/switch_commands.c.obj
                0x10001984                set_battconn
 .text.set_devinfo
                0x10001994       0x20 CMakeFiles/lodgenet_gc_adapter_rp2040.dir/common/switch/switch_commands.c.obj
                0x10001994                set_devinfo
 .text.set_sub_triggertime
                0x100019b4       0x2c CMakeFiles/lodgenet_gc_adapter_rp2040.dir/common/switch/switch_commands.c.obj
                0x100019b4                set_sub_triggertime
 .text.shouldControllerRumble
                0x100019e0       0x36 CMakeFiles/lodgenet_gc_adapter_rp2040.dir/common/switch/switch_commands.c.obj
                0x100019e0                shouldControllerRumble
 .text.rumble_translate
                0x10001a16       0x14 CMakeFiles/lodgenet_gc_adapter_rp2040.dir/common/switch/switch_commands.c.obj
                0x10001a16                rumble_translate
 *fill*         0x10001a2a        0x2 
 .text.info_set_mac
                0x10001a2c       0x40 CMakeFiles/lodgenet_gc_adapter_rp2040.dir/common/switch/switch_commands.c.obj
                0x10001a2c                info_set_mac
 .text.info_handler
                0x10001a6c       0x58 CMakeFiles/lodgenet_gc_adapter_rp2040.dir/common/switch/switch_commands.c.obj
                0x10001a6c                info_handler
 .text.pairing_set
                0x10001ac4       0x9c CMakeFiles/lodgenet_gc_adapter_rp2040.dir/common/switch/switch_commands.c.obj
                0x10001ac4                pairing_set
 .text.command_handler
                0x10001b60      0x23c CMakeFiles/lodgenet_gc_adapter_rp2040.dir/common/switch/switch_commands.c.obj
                0x10001b60                command_handler
 .text.report_handler
                0x10001d9c       0x44 CMakeFiles/lodgenet_gc_adapter_rp2040.dir/common/switch/switch_commands.c.obj
                0x10001d9c                report_handler
 .text._unknown_thing
                0x10001de0       0x2c CMakeFiles/lodgenet_gc_adapter_rp2040.dir/common/switch/switch_commands.c.obj
                0x10001de0                _unknown_thing
 .text.switch_commands_process
                0x10001e0c       0xc0 CMakeFiles/lodgenet_gc_adapter_rp2040.dir/common/switch/switch_commands.c.obj
                0x10001e0c                switch_commands_process
 .text.switch_commands_future_handle
                0x10001ecc       0x34 CMakeFiles/lodgenet_gc_adapter_rp2040.dir/common/switch/switch_commands.c.obj
                0x10001ecc                switch_commands_future_handle
 .text.switch_commands_bulkset
                0x10001f00       0x1c CMakeFiles/lodgenet_gc_adapter_rp2040.dir/common/switch/switch_commands.c.obj
                0x10001f00                switch_commands_bulkset
 .text.sw_spi_getaddressdata
                0x10001f1c      0x168 CMakeFiles/lodgenet_gc_adapter_rp2040.dir/common/switch/switch_spi.c.obj
                0x10001f1c                sw_spi_getaddressdata
 .text.sw_spi_readfromaddress
                0x10002084       0x5c CMakeFiles/lodgenet_gc_adapter_rp2040.dir/common/switch/switch_spi.c.obj
                0x10002084                sw_spi_readfromaddress
 .text.gcinput_hid_idle
                0x100020e0       0x1c CMakeFiles/lodgenet_gc_adapter_rp2040.dir/common/devices/gcinput.c.obj
                0x100020e0                gcinput_hid_idle
 .text.gcinput_hid_report
                0x100020fc      0x228 CMakeFiles/lodgenet_gc_adapter_rp2040.dir/common/devices/gcinput.c.obj
                0x100020fc                gcinput_hid_report
 .text.swpro_hid_idle
                0x10002324       0x1c CMakeFiles/lodgenet_gc_adapter_rp2040.dir/common/devices/swpro.c.obj
                0x10002324                swpro_hid_idle
 .text.swpro_hid_report
                0x10002340      0x300 CMakeFiles/lodgenet_gc_adapter_rp2040.dir/common/devices/swpro.c.obj
                0x10002340                swpro_hid_report
 .text.webusb_set_indicate
                0x10002640        0xc CMakeFiles/lodgenet_gc_adapter_rp2040.dir/common/devices/webusb.c.obj
                0x10002640                webusb_set_indicate
 .text.webusb_save_confirm
                0x1000264c       0x48 CMakeFiles/lodgenet_gc_adapter_rp2040.dir/common/devices/webusb.c.obj
                0x1000264c                webusb_save_confirm
 .text.webusb_command_processor
                0x10002694       0x50 CMakeFiles/lodgenet_gc_adapter_rp2040.dir/common/devices/webusb.c.obj
                0x10002694                webusb_command_processor
 .text.sign_axis
                0x100026e4       0x60 CMakeFiles/lodgenet_gc_adapter_rp2040.dir/common/devices/xinput.c.obj
                0x100026e4                sign_axis
 .text.xinput_hid_idle
                0x10002744       0x1c CMakeFiles/lodgenet_gc_adapter_rp2040.dir/common/devices/xinput.c.obj
                0x10002744                xinput_hid_idle
 .text.xinput_hid_report
                0x10002760      0x154 CMakeFiles/lodgenet_gc_adapter_rp2040.dir/common/devices/xinput.c.obj
                0x10002760                xinput_hid_report
 .text.gpio_set_function
                0x100028b4       0x30 CMakeFiles/lodgenet_gc_adapter_rp2040.dir/C_/Program_Files/Raspberry_Pi/Pico_SDK_v1.5.1/pico-sdk/src/rp2_common/hardware_gpio/gpio.c.obj
                0x100028b4                gpio_set_function
 .text.gpio_set_pulls
                0x100028e4       0x34 CMakeFiles/lodgenet_gc_adapter_rp2040.dir/C_/Program_Files/Raspberry_Pi/Pico_SDK_v1.5.1/pico-sdk/src/rp2_common/hardware_gpio/gpio.c.obj
                0x100028e4                gpio_set_pulls
 .text.gpio_set_drive_strength
                0x10002918       0x20 CMakeFiles/lodgenet_gc_adapter_rp2040.dir/C_/Program_Files/Raspberry_Pi/Pico_SDK_v1.5.1/pico-sdk/src/rp2_common/hardware_gpio/gpio.c.obj
                0x10002918                gpio_set_drive_strength
 .text.gpio_init
                0x10002938       0x16 CMakeFiles/lodgenet_gc_adapter_rp2040.dir/C_/Program_Files/Raspberry_Pi/Pico_SDK_v1.5.1/pico-sdk/src/rp2_common/hardware_gpio/gpio.c.obj
                0x10002938                gpio_init
 *fill*         0x1000294e        0x2 
 .text.running_on_fpga
                0x10002950       0x14 CMakeFiles/lodgenet_gc_adapter_rp2040.dir/C_/Program_Files/Raspberry_Pi/Pico_SDK_v1.5.1/pico-sdk/src/rp2_common/pico_platform/platform.c.obj
                0x10002950                running_on_fpga
 .text.hw_claim_lock
                0x10002964       0x18 CMakeFiles/lodgenet_gc_adapter_rp2040.dir/C_/Program_Files/Raspberry_Pi/Pico_SDK_v1.5.1/pico-sdk/src/rp2_common/hardware_claim/claim.c.obj
                0x10002964                hw_claim_lock
 .text.hw_claim_unlock
                0x1000297c       0x14 CMakeFiles/lodgenet_gc_adapter_rp2040.dir/C_/Program_Files/Raspberry_Pi/Pico_SDK_v1.5.1/pico-sdk/src/rp2_common/hardware_claim/claim.c.obj
                0x1000297c                hw_claim_unlock
 .text.hw_claim_or_assert
                0x10002990       0x32 CMakeFiles/lodgenet_gc_adapter_rp2040.dir/C_/Program_Files/Raspberry_Pi/Pico_SDK_v1.5.1/pico-sdk/src/rp2_common/hardware_claim/claim.c.obj
                0x10002990                hw_claim_or_assert
 .text.hw_claim_unused_from_range
                0x100029c2       0x50 CMakeFiles/lodgenet_gc_adapter_rp2040.dir/C_/Program_Files/Raspberry_Pi/Pico_SDK_v1.5.1/pico-sdk/src/rp2_common/hardware_claim/claim.c.obj
                0x100029c2                hw_claim_unused_from_range
 *fill*         0x10002a12        0x2 
 .text.spin_locks_reset
                0x10002a14       0x20 CMakeFiles/lodgenet_gc_adapter_rp2040.dir/C_/Program_Files/Raspberry_Pi/Pico_SDK_v1.5.1/pico-sdk/src/rp2_common/hardware_sync/sync.c.obj
                0x10002a14                spin_locks_reset
 .text.next_striped_spin_lock_num
                0x10002a34       0x1c CMakeFiles/lodgenet_gc_adapter_rp2040.dir/C_/Program_Files/Raspberry_Pi/Pico_SDK_v1.5.1/pico-sdk/src/rp2_common/hardware_sync/sync.c.obj
                0x10002a34                next_striped_spin_lock_num
 .text.spin_lock_claim_unused
                0x10002a50       0x20 CMakeFiles/lodgenet_gc_adapter_rp2040.dir/C_/Program_Files/Raspberry_Pi/Pico_SDK_v1.5.1/pico-sdk/src/rp2_common/hardware_sync/sync.c.obj
                0x10002a50                spin_lock_claim_unused
 .text.set_raw_irq_handler_and_unlock
                0x10002a70       0x28 CMakeFiles/lodgenet_gc_adapter_rp2040.dir/C_/Program_Files/Raspberry_Pi/Pico_SDK_v1.5.1/pico-sdk/src/rp2_common/hardware_irq/irq.c.obj
 .text.make_branch
                0x10002a98       0x48 CMakeFiles/lodgenet_gc_adapter_rp2040.dir/C_/Program_Files/Raspberry_Pi/Pico_SDK_v1.5.1/pico-sdk/src/rp2_common/hardware_irq/irq.c.obj
 .text.insert_branch_and_link
                0x10002ae0       0x40 CMakeFiles/lodgenet_gc_adapter_rp2040.dir/C_/Program_Files/Raspberry_Pi/Pico_SDK_v1.5.1/pico-sdk/src/rp2_common/hardware_irq/irq.c.obj
 .text.irq_is_enabled
                0x10002b20       0x18 CMakeFiles/lodgenet_gc_adapter_rp2040.dir/C_/Program_Files/Raspberry_Pi/Pico_SDK_v1.5.1/pico-sdk/src/rp2_common/hardware_irq/irq.c.obj
                0x10002b20                irq_is_enabled
 .text.irq_set_mask_enabled
                0x10002b38       0x20 CMakeFiles/lodgenet_gc_adapter_rp2040.dir/C_/Program_Files/Raspberry_Pi/Pico_SDK_v1.5.1/pico-sdk/src/rp2_common/hardware_irq/irq.c.obj
                0x10002b38                irq_set_mask_enabled
 .text.irq_set_enabled
                0x10002b58        0xe CMakeFiles/lodgenet_gc_adapter_rp2040.dir/C_/Program_Files/Raspberry_Pi/Pico_SDK_v1.5.1/pico-sdk/src/rp2_common/hardware_irq/irq.c.obj
                0x10002b58                irq_set_enabled
 *fill*         0x10002b66        0x2 
 .text.irq_get_vtable_handler
                0x10002b68       0x10 CMakeFiles/lodgenet_gc_adapter_rp2040.dir/C_/Program_Files/Raspberry_Pi/Pico_SDK_v1.5.1/pico-sdk/src/rp2_common/hardware_irq/irq.c.obj
                0x10002b68                irq_get_vtable_handler
 .text.irq_set_exclusive_handler
                0x10002b78       0x54 CMakeFiles/lodgenet_gc_adapter_rp2040.dir/C_/Program_Files/Raspberry_Pi/Pico_SDK_v1.5.1/pico-sdk/src/rp2_common/hardware_irq/irq.c.obj
                0x10002b78                irq_set_exclusive_handler
 .text.irq_add_shared_handler
                0x10002bcc      0x234 CMakeFiles/lodgenet_gc_adapter_rp2040.dir/C_/Program_Files/Raspberry_Pi/Pico_SDK_v1.5.1/pico-sdk/src/rp2_common/hardware_irq/irq.c.obj
                0x10002bcc                irq_add_shared_handler
 .text.irq_remove_handler
                0x10002e00      0x1ac CMakeFiles/lodgenet_gc_adapter_rp2040.dir/C_/Program_Files/Raspberry_Pi/Pico_SDK_v1.5.1/pico-sdk/src/rp2_common/hardware_irq/irq.c.obj
                0x10002e00                irq_remove_handler
 .text.irq_add_tail_to_free_list
                0x10002fac       0xf0 CMakeFiles/lodgenet_gc_adapter_rp2040.dir/C_/Program_Files/Raspberry_Pi/Pico_SDK_v1.5.1/pico-sdk/src/rp2_common/hardware_irq/irq.c.obj
                0x10002fac                irq_add_tail_to_free_list
 .text.irq_init_priorities
                0x1000309c       0x1c CMakeFiles/lodgenet_gc_adapter_rp2040.dir/C_/Program_Files/Raspberry_Pi/Pico_SDK_v1.5.1/pico-sdk/src/rp2_common/hardware_irq/irq.c.obj
                0x1000309c                irq_init_priorities
 .text.lock_init
                0x100030b8       0x10 CMakeFiles/lodgenet_gc_adapter_rp2040.dir/C_/Program_Files/Raspberry_Pi/Pico_SDK_v1.5.1/pico-sdk/src/common/pico_sync/lock_core.c.obj
                0x100030b8                lock_init
 .text.mutex_init
                0x100030c8       0x1a CMakeFiles/lodgenet_gc_adapter_rp2040.dir/C_/Program_Files/Raspberry_Pi/Pico_SDK_v1.5.1/pico-sdk/src/common/pico_sync/mutex.c.obj
                0x100030c8                mutex_init
 .text.recursive_mutex_init
                0x100030e2       0x1e CMakeFiles/lodgenet_gc_adapter_rp2040.dir/C_/Program_Files/Raspberry_Pi/Pico_SDK_v1.5.1/pico-sdk/src/common/pico_sync/mutex.c.obj
                0x100030e2                recursive_mutex_init
 .text.critical_section_init_with_lock_num
                0x10003100       0x14 CMakeFiles/lodgenet_gc_adapter_rp2040.dir/C_/Program_Files/Raspberry_Pi/Pico_SDK_v1.5.1/pico-sdk/src/common/pico_sync/critical_section.c.obj
                0x10003100                critical_section_init_with_lock_num
 .text.critical_section_init
                0x10003114       0x14 CMakeFiles/lodgenet_gc_adapter_rp2040.dir/C_/Program_Files/Raspberry_Pi/Pico_SDK_v1.5.1/pico-sdk/src/common/pico_sync/critical_section.c.obj
                0x10003114                critical_section_init
 .text.alarm_pool_post_alloc_init
                0x10003128       0x40 CMakeFiles/lodgenet_gc_adapter_rp2040.dir/C_/Program_Files/Raspberry_Pi/Pico_SDK_v1.5.1/pico-sdk/src/common/pico_time/time.c.obj
 .text.sleep_until_callback
                0x10003168       0x30 CMakeFiles/lodgenet_gc_adapter_rp2040.dir/C_/Program_Files/Raspberry_Pi/Pico_SDK_v1.5.1/pico-sdk/src/common/pico_time/time.c.obj
 .text.timer_pool_entry_comparator
                0x10003198       0x7c CMakeFiles/lodgenet_gc_adapter_rp2040.dir/C_/Program_Files/Raspberry_Pi/Pico_SDK_v1.5.1/pico-sdk/src/common/pico_time/time.c.obj
                0x10003198                timer_pool_entry_comparator
 .text.ph_add_child_node
                0x10003214       0xa4 CMakeFiles/lodgenet_gc_adapter_rp2040.dir/C_/Program_Files/Raspberry_Pi/Pico_SDK_v1.5.1/pico-sdk/src/common/pico_time/time.c.obj
 .text.ph_merge_nodes
                0x100032b8       0x3e CMakeFiles/lodgenet_gc_adapter_rp2040.dir/C_/Program_Files/Raspberry_Pi/Pico_SDK_v1.5.1/pico-sdk/src/common/pico_time/time.c.obj
 *fill*         0x100032f6        0x2 
 .text.add_alarm_under_lock
                0x100032f8      0x174 CMakeFiles/lodgenet_gc_adapter_rp2040.dir/C_/Program_Files/Raspberry_Pi/Pico_SDK_v1.5.1/pico-sdk/src/common/pico_time/time.c.obj
 .text.alarm_pool_alarm_callback
                0x1000346c      0x33c CMakeFiles/lodgenet_gc_adapter_rp2040.dir/C_/Program_Files/Raspberry_Pi/Pico_SDK_v1.5.1/pico-sdk/src/common/pico_time/time.c.obj
 .text.alarm_pool_init_default
                0x100037a8       0x40 CMakeFiles/lodgenet_gc_adapter_rp2040.dir/C_/Program_Files/Raspberry_Pi/Pico_SDK_v1.5.1/pico-sdk/src/common/pico_time/time.c.obj
                0x100037a8                alarm_pool_init_default
 .text.alarm_pool_get_default
                0x100037e8       0x2c CMakeFiles/lodgenet_gc_adapter_rp2040.dir/C_/Program_Files/Raspberry_Pi/Pico_SDK_v1.5.1/pico-sdk/src/common/pico_time/time.c.obj
                0x100037e8                alarm_pool_get_default
 .text.alarm_pool_add_alarm_at
                0x10003814      0x168 CMakeFiles/lodgenet_gc_adapter_rp2040.dir/C_/Program_Files/Raspberry_Pi/Pico_SDK_v1.5.1/pico-sdk/src/common/pico_time/time.c.obj
                0x10003814                alarm_pool_add_alarm_at
 .text.alarm_pool_cancel_alarm
                0x1000397c       0xf8 CMakeFiles/lodgenet_gc_adapter_rp2040.dir/C_/Program_Files/Raspberry_Pi/Pico_SDK_v1.5.1/pico-sdk/src/common/pico_time/time.c.obj
                0x1000397c                alarm_pool_cancel_alarm
 .text.sleep_until
                0x10003a74       0xfc CMakeFiles/lodgenet_gc_adapter_rp2040.dir/C_/Program_Files/Raspberry_Pi/Pico_SDK_v1.5.1/pico-sdk/src/common/pico_time/time.c.obj
                0x10003a74                sleep_until
 .text.sleep_us
                0x10003b70       0x58 CMakeFiles/lodgenet_gc_adapter_rp2040.dir/C_/Program_Files/Raspberry_Pi/Pico_SDK_v1.5.1/pico-sdk/src/common/pico_time/time.c.obj
                0x10003b70                sleep_us
 .text.best_effort_wfe_or_timeout
                0x10003bc8       0xac CMakeFiles/lodgenet_gc_adapter_rp2040.dir/C_/Program_Files/Raspberry_Pi/Pico_SDK_v1.5.1/pico-sdk/src/common/pico_time/time.c.obj
                0x10003bc8                best_effort_wfe_or_timeout
 .text.hardware_alarm_irq_handler
                0x10003c74       0x90 CMakeFiles/lodgenet_gc_adapter_rp2040.dir/C_/Program_Files/Raspberry_Pi/Pico_SDK_v1.5.1/pico-sdk/src/rp2_common/hardware_timer/timer.c.obj
 .text.hardware_alarm_claim
                0x10003d04       0x18 CMakeFiles/lodgenet_gc_adapter_rp2040.dir/C_/Program_Files/Raspberry_Pi/Pico_SDK_v1.5.1/pico-sdk/src/rp2_common/hardware_timer/timer.c.obj
                0x10003d04                hardware_alarm_claim
 .text.time_us_64
                0x10003d1c       0x18 CMakeFiles/lodgenet_gc_adapter_rp2040.dir/C_/Program_Files/Raspberry_Pi/Pico_SDK_v1.5.1/pico-sdk/src/rp2_common/hardware_timer/timer.c.obj
                0x10003d1c                time_us_64
 .text.busy_wait_until
                0x10003d34       0x28 CMakeFiles/lodgenet_gc_adapter_rp2040.dir/C_/Program_Files/Raspberry_Pi/Pico_SDK_v1.5.1/pico-sdk/src/rp2_common/hardware_timer/timer.c.obj
                0x10003d34                busy_wait_until
 .text.hardware_alarm_set_callback
                0x10003d5c       0x90 CMakeFiles/lodgenet_gc_adapter_rp2040.dir/C_/Program_Files/Raspberry_Pi/Pico_SDK_v1.5.1/pico-sdk/src/rp2_common/hardware_timer/timer.c.obj
                0x10003d5c                hardware_alarm_set_callback
 .text.hardware_alarm_set_target
                0x10003dec       0xe8 CMakeFiles/lodgenet_gc_adapter_rp2040.dir/C_/Program_Files/Raspberry_Pi/Pico_SDK_v1.5.1/pico-sdk/src/rp2_common/hardware_timer/timer.c.obj
                0x10003dec                hardware_alarm_set_target
 .text.hardware_alarm_cancel
                0x10003ed4       0x40 CMakeFiles/lodgenet_gc_adapter_rp2040.dir/C_/Program_Files/Raspberry_Pi/Pico_SDK_v1.5.1/pico-sdk/src/rp2_common/hardware_timer/timer.c.obj
                0x10003ed4                hardware_alarm_cancel
 .text.ph_add_child_node
                0x10003f14       0xa4 CMakeFiles/lodgenet_gc_adapter_rp2040.dir/C_/Program_Files/Raspberry_Pi/Pico_SDK_v1.5.1/pico-sdk/src/common/pico_util/pheap.c.obj
 .text.ph_merge_nodes
                0x10003fb8       0x3e CMakeFiles/lodgenet_gc_adapter_rp2040.dir/C_/Program_Files/Raspberry_Pi/Pico_SDK_v1.5.1/pico-sdk/src/common/pico_util/pheap.c.obj
 *fill*         0x10003ff6        0x2 
 .text.ph_clear
                0x10003ff8       0x70 CMakeFiles/lodgenet_gc_adapter_rp2040.dir/C_/Program_Files/Raspberry_Pi/Pico_SDK_v1.5.1/pico-sdk/src/common/pico_util/pheap.c.obj
                0x10003ff8                ph_clear
 .text.ph_post_alloc_init
                0x10004068        0xe CMakeFiles/lodgenet_gc_adapter_rp2040.dir/C_/Program_Files/Raspberry_Pi/Pico_SDK_v1.5.1/pico-sdk/src/common/pico_util/pheap.c.obj
                0x10004068                ph_post_alloc_init
 *fill*         0x10004076        0x2 
 .text.ph_merge_two_pass
                0x10004078       0xa8 CMakeFiles/lodgenet_gc_adapter_rp2040.dir/C_/Program_Files/Raspberry_Pi/Pico_SDK_v1.5.1/pico-sdk/src/common/pico_util/pheap.c.obj
                0x10004078                ph_merge_two_pass
 .text.ph_remove_any_head
                0x10004120      0x128 CMakeFiles/lodgenet_gc_adapter_rp2040.dir/C_/Program_Files/Raspberry_Pi/Pico_SDK_v1.5.1/pico-sdk/src/common/pico_util/pheap.c.obj
 .text.ph_remove_head
                0x10004248       0x14 CMakeFiles/lodgenet_gc_adapter_rp2040.dir/C_/Program_Files/Raspberry_Pi/Pico_SDK_v1.5.1/pico-sdk/src/common/pico_util/pheap.c.obj
                0x10004248                ph_remove_head
 .text.ph_remove_and_free_node
                0x1000425c       0xf8 CMakeFiles/lodgenet_gc_adapter_rp2040.dir/C_/Program_Files/Raspberry_Pi/Pico_SDK_v1.5.1/pico-sdk/src/common/pico_util/pheap.c.obj
                0x1000425c                ph_remove_and_free_node
 .text.clock_configure
                0x10004354      0x108 CMakeFiles/lodgenet_gc_adapter_rp2040.dir/C_/Program_Files/Raspberry_Pi/Pico_SDK_v1.5.1/pico-sdk/src/rp2_common/hardware_clocks/clocks.c.obj
                0x10004354                clock_configure
 .text.clocks_init
                0x1000445c      0x100 CMakeFiles/lodgenet_gc_adapter_rp2040.dir/C_/Program_Files/Raspberry_Pi/Pico_SDK_v1.5.1/pico-sdk/src/rp2_common/hardware_clocks/clocks.c.obj
                0x1000445c                clocks_init
 .text.pll_init
                0x1000455c      0x120 CMakeFiles/lodgenet_gc_adapter_rp2040.dir/C_/Program_Files/Raspberry_Pi/Pico_SDK_v1.5.1/pico-sdk/src/rp2_common/hardware_pll/pll.c.obj
                0x1000455c                pll_init
 .text.watchdog_start_tick
                0x1000467c       0x10 CMakeFiles/lodgenet_gc_adapter_rp2040.dir/C_/Program_Files/Raspberry_Pi/Pico_SDK_v1.5.1/pico-sdk/src/rp2_common/hardware_watchdog/watchdog.c.obj
                0x1000467c                watchdog_start_tick
 .text.xosc_init
                0x1000468c       0x2c CMakeFiles/lodgenet_gc_adapter_rp2040.dir/C_/Program_Files/Raspberry_Pi/Pico_SDK_v1.5.1/pico-sdk/src/rp2_common/hardware_xosc/xosc.c.obj
                0x1000468c                xosc_init
 .text._exit    0x100046b8        0x4 CMakeFiles/lodgenet_gc_adapter_rp2040.dir/C_/Program_Files/Raspberry_Pi/Pico_SDK_v1.5.1/pico-sdk/src/rp2_common/pico_runtime/runtime.c.obj
                0x100046b8                _exit
 .text.exit     0x100046bc        0x6 CMakeFiles/lodgenet_gc_adapter_rp2040.dir/C_/Program_Files/Raspberry_Pi/Pico_SDK_v1.5.1/pico-sdk/src/rp2_common/pico_runtime/runtime.c.obj
                0x100046bc                exit
 *fill*         0x100046c2        0x2 
 .text.__assert_func
                0x100046c4       0x3c CMakeFiles/lodgenet_gc_adapter_rp2040.dir/C_/Program_Files/Raspberry_Pi/Pico_SDK_v1.5.1/pico-sdk/src/rp2_common/pico_runtime/runtime.c.obj
                0x100046c4                __assert_func
 .text.runtime_init
                0x10004700       0xf8 CMakeFiles/lodgenet_gc_adapter_rp2040.dir/C_/Program_Files/Raspberry_Pi/Pico_SDK_v1.5.1/pico-sdk/src/rp2_common/pico_runtime/runtime.c.obj
                0x10004700                runtime_init
 .text.panic    0x100047f8       0x30 CMakeFiles/lodgenet_gc_adapter_rp2040.dir/C_/Program_Files/Raspberry_Pi/Pico_SDK_v1.5.1/pico-sdk/src/rp2_common/pico_runtime/runtime.c.obj
                0x100047f8                panic
 .text._out_null
                0x10004828        0x2 CMakeFiles/lodgenet_gc_adapter_rp2040.dir/C_/Program_Files/Raspberry_Pi/Pico_SDK_v1.5.1/pico-sdk/src/rp2_common/pico_printf/printf.c.obj
 .text._out_fct
                0x1000482a        0xe CMakeFiles/lodgenet_gc_adapter_rp2040.dir/C_/Program_Files/Raspberry_Pi/Pico_SDK_v1.5.1/pico-sdk/src/rp2_common/pico_printf/printf.c.obj
 .text._atoi    0x10004838       0x24 CMakeFiles/lodgenet_gc_adapter_rp2040.dir/C_/Program_Files/Raspberry_Pi/Pico_SDK_v1.5.1/pico-sdk/src/rp2_common/pico_printf/printf.c.obj
 .text._out_rev
                0x1000485c       0xae CMakeFiles/lodgenet_gc_adapter_rp2040.dir/C_/Program_Files/Raspberry_Pi/Pico_SDK_v1.5.1/pico-sdk/src/rp2_common/pico_printf/printf.c.obj
 .text._ntoa_format
                0x1000490a      0x112 CMakeFiles/lodgenet_gc_adapter_rp2040.dir/C_/Program_Files/Raspberry_Pi/Pico_SDK_v1.5.1/pico-sdk/src/rp2_common/pico_printf/printf.c.obj
 .text._ntoa_long
                0x10004a1c       0xbc CMakeFiles/lodgenet_gc_adapter_rp2040.dir/C_/Program_Files/Raspberry_Pi/Pico_SDK_v1.5.1/pico-sdk/src/rp2_common/pico_printf/printf.c.obj
 .text._ntoa_long_long
                0x10004ad8       0xe2 CMakeFiles/lodgenet_gc_adapter_rp2040.dir/C_/Program_Files/Raspberry_Pi/Pico_SDK_v1.5.1/pico-sdk/src/rp2_common/pico_printf/printf.c.obj
 *fill*         0x10004bba        0x2 
 .text._etoa    0x10004bbc      0x414 CMakeFiles/lodgenet_gc_adapter_rp2040.dir/C_/Program_Files/Raspberry_Pi/Pico_SDK_v1.5.1/pico-sdk/src/rp2_common/pico_printf/printf.c.obj
 .text._ftoa    0x10004fd0      0x354 CMakeFiles/lodgenet_gc_adapter_rp2040.dir/C_/Program_Files/Raspberry_Pi/Pico_SDK_v1.5.1/pico-sdk/src/rp2_common/pico_printf/printf.c.obj
 .text._vsnprintf
                0x10005324      0x624 CMakeFiles/lodgenet_gc_adapter_rp2040.dir/C_/Program_Files/Raspberry_Pi/Pico_SDK_v1.5.1/pico-sdk/src/rp2_common/pico_printf/printf.c.obj
 .text.vfctprintf
                0x10005948       0x20 CMakeFiles/lodgenet_gc_adapter_rp2040.dir/C_/Program_Files/Raspberry_Pi/Pico_SDK_v1.5.1/pico-sdk/src/rp2_common/pico_printf/printf.c.obj
                0x10005948                vfctprintf
 .text          0x10005968       0x10 CMakeFiles/lodgenet_gc_adapter_rp2040.dir/C_/Program_Files/Raspberry_Pi/Pico_SDK_v1.5.1/pico-sdk/src/rp2_common/pico_bit_ops/bit_ops_aeabi.S.obj
 .text.rom_func_lookup
                0x10005978       0x10 CMakeFiles/lodgenet_gc_adapter_rp2040.dir/C_/Program_Files/Raspberry_Pi/Pico_SDK_v1.5.1/pico-sdk/src/rp2_common/pico_bootrom/bootrom.c.obj
                0x10005978                rom_func_lookup
 .text.rom_data_lookup
                0x10005988       0x10 CMakeFiles/lodgenet_gc_adapter_rp2040.dir/C_/Program_Files/Raspberry_Pi/Pico_SDK_v1.5.1/pico-sdk/src/rp2_common/pico_bootrom/bootrom.c.obj
                0x10005988                rom_data_lookup
 .text.rom_funcs_lookup
                0x10005998       0x36 CMakeFiles/lodgenet_gc_adapter_rp2040.dir/C_/Program_Files/Raspberry_Pi/Pico_SDK_v1.5.1/pico-sdk/src/rp2_common/pico_bootrom/bootrom.c.obj
                0x10005998                rom_funcs_lookup
 *fill*         0x100059ce        0x2 
 .text.__wrap___aeabi_idiv
                0x100059d0       0x50 CMakeFiles/lodgenet_gc_adapter_rp2040.dir/C_/Program_Files/Raspberry_Pi/Pico_SDK_v1.5.1/pico-sdk/src/rp2_common/pico_divider/divider.S.obj
                0x100059d0                __wrap___aeabi_idivmod
                0x100059d0                divmod_s32s32
                0x100059d0                div_s32s32
                0x100059d0                __wrap___aeabi_idiv
                0x100059d8                divmod_s32s32_unsafe
                0x10005a04                divmod_s32s32_savestate
 .text.__wrap___aeabi_uidiv
                0x10005a20       0x4c CMakeFiles/lodgenet_gc_adapter_rp2040.dir/C_/Program_Files/Raspberry_Pi/Pico_SDK_v1.5.1/pico-sdk/src/rp2_common/pico_divider/divider.S.obj
                0x10005a20                __wrap___aeabi_uidiv
                0x10005a20                __wrap___aeabi_uidivmod
                0x10005a20                div_u32u32
                0x10005a20                divmod_u32u32
                0x10005a28                divmod_u32u32_unsafe
                0x10005a50                divmod_u32u32_savestate
 .text.__wrap___aeabi_ldiv
                0x10005a6c      0x424 CMakeFiles/lodgenet_gc_adapter_rp2040.dir/C_/Program_Files/Raspberry_Pi/Pico_SDK_v1.5.1/pico-sdk/src/rp2_common/pico_divider/divider.S.obj
                0x10005a6c                div_s64s64
                0x10005a6c                divmod_s64s64
                0x10005a6c                __wrap___aeabi_ldivmod
                0x10005a9c                divmod_u64u64
                0x10005a9c                div_u64u64
                0x10005a9c                __wrap___aeabi_uldivmod
                0x10005aac                divmod_u64u64_savestate
                0x10005acc                divmod_s64s64_unsafe
                0x10005b54                divmod_u64u64_unsafe
 .text.__wrap___aeabi_darithmetic
                0x10005e90       0x80 CMakeFiles/lodgenet_gc_adapter_rp2040.dir/C_/Program_Files/Raspberry_Pi/Pico_SDK_v1.5.1/pico-sdk/src/rp2_common/pico_double/double_aeabi.S.obj
                0x10005e90                __wrap___aeabi_drsub
                0x10005e96                __wrap___aeabi_dsub
                0x10005ea8                __wrap___aeabi_dadd
                0x10005eba                __wrap___aeabi_ddiv
                0x10005ef6                __wrap___aeabi_dmul
 .text.__wrap___aeabi_cdcmple
                0x10005f10       0x6c CMakeFiles/lodgenet_gc_adapter_rp2040.dir/C_/Program_Files/Raspberry_Pi/Pico_SDK_v1.5.1/pico-sdk/src/rp2_common/pico_double/double_aeabi.S.obj
                0x10005f10                __wrap___aeabi_cdrcmple
                0x10005f20                __wrap___aeabi_cdcmpeq
                0x10005f20                __wrap___aeabi_cdcmple
 .text.__wrap___aeabi_dcmplt
                0x10005f7c        0xc CMakeFiles/lodgenet_gc_adapter_rp2040.dir/C_/Program_Files/Raspberry_Pi/Pico_SDK_v1.5.1/pico-sdk/src/rp2_common/pico_double/double_aeabi.S.obj
                0x10005f7c                __wrap___aeabi_dcmplt
 .text.__wrap___aeabi_dcmple
                0x10005f88       0x10 CMakeFiles/lodgenet_gc_adapter_rp2040.dir/C_/Program_Files/Raspberry_Pi/Pico_SDK_v1.5.1/pico-sdk/src/rp2_common/pico_double/double_aeabi.S.obj
                0x10005f88                __wrap___aeabi_dcmple
 .text.__wrap___aeabi_dcmpge
                0x10005f98       0x10 CMakeFiles/lodgenet_gc_adapter_rp2040.dir/C_/Program_Files/Raspberry_Pi/Pico_SDK_v1.5.1/pico-sdk/src/rp2_common/pico_double/double_aeabi.S.obj
                0x10005f98                __wrap___aeabi_dcmpge
 .text.__wrap___aeabi_dcmpgt
                0x10005fa8        0xa CMakeFiles/lodgenet_gc_adapter_rp2040.dir/C_/Program_Files/Raspberry_Pi/Pico_SDK_v1.5.1/pico-sdk/src/rp2_common/pico_double/double_aeabi.S.obj
                0x10005fa8                __wrap___aeabi_dcmpgt
 .text.__wrap___aeabi_dcmpun
                0x10005fb2       0x1c CMakeFiles/lodgenet_gc_adapter_rp2040.dir/C_/Program_Files/Raspberry_Pi/Pico_SDK_v1.5.1/pico-sdk/src/rp2_common/pico_double/double_aeabi.S.obj
                0x10005fb2                __wrap___aeabi_dcmpun
 *fill*         0x10005fce        0x2 
 .text.__wrap___aeabi_i2d
                0x10005fd0       0x38 CMakeFiles/lodgenet_gc_adapter_rp2040.dir/C_/Program_Files/Raspberry_Pi/Pico_SDK_v1.5.1/pico-sdk/src/rp2_common/pico_double/double_aeabi.S.obj
                0x10005fd0                __wrap___aeabi_ui2d
                0x10005fd8                __wrap___aeabi_i2d
 .text.__wrap___aeabi_d2iz
                0x10006008       0x48 CMakeFiles/lodgenet_gc_adapter_rp2040.dir/C_/Program_Files/Raspberry_Pi/Pico_SDK_v1.5.1/pico-sdk/src/rp2_common/pico_double/double_aeabi.S.obj
                0x10006008                double2int_z
                0x10006008                __wrap___aeabi_d2iz
 .text.__wrap___aeabi_d2uiz
                0x10006050       0x18 CMakeFiles/lodgenet_gc_adapter_rp2040.dir/C_/Program_Files/Raspberry_Pi/Pico_SDK_v1.5.1/pico-sdk/src/rp2_common/pico_double/double_aeabi.S.obj
                0x10006050                __wrap___aeabi_d2uiz
                0x10006050                double2uint
 .text.__wrap___aeabi_d2f
                0x10006068       0x18 CMakeFiles/lodgenet_gc_adapter_rp2040.dir/C_/Program_Files/Raspberry_Pi/Pico_SDK_v1.5.1/pico-sdk/src/rp2_common/pico_double/double_aeabi.S.obj
                0x10006068                __wrap___aeabi_d2f
 .text.__aeabi_double_init
                0x10006080       0xc8 CMakeFiles/lodgenet_gc_adapter_rp2040.dir/C_/Program_Files/Raspberry_Pi/Pico_SDK_v1.5.1/pico-sdk/src/rp2_common/pico_double/double_init_rom.c.obj
                0x10006080                __aeabi_double_init
 .text.double_table_shim_on_use_helper
                0x10006148       0x34 CMakeFiles/lodgenet_gc_adapter_rp2040.dir/C_/Program_Files/Raspberry_Pi/Pico_SDK_v1.5.1/pico-sdk/src/rp2_common/pico_double/double_v1_rom_shim.S.obj
                0x10006148                double_table_shim_on_use_helper
 .text.__wrap___aeabi_dsub
                0x1000617c       0x10 CMakeFiles/lodgenet_gc_adapter_rp2040.dir/C_/Program_Files/Raspberry_Pi/Pico_SDK_v1.5.1/pico-sdk/src/rp2_common/pico_double/double_v1_rom_shim.S.obj
                0x1000617c                drsub_shim
                0x10006182                dsub_shim
 .text.dadd_shim
                0x1000618c      0x15c CMakeFiles/lodgenet_gc_adapter_rp2040.dir/C_/Program_Files/Raspberry_Pi/Pico_SDK_v1.5.1/pico-sdk/src/rp2_common/pico_double/double_v1_rom_shim.S.obj
                0x1000618c                dadd_shim
 .text.dmul_shim
                0x100062e8      0x15c CMakeFiles/lodgenet_gc_adapter_rp2040.dir/C_/Program_Files/Raspberry_Pi/Pico_SDK_v1.5.1/pico-sdk/src/rp2_common/pico_double/double_v1_rom_shim.S.obj
                0x100062e8                dmul_shim
 .text.ddiv_shim
                0x10006444      0x1b0 CMakeFiles/lodgenet_gc_adapter_rp2040.dir/C_/Program_Files/Raspberry_Pi/Pico_SDK_v1.5.1/pico-sdk/src/rp2_common/pico_double/double_v1_rom_shim.S.obj
                0x10006444                ddiv_shim
 .text.double2uint_shim
                0x100065f4        0xe CMakeFiles/lodgenet_gc_adapter_rp2040.dir/C_/Program_Files/Raspberry_Pi/Pico_SDK_v1.5.1/pico-sdk/src/rp2_common/pico_double/double_v1_rom_shim.S.obj
                0x100065f4                double2uint_shim
                0x100065f6                double2ufix_shim
 *fill*         0x10006602        0x2 
 .text.double2uint64_shim
                0x10006604       0x70 CMakeFiles/lodgenet_gc_adapter_rp2040.dir/C_/Program_Files/Raspberry_Pi/Pico_SDK_v1.5.1/pico-sdk/src/rp2_common/pico_double/double_v1_rom_shim.S.obj
                0x10006604                double2uint64_shim
                0x10006606                double2ufix64_shim
                0x10006626                d2fix_a
 .text.double2float_shim
                0x10006674       0x5c CMakeFiles/lodgenet_gc_adapter_rp2040.dir/C_/Program_Files/Raspberry_Pi/Pico_SDK_v1.5.1/pico-sdk/src/rp2_common/pico_double/double_v1_rom_shim.S.obj
                0x10006674                double2float_shim
 .text.dunpacks
                0x100066d0       0x3c CMakeFiles/lodgenet_gc_adapter_rp2040.dir/C_/Program_Files/Raspberry_Pi/Pico_SDK_v1.5.1/pico-sdk/src/rp2_common/pico_double/double_v1_rom_shim.S.obj
                0x100066d0                dunpacks
 .text.__aeabi_lmul
                0x1000670c       0x32 CMakeFiles/lodgenet_gc_adapter_rp2040.dir/C_/Program_Files/Raspberry_Pi/Pico_SDK_v1.5.1/pico-sdk/src/rp2_common/pico_int64_ops/pico_int64_ops_aeabi.S.obj
                0x1000670c                __wrap___aeabi_lmul
 *fill*         0x1000673e        0x2 
 .text.__wrap___aeabi_farithmetic
                0x10006740       0x58 CMakeFiles/lodgenet_gc_adapter_rp2040.dir/C_/Program_Files/Raspberry_Pi/Pico_SDK_v1.5.1/pico-sdk/src/rp2_common/pico_float/float_aeabi.S.obj
                0x10006740                __wrap___aeabi_frsub
                0x10006746                __wrap___aeabi_fsub
                0x10006750                __wrap___aeabi_fadd
                0x1000675a                __wrap___aeabi_fdiv
                0x10006786                __wrap___aeabi_fmul
 .text.__wrap___aeabi_cfcmple
                0x10006798       0x50 CMakeFiles/lodgenet_gc_adapter_rp2040.dir/C_/Program_Files/Raspberry_Pi/Pico_SDK_v1.5.1/pico-sdk/src/rp2_common/pico_float/float_aeabi.S.obj
                0x10006798                __wrap___aeabi_cfrcmple
                0x100067a4                __wrap___aeabi_cfcmple
                0x100067a4                __wrap___aeabi_cfcmpeq
 .text.__wrap___aeabi_fcmplt
                0x100067e8        0xc CMakeFiles/lodgenet_gc_adapter_rp2040.dir/C_/Program_Files/Raspberry_Pi/Pico_SDK_v1.5.1/pico-sdk/src/rp2_common/pico_float/float_aeabi.S.obj
                0x100067e8                __wrap___aeabi_fcmplt
 .text.__wrap___aeabi_fcmpgt
                0x100067f4        0xa CMakeFiles/lodgenet_gc_adapter_rp2040.dir/C_/Program_Files/Raspberry_Pi/Pico_SDK_v1.5.1/pico-sdk/src/rp2_common/pico_float/float_aeabi.S.obj
                0x100067f4                __wrap___aeabi_fcmpgt
 .text.__wrap___aeabi_ui2f
                0x100067fe        0xa CMakeFiles/lodgenet_gc_adapter_rp2040.dir/C_/Program_Files/Raspberry_Pi/Pico_SDK_v1.5.1/pico-sdk/src/rp2_common/pico_float/float_aeabi.S.obj
                0x100067fe                __wrap___aeabi_ui2f
 .text.__wrap___aeabi_i2f
                0x10006808       0x44 CMakeFiles/lodgenet_gc_adapter_rp2040.dir/C_/Program_Files/Raspberry_Pi/Pico_SDK_v1.5.1/pico-sdk/src/rp2_common/pico_float/float_aeabi.S.obj
                0x10006808                __wrap___aeabi_i2f
 .text.__wrap___aeabi_f2iz
                0x1000684c       0x4e CMakeFiles/lodgenet_gc_adapter_rp2040.dir/C_/Program_Files/Raspberry_Pi/Pico_SDK_v1.5.1/pico-sdk/src/rp2_common/pico_float/float_aeabi.S.obj
                0x1000684c                float2int_z
                0x1000684c                __wrap___aeabi_f2iz
 *fill*         0x1000689a        0x2 
 .text.float2int
                0x1000689c       0x14 CMakeFiles/lodgenet_gc_adapter_rp2040.dir/C_/Program_Files/Raspberry_Pi/Pico_SDK_v1.5.1/pico-sdk/src/rp2_common/pico_float/float_aeabi.S.obj
                0x1000689c                float2int
 .text.__wrap___aeabi_f2uiz
                0x100068b0       0x10 CMakeFiles/lodgenet_gc_adapter_rp2040.dir/C_/Program_Files/Raspberry_Pi/Pico_SDK_v1.5.1/pico-sdk/src/rp2_common/pico_float/float_aeabi.S.obj
                0x100068b0                __wrap___aeabi_f2uiz
 .text.__wrap___aeabi_f2d
                0x100068c0       0x14 CMakeFiles/lodgenet_gc_adapter_rp2040.dir/C_/Program_Files/Raspberry_Pi/Pico_SDK_v1.5.1/pico-sdk/src/rp2_common/pico_float/float_aeabi.S.obj
                0x100068c0                __wrap___aeabi_f2d
 .text.__aeabi_float_init
                0x100068d4       0xfc CMakeFiles/lodgenet_gc_adapter_rp2040.dir/C_/Program_Files/Raspberry_Pi/Pico_SDK_v1.5.1/pico-sdk/src/rp2_common/pico_float/float_init_rom.c.obj
                0x100068d4                __aeabi_float_init
 .text.float_table_shim_on_use_helper
                0x100069d0       0x34 CMakeFiles/lodgenet_gc_adapter_rp2040.dir/C_/Program_Files/Raspberry_Pi/Pico_SDK_v1.5.1/pico-sdk/src/rp2_common/pico_float/float_v1_rom_shim.S.obj
                0x100069d0                float_table_shim_on_use_helper
 .text.float232_shims
                0x10006a04       0x18 CMakeFiles/lodgenet_gc_adapter_rp2040.dir/C_/Program_Files/Raspberry_Pi/Pico_SDK_v1.5.1/pico-sdk/src/rp2_common/pico_float/float_v1_rom_shim.S.obj
                0x10006a04                float2int_shim
                0x10006a06                float2fix_shim
 .text.float2double_shim
                0x10006a1c       0x30 CMakeFiles/lodgenet_gc_adapter_rp2040.dir/C_/Program_Files/Raspberry_Pi/Pico_SDK_v1.5.1/pico-sdk/src/rp2_common/pico_float/float_v1_rom_shim.S.obj
                0x10006a1c                float2double_shim
 .text          0x10006a4c       0x10 CMakeFiles/lodgenet_gc_adapter_rp2040.dir/C_/Program_Files/Raspberry_Pi/Pico_SDK_v1.5.1/pico-sdk/src/rp2_common/pico_mem_ops/mem_ops_aeabi.S.obj
                0x10006a4c                __aeabi_mem_init
 .text.memset   0x10006a5c        0xc CMakeFiles/lodgenet_gc_adapter_rp2040.dir/C_/Program_Files/Raspberry_Pi/Pico_SDK_v1.5.1/pico-sdk/src/rp2_common/pico_mem_ops/mem_ops_aeabi.S.obj
                0x10006a5c                __wrap_memset
 .text.memcpy   0x10006a68        0xc CMakeFiles/lodgenet_gc_adapter_rp2040.dir/C_/Program_Files/Raspberry_Pi/Pico_SDK_v1.5.1/pico-sdk/src/rp2_common/pico_mem_ops/mem_ops_aeabi.S.obj
                0x10006a68                __wrap_memcpy
                0x10006a68                __wrap___aeabi_memcpy
 .text.stdio_out_chars_no_crlf
                0x10006a74        0xe CMakeFiles/lodgenet_gc_adapter_rp2040.dir/C_/Program_Files/Raspberry_Pi/Pico_SDK_v1.5.1/pico-sdk/src/rp2_common/pico_stdio/stdio.c.obj
 *fill*         0x10006a82        0x2 
 .text.stdio_out_chars_crlf
                0x10006a84       0x80 CMakeFiles/lodgenet_gc_adapter_rp2040.dir/C_/Program_Files/Raspberry_Pi/Pico_SDK_v1.5.1/pico-sdk/src/rp2_common/pico_stdio/stdio.c.obj
 .text.stdio_stack_buffer_flush
                0x10006b04       0x44 CMakeFiles/lodgenet_gc_adapter_rp2040.dir/C_/Program_Files/Raspberry_Pi/Pico_SDK_v1.5.1/pico-sdk/src/rp2_common/pico_stdio/stdio.c.obj
 .text.stdio_buffered_printer
                0x10006b48       0x20 CMakeFiles/lodgenet_gc_adapter_rp2040.dir/C_/Program_Files/Raspberry_Pi/Pico_SDK_v1.5.1/pico-sdk/src/rp2_common/pico_stdio/stdio.c.obj
 .text.stdout_serialize_begin
                0x10006b68       0x5c CMakeFiles/lodgenet_gc_adapter_rp2040.dir/C_/Program_Files/Raspberry_Pi/Pico_SDK_v1.5.1/pico-sdk/src/rp2_common/pico_stdio/stdio.c.obj
                0x10006b68                stdout_serialize_begin
 .text.stdout_serialize_end
                0x10006bc4       0x10 CMakeFiles/lodgenet_gc_adapter_rp2040.dir/C_/Program_Files/Raspberry_Pi/Pico_SDK_v1.5.1/pico-sdk/src/rp2_common/pico_stdio/stdio.c.obj
                0x10006bc4                stdout_serialize_end
 .text.stdio_put_string
                0x10006bd4       0x98 CMakeFiles/lodgenet_gc_adapter_rp2040.dir/C_/Program_Files/Raspberry_Pi/Pico_SDK_v1.5.1/pico-sdk/src/rp2_common/pico_stdio/stdio.c.obj
 .text.__wrap_putchar
                0x10006c6c       0x1c CMakeFiles/lodgenet_gc_adapter_rp2040.dir/C_/Program_Files/Raspberry_Pi/Pico_SDK_v1.5.1/pico-sdk/src/rp2_common/pico_stdio/stdio.c.obj
                0x10006c6c                __wrap_putchar
 .text.stdio_flush
                0x10006c88       0x20 CMakeFiles/lodgenet_gc_adapter_rp2040.dir/C_/Program_Files/Raspberry_Pi/Pico_SDK_v1.5.1/pico-sdk/src/rp2_common/pico_stdio/stdio.c.obj
                0x10006c88                stdio_flush
 .text.__wrap_puts
                0x10006ca8       0x1e CMakeFiles/lodgenet_gc_adapter_rp2040.dir/C_/Program_Files/Raspberry_Pi/Pico_SDK_v1.5.1/pico-sdk/src/rp2_common/pico_stdio/stdio.c.obj
                0x10006ca8                __wrap_puts
 *fill*         0x10006cc6        0x2 
 .text.__wrap_vprintf
                0x10006cc8       0x40 CMakeFiles/lodgenet_gc_adapter_rp2040.dir/C_/Program_Files/Raspberry_Pi/Pico_SDK_v1.5.1/pico-sdk/src/rp2_common/pico_stdio/stdio.c.obj
                0x10006cc8                __wrap_vprintf
 .text.__wrap_printf
                0x10006d08       0x18 CMakeFiles/lodgenet_gc_adapter_rp2040.dir/C_/Program_Files/Raspberry_Pi/Pico_SDK_v1.5.1/pico-sdk/src/rp2_common/pico_stdio/stdio.c.obj
                0x10006d08                __wrap_printf
 .text.stdio_init_all
                0x10006d20        0x4 CMakeFiles/lodgenet_gc_adapter_rp2040.dir/C_/Program_Files/Raspberry_Pi/Pico_SDK_v1.5.1/pico-sdk/src/rp2_common/pico_stdio/stdio.c.obj
                0x10006d20                stdio_init_all
 .text.splitmix64
                0x10006d24       0x5c CMakeFiles/lodgenet_gc_adapter_rp2040.dir/C_/Program_Files/Raspberry_Pi/Pico_SDK_v1.5.1/pico-sdk/src/rp2_common/pico_rand/rand.c.obj
 .text.sdbm_hash64_sram
                0x10006d80       0x64 CMakeFiles/lodgenet_gc_adapter_rp2040.dir/C_/Program_Files/Raspberry_Pi/Pico_SDK_v1.5.1/pico-sdk/src/rp2_common/pico_rand/rand.c.obj
 .text.xoroshiro128ss
                0x10006de4       0xb8 CMakeFiles/lodgenet_gc_adapter_rp2040.dir/C_/Program_Files/Raspberry_Pi/Pico_SDK_v1.5.1/pico-sdk/src/rp2_common/pico_rand/rand.c.obj
 .text.capture_additional_rosc_samples
                0x10006e9c      0x1a4 CMakeFiles/lodgenet_gc_adapter_rp2040.dir/C_/Program_Files/Raspberry_Pi/Pico_SDK_v1.5.1/pico-sdk/src/rp2_common/pico_rand/rand.c.obj
 .text.initialise_rand
                0x10007040      0x118 CMakeFiles/lodgenet_gc_adapter_rp2040.dir/C_/Program_Files/Raspberry_Pi/Pico_SDK_v1.5.1/pico-sdk/src/rp2_common/pico_rand/rand.c.obj
 .text.get_rand_64
                0x10007158      0x11c CMakeFiles/lodgenet_gc_adapter_rp2040.dir/C_/Program_Files/Raspberry_Pi/Pico_SDK_v1.5.1/pico-sdk/src/rp2_common/pico_rand/rand.c.obj
                0x10007158                get_rand_64
 .text.get_rand_32
                0x10007274        0x8 CMakeFiles/lodgenet_gc_adapter_rp2040.dir/C_/Program_Files/Raspberry_Pi/Pico_SDK_v1.5.1/pico-sdk/src/rp2_common/pico_rand/rand.c.obj
                0x10007274                get_rand_32
 .text._retrieve_unique_id_on_boot
                0x1000727c       0x10 CMakeFiles/lodgenet_gc_adapter_rp2040.dir/C_/Program_Files/Raspberry_Pi/Pico_SDK_v1.5.1/pico-sdk/src/rp2_common/pico_unique_id/unique_id.c.obj
 .text.pico_get_unique_board_id
                0x1000728c       0x10 CMakeFiles/lodgenet_gc_adapter_rp2040.dir/C_/Program_Files/Raspberry_Pi/Pico_SDK_v1.5.1/pico-sdk/src/rp2_common/pico_unique_id/unique_id.c.obj
                0x1000728c                pico_get_unique_board_id
 .text.flash_get_unique_id
                0x1000729c       0x46 CMakeFiles/lodgenet_gc_adapter_rp2040.dir/C_/Program_Files/Raspberry_Pi/Pico_SDK_v1.5.1/pico-sdk/src/rp2_common/hardware_flash/flash.c.obj
                0x1000729c                flash_get_unique_id
 *fill*         0x100072e2        0x2 
 .text.hw_endpoint_get_by_addr
                0x100072e4       0x18 CMakeFiles/lodgenet_gc_adapter_rp2040.dir/C_/Program_Files/Raspberry_Pi/Pico_SDK_v1.5.1/pico-sdk/lib/tinyusb/src/portable/raspberrypi/rp2040/dcd_rp2040.c.obj
 .text._hw_endpoint_alloc
                0x100072fc       0x70 CMakeFiles/lodgenet_gc_adapter_rp2040.dir/C_/Program_Files/Raspberry_Pi/Pico_SDK_v1.5.1/pico-sdk/lib/tinyusb/src/portable/raspberrypi/rp2040/dcd_rp2040.c.obj
 .text.hw_endpoint_init
                0x1000736c       0x88 CMakeFiles/lodgenet_gc_adapter_rp2040.dir/C_/Program_Files/Raspberry_Pi/Pico_SDK_v1.5.1/pico-sdk/lib/tinyusb/src/portable/raspberrypi/rp2040/dcd_rp2040.c.obj
 .text.hw_endpoint_xfer
                0x100073f4       0x14 CMakeFiles/lodgenet_gc_adapter_rp2040.dir/C_/Program_Files/Raspberry_Pi/Pico_SDK_v1.5.1/pico-sdk/lib/tinyusb/src/portable/raspberrypi/rp2040/dcd_rp2040.c.obj
 .text.dcd_int_enable
                0x10007408       0x2c CMakeFiles/lodgenet_gc_adapter_rp2040.dir/C_/Program_Files/Raspberry_Pi/Pico_SDK_v1.5.1/pico-sdk/lib/tinyusb/src/portable/raspberrypi/rp2040/dcd_rp2040.c.obj
                0x10007408                dcd_int_enable
 .text.dcd_set_address
                0x10007434       0x2c CMakeFiles/lodgenet_gc_adapter_rp2040.dir/C_/Program_Files/Raspberry_Pi/Pico_SDK_v1.5.1/pico-sdk/lib/tinyusb/src/portable/raspberrypi/rp2040/dcd_rp2040.c.obj
                0x10007434                dcd_set_address
 .text.dcd_remote_wakeup
                0x10007460       0x38 CMakeFiles/lodgenet_gc_adapter_rp2040.dir/C_/Program_Files/Raspberry_Pi/Pico_SDK_v1.5.1/pico-sdk/lib/tinyusb/src/portable/raspberrypi/rp2040/dcd_rp2040.c.obj
                0x10007460                dcd_remote_wakeup
 .text.dcd_connect
                0x10007498       0x10 CMakeFiles/lodgenet_gc_adapter_rp2040.dir/C_/Program_Files/Raspberry_Pi/Pico_SDK_v1.5.1/pico-sdk/lib/tinyusb/src/portable/raspberrypi/rp2040/dcd_rp2040.c.obj
                0x10007498                dcd_connect
 .text.dcd_init
                0x100074a8       0x80 CMakeFiles/lodgenet_gc_adapter_rp2040.dir/C_/Program_Files/Raspberry_Pi/Pico_SDK_v1.5.1/pico-sdk/lib/tinyusb/src/portable/raspberrypi/rp2040/dcd_rp2040.c.obj
                0x100074a8                dcd_init
 .text.dcd_edpt0_status_complete
                0x10007528       0x1c CMakeFiles/lodgenet_gc_adapter_rp2040.dir/C_/Program_Files/Raspberry_Pi/Pico_SDK_v1.5.1/pico-sdk/lib/tinyusb/src/portable/raspberrypi/rp2040/dcd_rp2040.c.obj
                0x10007528                dcd_edpt0_status_complete
 .text.dcd_edpt_open
                0x10007544       0x40 CMakeFiles/lodgenet_gc_adapter_rp2040.dir/C_/Program_Files/Raspberry_Pi/Pico_SDK_v1.5.1/pico-sdk/lib/tinyusb/src/portable/raspberrypi/rp2040/dcd_rp2040.c.obj
                0x10007544                dcd_edpt_open
 .text.dcd_edpt_close_all
                0x10007584        0x8 CMakeFiles/lodgenet_gc_adapter_rp2040.dir/C_/Program_Files/Raspberry_Pi/Pico_SDK_v1.5.1/pico-sdk/lib/tinyusb/src/portable/raspberrypi/rp2040/dcd_rp2040.c.obj
                0x10007584                dcd_edpt_close_all
 .text.dcd_edpt_xfer
                0x1000758c       0x34 CMakeFiles/lodgenet_gc_adapter_rp2040.dir/C_/Program_Files/Raspberry_Pi/Pico_SDK_v1.5.1/pico-sdk/lib/tinyusb/src/portable/raspberrypi/rp2040/dcd_rp2040.c.obj
                0x1000758c                dcd_edpt_xfer
 .text.dcd_edpt_stall
                0x100075c0       0x2c CMakeFiles/lodgenet_gc_adapter_rp2040.dir/C_/Program_Files/Raspberry_Pi/Pico_SDK_v1.5.1/pico-sdk/lib/tinyusb/src/portable/raspberrypi/rp2040/dcd_rp2040.c.obj
                0x100075c0                dcd_edpt_stall
 .text.dcd_edpt_clear_stall
                0x100075ec       0x20 CMakeFiles/lodgenet_gc_adapter_rp2040.dir/C_/Program_Files/Raspberry_Pi/Pico_SDK_v1.5.1/pico-sdk/lib/tinyusb/src/portable/raspberrypi/rp2040/dcd_rp2040.c.obj
                0x100075ec                dcd_edpt_clear_stall
 .text.rp2040_usb_init
                0x1000760c       0x4c CMakeFiles/lodgenet_gc_adapter_rp2040.dir/C_/Program_Files/Raspberry_Pi/Pico_SDK_v1.5.1/pico-sdk/lib/tinyusb/src/portable/raspberrypi/rp2040/rp2040_usb.c.obj
                0x1000760c                rp2040_usb_init
 .text.hw_endpoint_xfer_start
                0x10007658       0x50 CMakeFiles/lodgenet_gc_adapter_rp2040.dir/C_/Program_Files/Raspberry_Pi/Pico_SDK_v1.5.1/pico-sdk/lib/tinyusb/src/portable/raspberrypi/rp2040/rp2040_usb.c.obj
                0x10007658                hw_endpoint_xfer_start
 .text.configuration_reset
                0x100076a8       0x88 CMakeFiles/lodgenet_gc_adapter_rp2040.dir/C_/Program_Files/Raspberry_Pi/Pico_SDK_v1.5.1/pico-sdk/lib/tinyusb/src/device/usbd.c.obj
 .text.usbd_reset
                0x10007730        0xc CMakeFiles/lodgenet_gc_adapter_rp2040.dir/C_/Program_Files/Raspberry_Pi/Pico_SDK_v1.5.1/pico-sdk/lib/tinyusb/src/device/usbd.c.obj
 .text.invoke_class_control
                0x1000773c       0x1a CMakeFiles/lodgenet_gc_adapter_rp2040.dir/C_/Program_Files/Raspberry_Pi/Pico_SDK_v1.5.1/pico-sdk/lib/tinyusb/src/device/usbd.c.obj
 *fill*         0x10007756        0x2 
 .text.process_set_config
                0x10007758      0x184 CMakeFiles/lodgenet_gc_adapter_rp2040.dir/C_/Program_Files/Raspberry_Pi/Pico_SDK_v1.5.1/pico-sdk/lib/tinyusb/src/device/usbd.c.obj
 .text.process_get_descriptor
                0x100078dc       0xdc CMakeFiles/lodgenet_gc_adapter_rp2040.dir/C_/Program_Files/Raspberry_Pi/Pico_SDK_v1.5.1/pico-sdk/lib/tinyusb/src/device/usbd.c.obj
 .text.tud_mounted
                0x100079b8       0x10 CMakeFiles/lodgenet_gc_adapter_rp2040.dir/C_/Program_Files/Raspberry_Pi/Pico_SDK_v1.5.1/pico-sdk/lib/tinyusb/src/device/usbd.c.obj
                0x100079b8                tud_mounted
 .text.tud_suspended
                0x100079c8       0x10 CMakeFiles/lodgenet_gc_adapter_rp2040.dir/C_/Program_Files/Raspberry_Pi/Pico_SDK_v1.5.1/pico-sdk/lib/tinyusb/src/device/usbd.c.obj
                0x100079c8                tud_suspended
 .text.tud_remote_wakeup
                0x100079d8       0x34 CMakeFiles/lodgenet_gc_adapter_rp2040.dir/C_/Program_Files/Raspberry_Pi/Pico_SDK_v1.5.1/pico-sdk/lib/tinyusb/src/device/usbd.c.obj
                0x100079d8                tud_remote_wakeup
 .text.tud_inited
                0x10007a0c       0x14 CMakeFiles/lodgenet_gc_adapter_rp2040.dir/C_/Program_Files/Raspberry_Pi/Pico_SDK_v1.5.1/pico-sdk/lib/tinyusb/src/device/usbd.c.obj
                0x10007a0c                tud_inited
 .text.tud_init
                0x10007a20       0xd0 CMakeFiles/lodgenet_gc_adapter_rp2040.dir/C_/Program_Files/Raspberry_Pi/Pico_SDK_v1.5.1/pico-sdk/lib/tinyusb/src/device/usbd.c.obj
                0x10007a20                tud_init
 .text.usbd_edpt_open
                0x10007af0       0x34 CMakeFiles/lodgenet_gc_adapter_rp2040.dir/C_/Program_Files/Raspberry_Pi/Pico_SDK_v1.5.1/pico-sdk/lib/tinyusb/src/device/usbd.c.obj
                0x10007af0                usbd_edpt_open
 .text.usbd_open_edpt_pair
                0x10007b24       0x62 CMakeFiles/lodgenet_gc_adapter_rp2040.dir/C_/Program_Files/Raspberry_Pi/Pico_SDK_v1.5.1/pico-sdk/lib/tinyusb/src/device/usbd.c.obj
                0x10007b24                usbd_open_edpt_pair
 *fill*         0x10007b86        0x2 
 .text.usbd_edpt_claim
                0x10007b88       0x28 CMakeFiles/lodgenet_gc_adapter_rp2040.dir/C_/Program_Files/Raspberry_Pi/Pico_SDK_v1.5.1/pico-sdk/lib/tinyusb/src/device/usbd.c.obj
                0x10007b88                usbd_edpt_claim
 .text.usbd_edpt_release
                0x10007bb0       0x28 CMakeFiles/lodgenet_gc_adapter_rp2040.dir/C_/Program_Files/Raspberry_Pi/Pico_SDK_v1.5.1/pico-sdk/lib/tinyusb/src/device/usbd.c.obj
                0x10007bb0                usbd_edpt_release
 .text.usbd_edpt_xfer
                0x10007bd8       0x78 CMakeFiles/lodgenet_gc_adapter_rp2040.dir/C_/Program_Files/Raspberry_Pi/Pico_SDK_v1.5.1/pico-sdk/lib/tinyusb/src/device/usbd.c.obj
                0x10007bd8                usbd_edpt_xfer
 .text.usbd_edpt_busy
                0x10007c50       0x1c CMakeFiles/lodgenet_gc_adapter_rp2040.dir/C_/Program_Files/Raspberry_Pi/Pico_SDK_v1.5.1/pico-sdk/lib/tinyusb/src/device/usbd.c.obj
                0x10007c50                usbd_edpt_busy
 .text.usbd_edpt_stall
                0x10007c6c       0x48 CMakeFiles/lodgenet_gc_adapter_rp2040.dir/C_/Program_Files/Raspberry_Pi/Pico_SDK_v1.5.1/pico-sdk/lib/tinyusb/src/device/usbd.c.obj
                0x10007c6c                usbd_edpt_stall
 .text.usbd_edpt_clear_stall
                0x10007cb4       0x48 CMakeFiles/lodgenet_gc_adapter_rp2040.dir/C_/Program_Files/Raspberry_Pi/Pico_SDK_v1.5.1/pico-sdk/lib/tinyusb/src/device/usbd.c.obj
                0x10007cb4                usbd_edpt_clear_stall
 .text.usbd_edpt_stalled
                0x10007cfc       0x1c CMakeFiles/lodgenet_gc_adapter_rp2040.dir/C_/Program_Files/Raspberry_Pi/Pico_SDK_v1.5.1/pico-sdk/lib/tinyusb/src/device/usbd.c.obj
                0x10007cfc                usbd_edpt_stalled
 .text.process_control_request
                0x10007d18      0x37c CMakeFiles/lodgenet_gc_adapter_rp2040.dir/C_/Program_Files/Raspberry_Pi/Pico_SDK_v1.5.1/pico-sdk/lib/tinyusb/src/device/usbd.c.obj
 .text.tud_task_ext
                0x10008094      0x1b8 CMakeFiles/lodgenet_gc_adapter_rp2040.dir/C_/Program_Files/Raspberry_Pi/Pico_SDK_v1.5.1/pico-sdk/lib/tinyusb/src/device/usbd.c.obj
                0x10008094                tud_task_ext
 .text._data_stage_xact
                0x1000824c       0x58 CMakeFiles/lodgenet_gc_adapter_rp2040.dir/C_/Program_Files/Raspberry_Pi/Pico_SDK_v1.5.1/pico-sdk/lib/tinyusb/src/device/usbd_control.c.obj
 .text.tud_control_status
                0x100082a4       0x38 CMakeFiles/lodgenet_gc_adapter_rp2040.dir/C_/Program_Files/Raspberry_Pi/Pico_SDK_v1.5.1/pico-sdk/lib/tinyusb/src/device/usbd_control.c.obj
                0x100082a4                tud_control_status
 .text.tud_control_xfer
                0x100082dc       0x74 CMakeFiles/lodgenet_gc_adapter_rp2040.dir/C_/Program_Files/Raspberry_Pi/Pico_SDK_v1.5.1/pico-sdk/lib/tinyusb/src/device/usbd_control.c.obj
                0x100082dc                tud_control_xfer
 .text.usbd_control_reset
                0x10008350       0x14 CMakeFiles/lodgenet_gc_adapter_rp2040.dir/C_/Program_Files/Raspberry_Pi/Pico_SDK_v1.5.1/pico-sdk/lib/tinyusb/src/device/usbd_control.c.obj
                0x10008350                usbd_control_reset
 .text.usbd_control_set_complete_callback
                0x10008364        0xc CMakeFiles/lodgenet_gc_adapter_rp2040.dir/C_/Program_Files/Raspberry_Pi/Pico_SDK_v1.5.1/pico-sdk/lib/tinyusb/src/device/usbd_control.c.obj
                0x10008364                usbd_control_set_complete_callback
 .text.usbd_control_set_request
                0x10008370       0x1c CMakeFiles/lodgenet_gc_adapter_rp2040.dir/C_/Program_Files/Raspberry_Pi/Pico_SDK_v1.5.1/pico-sdk/lib/tinyusb/src/device/usbd_control.c.obj
                0x10008370                usbd_control_set_request
 .text.usbd_control_xfer_cb
                0x1000838c       0xcc CMakeFiles/lodgenet_gc_adapter_rp2040.dir/C_/Program_Files/Raspberry_Pi/Pico_SDK_v1.5.1/pico-sdk/lib/tinyusb/src/device/usbd_control.c.obj
                0x1000838c                usbd_control_xfer_cb
 .text._prep_out_transaction
                0x10008458       0x48 CMakeFiles/lodgenet_gc_adapter_rp2040.dir/C_/Program_Files/Raspberry_Pi/Pico_SDK_v1.5.1/pico-sdk/lib/tinyusb/src/class/cdc/cdc_device.c.obj
 .text.tud_cdc_n_write_flush
                0x100084a0       0xc8 CMakeFiles/lodgenet_gc_adapter_rp2040.dir/C_/Program_Files/Raspberry_Pi/Pico_SDK_v1.5.1/pico-sdk/lib/tinyusb/src/class/cdc/cdc_device.c.obj
                0x100084a0                tud_cdc_n_write_flush
 .text.cdcd_init
                0x10008568       0xc0 CMakeFiles/lodgenet_gc_adapter_rp2040.dir/C_/Program_Files/Raspberry_Pi/Pico_SDK_v1.5.1/pico-sdk/lib/tinyusb/src/class/cdc/cdc_device.c.obj
                0x10008568                cdcd_init
 .text.cdcd_reset
                0x10008628       0x50 CMakeFiles/lodgenet_gc_adapter_rp2040.dir/C_/Program_Files/Raspberry_Pi/Pico_SDK_v1.5.1/pico-sdk/lib/tinyusb/src/class/cdc/cdc_device.c.obj
                0x10008628                cdcd_reset
 .text.cdcd_open
                0x10008678       0xd8 CMakeFiles/lodgenet_gc_adapter_rp2040.dir/C_/Program_Files/Raspberry_Pi/Pico_SDK_v1.5.1/pico-sdk/lib/tinyusb/src/class/cdc/cdc_device.c.obj
                0x10008678                cdcd_open
 .text.cdcd_control_xfer_cb
                0x10008750      0x130 CMakeFiles/lodgenet_gc_adapter_rp2040.dir/C_/Program_Files/Raspberry_Pi/Pico_SDK_v1.5.1/pico-sdk/lib/tinyusb/src/class/cdc/cdc_device.c.obj
                0x10008750                cdcd_control_xfer_cb
 .text.cdcd_xfer_cb
                0x10008880      0x12c CMakeFiles/lodgenet_gc_adapter_rp2040.dir/C_/Program_Files/Raspberry_Pi/Pico_SDK_v1.5.1/pico-sdk/lib/tinyusb/src/class/cdc/cdc_device.c.obj
                0x10008880                cdcd_xfer_cb
 .text.tud_hid_n_ready
                0x100089ac       0x50 CMakeFiles/lodgenet_gc_adapter_rp2040.dir/C_/Program_Files/Raspberry_Pi/Pico_SDK_v1.5.1/pico-sdk/lib/tinyusb/src/class/hid/hid_device.c.obj
                0x100089ac                tud_hid_n_ready
 .text.tud_hid_n_report
                0x100089fc       0x84 CMakeFiles/lodgenet_gc_adapter_rp2040.dir/C_/Program_Files/Raspberry_Pi/Pico_SDK_v1.5.1/pico-sdk/lib/tinyusb/src/class/hid/hid_device.c.obj
                0x100089fc                tud_hid_n_report
 .text.hidd_reset
                0x10008a80       0x14 CMakeFiles/lodgenet_gc_adapter_rp2040.dir/C_/Program_Files/Raspberry_Pi/Pico_SDK_v1.5.1/pico-sdk/lib/tinyusb/src/class/hid/hid_device.c.obj
                0x10008a80                hidd_reset
 .text.hidd_init
                0x10008a94        0xa CMakeFiles/lodgenet_gc_adapter_rp2040.dir/C_/Program_Files/Raspberry_Pi/Pico_SDK_v1.5.1/pico-sdk/lib/tinyusb/src/class/hid/hid_device.c.obj
                0x10008a94                hidd_init
 *fill*         0x10008a9e        0x2 
 .text.hidd_open
                0x10008aa0       0xc0 CMakeFiles/lodgenet_gc_adapter_rp2040.dir/C_/Program_Files/Raspberry_Pi/Pico_SDK_v1.5.1/pico-sdk/lib/tinyusb/src/class/hid/hid_device.c.obj
                0x10008aa0                hidd_open
 .text.hidd_control_xfer_cb
                0x10008b60      0x278 CMakeFiles/lodgenet_gc_adapter_rp2040.dir/C_/Program_Files/Raspberry_Pi/Pico_SDK_v1.5.1/pico-sdk/lib/tinyusb/src/class/hid/hid_device.c.obj
                0x10008b60                hidd_control_xfer_cb
 .text.hidd_xfer_cb
                0x10008dd8       0x84 CMakeFiles/lodgenet_gc_adapter_rp2040.dir/C_/Program_Files/Raspberry_Pi/Pico_SDK_v1.5.1/pico-sdk/lib/tinyusb/src/class/hid/hid_device.c.obj
                0x10008dd8                hidd_xfer_cb
 .text._prep_out_transaction
                0x10008e5c       0x2c CMakeFiles/lodgenet_gc_adapter_rp2040.dir/C_/Program_Files/Raspberry_Pi/Pico_SDK_v1.5.1/pico-sdk/lib/tinyusb/src/class/vendor/vendor_device.c.obj
 .text.maybe_transmit
                0x10008e88       0x3e CMakeFiles/lodgenet_gc_adapter_rp2040.dir/C_/Program_Files/Raspberry_Pi/Pico_SDK_v1.5.1/pico-sdk/lib/tinyusb/src/class/vendor/vendor_device.c.obj
 *fill*         0x10008ec6        0x2 
 .text.tud_vendor_n_read
                0x10008ec8       0x2c CMakeFiles/lodgenet_gc_adapter_rp2040.dir/C_/Program_Files/Raspberry_Pi/Pico_SDK_v1.5.1/pico-sdk/lib/tinyusb/src/class/vendor/vendor_device.c.obj
                0x10008ec8                tud_vendor_n_read
 .text.tud_vendor_n_write
                0x10008ef4       0x3c CMakeFiles/lodgenet_gc_adapter_rp2040.dir/C_/Program_Files/Raspberry_Pi/Pico_SDK_v1.5.1/pico-sdk/lib/tinyusb/src/class/vendor/vendor_device.c.obj
                0x10008ef4                tud_vendor_n_write
 .text.tud_vendor_n_flush
                0x10008f30       0x1c CMakeFiles/lodgenet_gc_adapter_rp2040.dir/C_/Program_Files/Raspberry_Pi/Pico_SDK_v1.5.1/pico-sdk/lib/tinyusb/src/class/vendor/vendor_device.c.obj
                0x10008f30                tud_vendor_n_flush
 .text.vendord_init
                0x10008f4c       0xa8 CMakeFiles/lodgenet_gc_adapter_rp2040.dir/C_/Program_Files/Raspberry_Pi/Pico_SDK_v1.5.1/pico-sdk/lib/tinyusb/src/class/vendor/vendor_device.c.obj
                0x10008f4c                vendord_init
 .text.vendord_reset
                0x10008ff4       0x40 CMakeFiles/lodgenet_gc_adapter_rp2040.dir/C_/Program_Files/Raspberry_Pi/Pico_SDK_v1.5.1/pico-sdk/lib/tinyusb/src/class/vendor/vendor_device.c.obj
                0x10008ff4                vendord_reset
 .text.vendord_open
                0x10009034       0xd4 CMakeFiles/lodgenet_gc_adapter_rp2040.dir/C_/Program_Files/Raspberry_Pi/Pico_SDK_v1.5.1/pico-sdk/lib/tinyusb/src/class/vendor/vendor_device.c.obj
                0x10009034                vendord_open
 .text.vendord_xfer_cb
                0x10009108       0x7c CMakeFiles/lodgenet_gc_adapter_rp2040.dir/C_/Program_Files/Raspberry_Pi/Pico_SDK_v1.5.1/pico-sdk/lib/tinyusb/src/class/vendor/vendor_device.c.obj
                0x10009108                vendord_xfer_cb
 .text.tusb_init
                0x10009184        0xa CMakeFiles/lodgenet_gc_adapter_rp2040.dir/C_/Program_Files/Raspberry_Pi/Pico_SDK_v1.5.1/pico-sdk/lib/tinyusb/src/tusb.c.obj
                0x10009184                tusb_init
 .text.tusb_inited
                0x1000918e        0xe CMakeFiles/lodgenet_gc_adapter_rp2040.dir/C_/Program_Files/Raspberry_Pi/Pico_SDK_v1.5.1/pico-sdk/lib/tinyusb/src/tusb.c.obj
                0x1000918e                tusb_inited
 .text.tu_edpt_claim
                0x1000919c       0x50 CMakeFiles/lodgenet_gc_adapter_rp2040.dir/C_/Program_Files/Raspberry_Pi/Pico_SDK_v1.5.1/pico-sdk/lib/tinyusb/src/tusb.c.obj
                0x1000919c                tu_edpt_claim
 .text.tu_edpt_release
                0x100091ec       0x3c CMakeFiles/lodgenet_gc_adapter_rp2040.dir/C_/Program_Files/Raspberry_Pi/Pico_SDK_v1.5.1/pico-sdk/lib/tinyusb/src/tusb.c.obj
                0x100091ec                tu_edpt_release
 .text.tu_edpt_validate
                0x10009228       0x78 CMakeFiles/lodgenet_gc_adapter_rp2040.dir/C_/Program_Files/Raspberry_Pi/Pico_SDK_v1.5.1/pico-sdk/lib/tinyusb/src/tusb.c.obj
                0x10009228                tu_edpt_validate
 .text.tu_edpt_bind_driver
                0x100092a0       0x26 CMakeFiles/lodgenet_gc_adapter_rp2040.dir/C_/Program_Files/Raspberry_Pi/Pico_SDK_v1.5.1/pico-sdk/lib/tinyusb/src/tusb.c.obj
                0x100092a0                tu_edpt_bind_driver
 .text.advance_index
                0x100092c6       0x1a CMakeFiles/lodgenet_gc_adapter_rp2040.dir/C_/Program_Files/Raspberry_Pi/Pico_SDK_v1.5.1/pico-sdk/lib/tinyusb/src/common/tusb_fifo.c.obj
 .text._tu_fifo_peek
                0x100092e0       0x56 CMakeFiles/lodgenet_gc_adapter_rp2040.dir/C_/Program_Files/Raspberry_Pi/Pico_SDK_v1.5.1/pico-sdk/lib/tinyusb/src/common/tusb_fifo.c.obj
 .text._ff_pull_const_addr
                0x10009336       0x4c CMakeFiles/lodgenet_gc_adapter_rp2040.dir/C_/Program_Files/Raspberry_Pi/Pico_SDK_v1.5.1/pico-sdk/lib/tinyusb/src/common/tusb_fifo.c.obj
 .text._ff_pull_n
                0x10009382      0x110 CMakeFiles/lodgenet_gc_adapter_rp2040.dir/C_/Program_Files/Raspberry_Pi/Pico_SDK_v1.5.1/pico-sdk/lib/tinyusb/src/common/tusb_fifo.c.obj
 .text._tu_fifo_peek_n
                0x10009492       0x6a CMakeFiles/lodgenet_gc_adapter_rp2040.dir/C_/Program_Files/Raspberry_Pi/Pico_SDK_v1.5.1/pico-sdk/lib/tinyusb/src/common/tusb_fifo.c.obj
 .text._tu_fifo_read_n
                0x100094fc       0x4e CMakeFiles/lodgenet_gc_adapter_rp2040.dir/C_/Program_Files/Raspberry_Pi/Pico_SDK_v1.5.1/pico-sdk/lib/tinyusb/src/common/tusb_fifo.c.obj
 .text._ff_push_const_addr
                0x1000954a       0x40 CMakeFiles/lodgenet_gc_adapter_rp2040.dir/C_/Program_Files/Raspberry_Pi/Pico_SDK_v1.5.1/pico-sdk/lib/tinyusb/src/common/tusb_fifo.c.obj
 .text._ff_push_n
                0x1000958a      0x10c CMakeFiles/lodgenet_gc_adapter_rp2040.dir/C_/Program_Files/Raspberry_Pi/Pico_SDK_v1.5.1/pico-sdk/lib/tinyusb/src/common/tusb_fifo.c.obj
 .text._tu_fifo_write_n
                0x10009696       0xf0 CMakeFiles/lodgenet_gc_adapter_rp2040.dir/C_/Program_Files/Raspberry_Pi/Pico_SDK_v1.5.1/pico-sdk/lib/tinyusb/src/common/tusb_fifo.c.obj
 .text.tu_fifo_config
                0x10009786       0x7c CMakeFiles/lodgenet_gc_adapter_rp2040.dir/C_/Program_Files/Raspberry_Pi/Pico_SDK_v1.5.1/pico-sdk/lib/tinyusb/src/common/tusb_fifo.c.obj
                0x10009786                tu_fifo_config
 .text.tu_fifo_count
                0x10009802       0x2a CMakeFiles/lodgenet_gc_adapter_rp2040.dir/C_/Program_Files/Raspberry_Pi/Pico_SDK_v1.5.1/pico-sdk/lib/tinyusb/src/common/tusb_fifo.c.obj
                0x10009802                tu_fifo_count
 .text.tu_fifo_empty
                0x1000982c       0x10 CMakeFiles/lodgenet_gc_adapter_rp2040.dir/C_/Program_Files/Raspberry_Pi/Pico_SDK_v1.5.1/pico-sdk/lib/tinyusb/src/common/tusb_fifo.c.obj
                0x1000982c                tu_fifo_empty
 .text.tu_fifo_full
                0x1000983c       0x28 CMakeFiles/lodgenet_gc_adapter_rp2040.dir/C_/Program_Files/Raspberry_Pi/Pico_SDK_v1.5.1/pico-sdk/lib/tinyusb/src/common/tusb_fifo.c.obj
                0x1000983c                tu_fifo_full
 .text.tu_fifo_remaining
                0x10009864       0x2c CMakeFiles/lodgenet_gc_adapter_rp2040.dir/C_/Program_Files/Raspberry_Pi/Pico_SDK_v1.5.1/pico-sdk/lib/tinyusb/src/common/tusb_fifo.c.obj
                0x10009864                tu_fifo_remaining
 .text.tu_fifo_read
                0x10009890       0x42 CMakeFiles/lodgenet_gc_adapter_rp2040.dir/C_/Program_Files/Raspberry_Pi/Pico_SDK_v1.5.1/pico-sdk/lib/tinyusb/src/common/tusb_fifo.c.obj
                0x10009890                tu_fifo_read
 .text.tu_fifo_read_n
                0x100098d2        0xa CMakeFiles/lodgenet_gc_adapter_rp2040.dir/C_/Program_Files/Raspberry_Pi/Pico_SDK_v1.5.1/pico-sdk/lib/tinyusb/src/common/tusb_fifo.c.obj
                0x100098d2                tu_fifo_read_n
 .text.tu_fifo_write
                0x100098dc       0x64 CMakeFiles/lodgenet_gc_adapter_rp2040.dir/C_/Program_Files/Raspberry_Pi/Pico_SDK_v1.5.1/pico-sdk/lib/tinyusb/src/common/tusb_fifo.c.obj
                0x100098dc                tu_fifo_write
 .text.tu_fifo_write_n
                0x10009940        0xa CMakeFiles/lodgenet_gc_adapter_rp2040.dir/C_/Program_Files/Raspberry_Pi/Pico_SDK_v1.5.1/pico-sdk/lib/tinyusb/src/common/tusb_fifo.c.obj
                0x10009940                tu_fifo_write_n
 .text.tu_fifo_clear
                0x1000994a       0x3e CMakeFiles/lodgenet_gc_adapter_rp2040.dir/C_/Program_Files/Raspberry_Pi/Pico_SDK_v1.5.1/pico-sdk/lib/tinyusb/src/common/tusb_fifo.c.obj
                0x1000994a                tu_fifo_clear
 .text.tu_fifo_set_overwritable
                0x10009988       0x46 CMakeFiles/lodgenet_gc_adapter_rp2040.dir/C_/Program_Files/Raspberry_Pi/Pico_SDK_v1.5.1/pico-sdk/lib/tinyusb/src/common/tusb_fifo.c.obj
                0x10009988                tu_fifo_set_overwritable
 *fill*         0x100099ce        0x2 
 .text.strlen   0x100099d0       0x5c c:/progra~1/raspbe~1/picosd~1.1/gcc-ar~1/bin/../lib/gcc/arm-none-eabi/10.3.1/../../../../arm-none-eabi/lib/thumb/v6-m/nofp\libg.a(lib_a-strlen-stub.o)
                0x100099d0                strlen
 *(.fini)
 .fini          0x10009a2c        0x4 c:/progra~1/raspbe~1/picosd~1.1/gcc-ar~1/bin/../lib/gcc/arm-none-eabi/10.3.1/thumb/v6-m/nofp/crti.o
                0x10009a2c                _fini
 .fini.__stub   0x10009a30       0xe0 linker stubs
 *crtbegin.o(.ctors)
 *crtbegin?.o(.ctors)
 *(EXCLUDE_FILE(*crtend.o *crtend?.o) .ctors)
 *(SORT_BY_NAME(.ctors.*))
 *(.ctors)
 *crtbegin.o(.dtors)
 *crtbegin?.o(.dtors)
 *(EXCLUDE_FILE(*crtend.o *crtend?.o) .dtors)
 *(SORT_BY_NAME(.dtors.*))
 *(.dtors)
 *(.eh_frame*)
 .eh_frame      0x10009b10        0x0 c:/progra~1/raspbe~1/picosd~1.1/gcc-ar~1/bin/../lib/gcc/arm-none-eabi/10.3.1/thumb/v6-m/nofp/crtbegin.o
                0x10009b10                . = ALIGN (0x4)

.glue_7         0x10009b10        0x0
 .glue_7        0x10009b10        0x0 linker stubs

.glue_7t        0x10009b10        0x0
 .glue_7t       0x10009b10        0x0 linker stubs

.vfp11_veneer   0x10009b10        0x0
 .vfp11_veneer  0x10009b10        0x0 linker stubs

.v4_bx          0x10009b10        0x0
 .v4_bx         0x10009b10        0x0 linker stubs

.iplt           0x10009b10        0x0
 .iplt          0x10009b10        0x0 c:/progra~1/raspbe~1/picosd~1.1/gcc-ar~1/bin/../lib/gcc/arm-none-eabi/10.3.1/thumb/v6-m/nofp/crtbegin.o

.rodata         0x10009b10     0x2234
 *(EXCLUDE_FILE(*libm.a: *libc.a:*lib_a-mem*.o *libgcc.a:) .rodata*)
 .rodata.joybus_itf_poll
                0x10009b10      0x100 CMakeFiles/lodgenet_gc_adapter_rp2040.dir/main.c.obj
 .rodata.desc_bos
                0x10009c10       0x39 CMakeFiles/lodgenet_gc_adapter_rp2040.dir/common/usb/desc_bos.c.obj
                0x10009c10                desc_bos
 *fill*         0x10009c49        0x3 
 .rodata.desc_ms_os_20
                0x10009c4c       0xb2 CMakeFiles/lodgenet_gc_adapter_rp2040.dir/common/usb/desc_bos.c.obj
                0x10009c4c                desc_ms_os_20
 *fill*         0x10009cfe        0x2 
 .rodata.tud_vendor_rx_cb.str1.4
                0x10009d00       0x16 CMakeFiles/lodgenet_gc_adapter_rp2040.dir/common/adapter_tusb.c.obj
 *fill*         0x10009d16        0x2 
 .rodata.tud_vendor_control_xfer_cb.str1.4
                0x10009d18       0x13 CMakeFiles/lodgenet_gc_adapter_rp2040.dir/common/adapter_tusb.c.obj
 *fill*         0x10009d2b        0x1 
 .rodata.MS_OS_Descriptor
                0x10009d2c       0x12 CMakeFiles/lodgenet_gc_adapter_rp2040.dir/common/adapter_tusb.c.obj
 *fill*         0x10009d3e        0x2 
 .rodata.desc_url
                0x10009d40       0x20 CMakeFiles/lodgenet_gc_adapter_rp2040.dir/common/adapter_tusb.c.obj
                0x10009d40                desc_url
 .rodata.str1.4
                0x10009d60       0x4b CMakeFiles/lodgenet_gc_adapter_rp2040.dir/common/adapter_defines.c.obj
 *fill*         0x10009dab        0x1 
 .rodata.settings_load.str1.4
                0x10009dac       0x2f CMakeFiles/lodgenet_gc_adapter_rp2040.dir/common/adapter_settings.c.obj
 *fill*         0x10009ddb        0x1 
 .rodata.tud_xinput_driver
                0x10009ddc       0x18 CMakeFiles/lodgenet_gc_adapter_rp2040.dir/common/usb/xinput_driver.c.obj
                0x10009ddc                tud_xinput_driver
 .rodata.xid_configuration_descriptor
                0x10009df4       0x30 CMakeFiles/lodgenet_gc_adapter_rp2040.dir/common/usb/xinput_driver.c.obj
                0x10009df4                xid_configuration_descriptor
 .rodata.xid_device_descriptor
                0x10009e24       0x12 CMakeFiles/lodgenet_gc_adapter_rp2040.dir/common/usb/xinput_driver.c.obj
                0x10009e24                xid_device_descriptor
 *fill*         0x10009e36        0x2 
 .rodata.ginputd_control_xfer_cb
                0x10009e38       0x30 CMakeFiles/lodgenet_gc_adapter_rp2040.dir/common/usb/ginput_driver.c.obj
 .rodata.gc_hid_report_descriptor
                0x10009e68       0x6a CMakeFiles/lodgenet_gc_adapter_rp2040.dir/common/usb/ginput_driver.c.obj
                0x10009e68                gc_hid_report_descriptor
 *fill*         0x10009ed2        0x2 
 .rodata.ginput_configuration_descriptor
                0x10009ed4       0x29 CMakeFiles/lodgenet_gc_adapter_rp2040.dir/common/usb/ginput_driver.c.obj
                0x10009ed4                ginput_configuration_descriptor
 *fill*         0x10009efd        0x3 
 .rodata.ginput_device_descriptor
                0x10009f00       0x12 CMakeFiles/lodgenet_gc_adapter_rp2040.dir/common/usb/ginput_driver.c.obj
                0x10009f00                ginput_device_descriptor
 *fill*         0x10009f12        0x2 
 .rodata.ginputslippi_configuration_descriptor
                0x10009f14       0x29 CMakeFiles/lodgenet_gc_adapter_rp2040.dir/common/usb/ginput_driver.c.obj
                0x10009f14                ginputslippi_configuration_descriptor
 *fill*         0x10009f3d        0x3 
 .rodata.tud_ginput_driver
                0x10009f40       0x18 CMakeFiles/lodgenet_gc_adapter_rp2040.dir/common/usb/ginput_driver.c.obj
                0x10009f40                tud_ginput_driver
 .rodata.info_handler.str1.4